08-15 18:12:43.955  1732  1732 E HWComposer: getLayerReleaseFence failed for display -1: Invalid display
08-15 18:12:43.955  1732  1732 I chatty  : uid=1000(system) /system/bin/surfaceflinger identical 1 line
08-15 18:12:43.955  1732  1732 E HWComposer: getLayerReleaseFence failed for display -1: Invalid display
08-15 18:12:43.957  1732  1732 D EGL_emulation: eglMakeCurrent: 0xe85a0a80: ver 2 0 (tinfo 0xe859c310)
08-15 18:12:43.963  1732  1732 D EGL_emulation: eglMakeCurrent: 0xe85a0a80: ver 2 0 (tinfo 0xe859c310)
08-15 18:12:43.963  1732  2377 W SurfaceFlinger: Attempting to set client state on removed layer: com.learn.engspanish/com.google.android.gms.ads.AdActivity#0
08-15 18:12:43.964  1732  2377 W SurfaceFlinger: Attempting to destroy on removed layer: com.learn.engspanish/com.google.android.gms.ads.AdActivity#0
08-15 18:12:43.967  1732  1732 D EGL_emulation: eglMakeCurrent: 0xe85a0a80: ver 2 0 (tinfo 0xe859c310)
08-15 18:12:43.969  1732  1732 D EGL_emulation: eglMakeCurrent: 0xe85a0a80: ver 2 0 (tinfo 0xe859c310)
08-15 18:12:43.970  1732  1732 E HWComposer: getLayerReleaseFence failed for display -1: Invalid display
08-15 18:12:43.970  1732  1732 I chatty  : uid=1000(system) /system/bin/surfaceflinger identical 1 line
08-15 18:12:43.970  1732  1732 E HWComposer: getLayerReleaseFence failed for display -1: Invalid display
08-15 18:12:43.974  1732  1732 D EGL_emulation: eglMakeCurrent: 0xe85a0a80: ver 2 0 (tinfo 0xe859c310)
08-15 18:12:43.978  1766  1778 D gralloc_ranchu: gralloc_unregister_buffer: exiting HostConnection (is buffer-handling thread)
08-15 18:12:43.978  1766  1778 D         : HostConnection::get() New Host Connection established 0xf27403c0, tid 1778
08-15 18:12:43.978  1766  1778 D gralloc_ranchu: gralloc_unregister_buffer: exiting HostConnection (is buffer-handling thread)
08-15 18:12:43.978  1766  1778 D         : HostConnection::get() New Host Connection established 0xf27403c0, tid 1778
08-15 18:12:43.979  1766  1778 D gralloc_ranchu: gralloc_unregister_buffer: exiting HostConnection (is buffer-handling thread)
08-15 18:12:43.979  1766  1778 D         : HostConnection::get() New Host Connection established 0xf27403c0, tid 1778
08-15 18:12:43.979  1766  1778 D gralloc_ranchu: gralloc_unregister_buffer: exiting HostConnection (is buffer-handling thread)
08-15 18:12:43.980  1766  1778 D         : HostConnection::get() New Host Connection established 0xf27403c0, tid 1778
08-15 18:12:43.980  1766  1778 D gralloc_ranchu: gralloc_unregister_buffer: exiting HostConnection (is buffer-handling thread)
08-15 18:12:43.980  1766  1778 D         : HostConnection::get() New Host Connection established 0xf27403c0, tid 1778
08-15 18:12:43.980  1766  1778 D gralloc_ranchu: gralloc_unregister_buffer: exiting HostConnection (is buffer-handling thread)
08-15 18:12:43.981  1732  1732 D EGL_emulation: eglMakeCurrent: 0xe85a0a80: ver 2 0 (tinfo 0xe859c310)
08-15 18:12:43.983  1732  1732 I chatty  : uid=1000(system) /system/bin/surfaceflinger identical 1 line
08-15 18:12:43.985  1732  1732 D EGL_emulation: eglMakeCurrent: 0xe85a0a80: ver 2 0 (tinfo 0xe859c310)
08-15 18:12:43.985  1732  1732 E HWComposer: getLayerReleaseFence failed for display -1: Invalid display
08-15 18:12:43.986  1732  1732 E HWComposer: getLayerReleaseFence failed for display -1: Invalid display
08-15 18:12:43.986  1766  1778 D         : HostConnection::get() New Host Connection established 0xf27403c0, tid 1778
08-15 18:12:43.991  1732  1732 D EGL_emulation: eglMakeCurrent: 0xe85a0a80: ver 2 0 (tinfo 0xe859c310)
08-15 18:12:44.267 25809 25809 D AndroidRuntime: >>>>>> START com.android.internal.os.RuntimeInit uid 2000 <<<<<<
08-15 18:12:44.308 24910 24952 D com.facebook.FacebookSdk: getGraphApiVersion: v3.2
08-15 18:12:44.381  1891  1997 I GnssLocationProvider: WakeLock acquired by sendMessage(REPORT_SV_STATUS, 0, com.android.server.location.GnssLocationProvider$SvStatusInfo@1ec4e07)
08-15 18:12:44.381  1891  1904 I GnssLocationProvider: WakeLock released by handleMessage(REPORT_SV_STATUS, 0, com.android.server.location.GnssLocationProvider$SvStatusInfo@1ec4e07)
08-15 18:12:44.404 25809 25809 W app_process: Unexpected CPU variant for X86 using defaults: x86
08-15 18:12:44.408 25809 25809 I app_process: The ClassLoaderContext is a special shared library.
08-15 18:12:44.415 25809 25809 W app_process: CheckJNI: method to register "write" not in the given class. This is slow, consider changing your RegisterNatives calls.
08-15 18:12:44.415 25809 25809 I chatty  : uid=2000(shell) main identical 42 lines
08-15 18:12:44.415 25809 25809 W app_process: CheckJNI: method to register "write" not in the given class. This is slow, consider changing your RegisterNatives calls.
08-15 18:12:44.415 25809 25809 W app_process: CheckJNI: method to register "write_non_chained" not in the given class. This is slow, consider changing your RegisterNatives calls.
08-15 18:12:44.415 25809 25809 I chatty  : uid=2000(shell) main identical 7 lines
08-15 18:12:44.415 25809 25809 W app_process: CheckJNI: method to register "write_non_chained" not in the given class. This is slow, consider changing your RegisterNatives calls.
08-15 18:12:44.474 25809 25809 D AndroidRuntime: Calling main entry com.android.commands.input.Input
08-15 18:12:44.477 25809 25809 I Input   : injectKeyEvent: KeyEvent { action=ACTION_DOWN, keyCode=KEYCODE_MENU, scanCode=0, metaState=0, flags=0x0, repeatCount=0, eventTime=153735681, downTime=153735681, deviceId=-1, source=0x101 }
08-15 18:12:44.498 25809 25809 I Input   : injectKeyEvent: KeyEvent { action=ACTION_UP, keyCode=KEYCODE_MENU, scanCode=0, metaState=0, flags=0x0, repeatCount=0, eventTime=153735681, downTime=153735681, deviceId=-1, source=0x101 }
08-15 18:12:44.519 25809 25809 D AndroidRuntime: Shutting down VM
08-15 18:12:44.830  1891  5792 I ActivityManager: START u0 {cmp=com.learn.engspanish/.MainActivity} from uid 10392
08-15 18:12:44.840  1732  1732 D EGL_emulation: eglMakeCurrent: 0xe85a0a80: ver 2 0 (tinfo 0xe859c310)
08-15 18:12:44.853  1732  1732 D EGL_emulation: eglMakeCurrent: 0xe85a0a80: ver 2 0 (tinfo 0xe859c310)
08-15 18:12:44.855 24910 24910 I System.out: CALLBACK_SLC: SLICING: ZZZ-1ZZZandroid.arch.lifecycle.ReportFragmentZZZonPauseZZZ__inst__ZZZspecialinvoke $r0.<android.app.Fragment: void onPause()>()
08-15 18:12:44.855 24910 24910 I System.out: CALLBACK_SLC: SLICING: ZZZ-1ZZZandroid.arch.lifecycle.ReportFragmentZZZonPauseZZZ__inst__ZZZ$r1 = <android.arch.lifecycle.Lifecycle$Event: android.arch.lifecycle.Lifecycle$Event ON_PAUSE>
08-15 18:12:44.855 24910 24910 I System.out: CALLBACK_SLC: SLICING: ZZZ-1ZZZandroid.arch.lifecycle.ReportFragmentZZZonPauseZZZ__inst__ZZZspecialinvoke $r0.<android.arch.lifecycle.ReportFragment: void dispatch(android.arch.lifecycle.Lifecycle$Event)>($r1)
08-15 18:12:44.855 24910 24910 I System.out: SLICING: ZZZ-1ZZZandroid.arch.lifecycle.ReportFragmentZZZdispatchZZZ__inst__ZZZ$r2 = virtualinvoke $r0.<android.arch.lifecycle.ReportFragment: android.app.Activity getActivity()>()
08-15 18:12:44.855 24910 24910 I System.out: SLICING: ZZZ-1ZZZandroid.arch.lifecycle.ReportFragmentZZZdispatchZZZ__inst__ZZZ$z0 = $r2 instanceof android.arch.lifecycle.LifecycleRegistryOwner
08-15 18:12:44.855 24910 24910 I System.out: CAUGHTInstSLICING: ZZZ-1ZZZandroid.arch.lifecycle.ReportFragmentZZZdispatchZZZ__inst__ZZZif $z0 == 0 goto $z0 = $r2 instanceof android.arch.lifecycle.LifecycleOwner
08-15 18:12:44.855 24910 24910 I System.out: SLICING: ZZZ-1ZZZandroid.arch.lifecycle.ReportFragmentZZZdispatchZZZ__inst__ZZZ$z0 = $r2 instanceof android.arch.lifecycle.LifecycleOwner
08-15 18:12:44.855 24910 24910 I System.out: CAUGHTInstSLICING: ZZZ-1ZZZandroid.arch.lifecycle.ReportFragmentZZZdispatchZZZ__inst__ZZZif $z0 == 0 goto return
08-15 18:12:44.856 24910 24910 I System.out: SLICING: ZZZ-1ZZZandroid.arch.lifecycle.ReportFragmentZZZdispatchZZZ__inst__ZZZ$r5 = (android.arch.lifecycle.LifecycleOwner) $r2
08-15 18:12:44.856  1732  1732 D EGL_emulation: eglMakeCurrent: 0xe85a0a80: ver 2 0 (tinfo 0xe859c310)
08-15 18:12:44.856 24910 24910 I System.out: SLICING: ZZZ-1ZZZandroid.arch.lifecycle.ReportFragmentZZZdispatchZZZ__inst__ZZZ$r6 = interfaceinvoke $r5.<android.arch.lifecycle.LifecycleOwner: android.arch.lifecycle.Lifecycle getLifecycle()>()
08-15 18:12:44.856 24910 24910 I System.out: SLICING: ZZZ-1ZZZandroid.arch.lifecycle.ReportFragmentZZZdispatchZZZ__inst__ZZZ$z0 = $r6 instanceof android.arch.lifecycle.LifecycleRegistry
08-15 18:12:44.856 24910 24910 I System.out: CAUGHTInstSLICING: ZZZ-1ZZZandroid.arch.lifecycle.ReportFragmentZZZdispatchZZZ__inst__ZZZif $z0 == 0 goto return
08-15 18:12:44.857  1732  1732 E HWComposer: getLayerReleaseFence failed for display -1: Invalid display
08-15 18:12:44.857  1732  1732 E HWComposer: getLayerReleaseFence failed for display -1: Invalid display
08-15 18:12:44.856 24910 24910 I System.out: SLICING: ZZZ-1ZZZandroid.arch.lifecycle.ReportFragmentZZZdispatchZZZ__inst__ZZZ$r4 = (android.arch.lifecycle.LifecycleRegistry) $r6
08-15 18:12:44.857 24910 24910 I System.out: SLICING: ZZZ-1ZZZandroid.arch.lifecycle.ReportFragmentZZZdispatchZZZ__inst__ZZZvirtualinvoke $r4.<android.arch.lifecycle.LifecycleRegistry: void handleLifecycleEvent(android.arch.lifecycle.Lifecycle$Event)>($r1)
08-15 18:12:44.857 24910 24910 I System.out: SLICING: ZZZ-1ZZZandroid.arch.lifecycle.LifecycleRegistryZZZhandleLifecycleEventZZZ__inst__ZZZ$r1 = staticinvoke <android.arch.lifecycle.LifecycleRegistry: android.arch.lifecycle.Lifecycle$State getStateAfter(android.arch.lifecycle.Lifecycle$Event)>($r2)
08-15 18:12:44.857 24910 24910 I System.out: SLICING: ZZZ-1ZZZandroid.arch.lifecycle.LifecycleRegistryZZZgetStateAfterZZZ__inst__ZZZ$r1 = <android.arch.lifecycle.LifecycleRegistry$1: int[] $SwitchMap$android$arch$lifecycle$Lifecycle$Event>
08-15 18:12:44.857 24910 24910 I System.out: SLICING: ZZZ-1ZZZandroid.arch.lifecycle.LifecycleRegistryZZZgetStateAfterZZZ__inst__ZZZ$i0 = virtualinvoke $r0.<android.arch.lifecycle.Lifecycle$Event: int ordinal()>()
08-15 18:12:44.857 24910 24910 I System.out: SLICING: ZZZ-1ZZZandroid.arch.lifecycle.LifecycleRegistryZZZgetStateAfterZZZ__inst__ZZZ$i0 = $r1[$i0]
08-15 18:12:44.857 24910 24910 I System.out: CAUGHTInstSLICING: ZZZ-1ZZZandroid.arch.lifecycle.LifecycleRegistryZZZgetStateAfterZZZ__inst__ZZZlookupswitch($i0) {     case 1: goto r5 = <android.arch.lifecycle.Lifecycle$State: android.arch.lifecycle.Lifecycle$State CREATED>;     case 2: goto r5 = <android.arch.lifecycle.Lifecycle$State: android.arch.lifecycle.Lifecycle$State CREATED>;     case 3: goto r5 = <android.arch.lifecycle.Lifecycle$State: android.arch.lifecycle.Lifecycle$State STARTED>;     case 4: goto r5 = <android.arch.lifecycle.Lifecycle$State: android.arch.lifecycle.Lifecycle$State STARTED>;     case 5: goto r5 = <android.arch.lifecycle.Lifecycle$State: android.arch.lifecycle.Lifecycle$State RESUMED>;     case 6: goto r5 = <android.arch.lifecycle.Lifecycle$State: android.arch.lifecycle.Lifecycle$State DESTROYED>;     default: goto $r2 = new java.lang.IllegalArgumentException; }
08-15 18:12:44.857 24910 24910 I System.out: SLICING: ZZZ-1ZZZandroid.arch.lifecycle.LifecycleRegistryZZZgetStateAfterZZZ__inst__ZZZr5 = <android.arch.lifecycle.Lifecycle$State: android.arch.lifecycle.Lifecycle$State STARTED>
08-15 18:12:44.857 24910 24910 I System.out: SLICING: ZZZ-1ZZZandroid.arch.lifecycle.LifecycleRegistryZZZhandleLifecycleEventZZZ__inst__ZZZspecialinvoke $r0.<android.arch.lifecycle.LifecycleRegistry: void moveToState(android.arch.lifecycle.Lifecycle$State)>($r1)
08-15 18:12:44.857 24910 24910 I System.out: SLICING: ZZZ-1ZZZandroid.arch.lifecycle.LifecycleRegistryZZZmoveToStateZZZ__inst__ZZZ$r2 = $r0.<android.arch.lifecycle.LifecycleRegistry: android.arch.lifecycle.Lifecycle$State mState>
08-15 18:12:44.857 24910 24910 I System.out: CAUGHTInstSLICING: ZZZ-1ZZZandroid.arch.lifecycle.LifecycleRegistryZZZmoveToStateZZZ__inst__ZZZif $r2 != $r1 goto $r0.<android.arch.lifecycle.LifecycleRegistry: android.arch.lifecycle.Lifecycle$State mState> = $r1
08-15 18:12:44.857 24910 24910 I System.out: SLICING: ZZZ-1ZZZandroid.arch.lifecycle.LifecycleRegistryZZZmoveToStateZZZ__inst__ZZZ$r0.<android.arch.lifecycle.LifecycleRegistry: android.arch.lifecycle.Lifecycle$State mState> = $r1
08-15 18:12:44.857 24910 24910 I System.out: SLICING: ZZZ-1ZZZandroid.arch.lifecycle.LifecycleRegistryZZZmoveToStateZZZ__inst__ZZZ$z0 = $r0.<android.arch.lifecycle.LifecycleRegistry: boolean mHandlingEvent>
08-15 18:12:44.857 24910 24910 I System.out: CAUGHTInstSLICING: ZZZ-1ZZZandroid.arch.lifecycle.LifecycleRegistryZZZmoveToStateZZZ__inst__ZZZif $z0 != 0 goto $r0.<android.arch.lifecycle.LifecycleRegistry: boolean mNewEventOccurred> = 1
08-15 18:12:44.857 24910 24910 I System.out: SLICING: ZZZ-1ZZZandroid.arch.lifecycle.LifecycleRegistryZZZmoveToStateZZZ__inst__ZZZ$i0 = $r0.<android.arch.lifecycle.LifecycleRegistry: int mAddingObserverCounter>
08-15 18:12:44.857 24910 24910 I System.out: CAUGHTInstSLICING: ZZZ-1ZZZandroid.arch.lifecycle.LifecycleRegistryZZZmoveToStateZZZ__inst__ZZZif $i0 == 0 goto $r0.<android.arch.lifecycle.LifecycleRegistry: boolean mHandlingEvent> = 1
08-15 18:12:44.857 24910 24910 I System.out: SLICING: ZZZ-1ZZZandroid.arch.lifecycle.LifecycleRegistryZZZmoveToStateZZZ__inst__ZZZ$r0.<android.arch.lifecycle.LifecycleRegistry: boolean mHandlingEvent> = 1
08-15 18:12:44.857 24910 24910 I System.out: SLICING: ZZZ-1ZZZandroid.arch.lifecycle.LifecycleRegistryZZZmoveToStateZZZ__inst__ZZZspecialinvoke $r0.<android.arch.lifecycle.LifecycleRegistry: void sync()>()
08-15 18:12:44.857 24910 24910 I System.out: SLICING: ZZZ-1ZZZandroid.arch.lifecycle.LifecycleRegistryZZZsyncZZZ__inst__ZZZ$r1 = $r0.<android.arch.lifecycle.LifecycleRegistry: java.lang.ref.WeakReference mLifecycleOwner>
08-15 18:12:44.857 24910 24910 I System.out: SLICING: ZZZ-1ZZZandroid.arch.lifecycle.LifecycleRegistryZZZsyncZZZ__inst__ZZZ$r2 = virtualinvoke $r1.<java.lang.ref.WeakReference: java.lang.Object get()>()
08-15 18:12:44.857 24910 24910 I System.out: SLICING: ZZZ-1ZZZandroid.arch.lifecycle.LifecycleRegistryZZZsyncZZZ__inst__ZZZ$r3 = (android.arch.lifecycle.LifecycleOwner) $r2
08-15 18:12:44.857 24910 24910 I System.out: CAUGHTInstSLICING: ZZZ-1ZZZandroid.arch.lifecycle.LifecycleRegistryZZZsyncZZZ__inst__ZZZif $r3 != null goto $z0 = specialinvoke $r0.<android.arch.lifecycle.LifecycleRegistry: boolean isSynced()>()
08-15 18:12:44.857 24910 24910 I System.out: SLICING: ZZZ-1ZZZandroid.arch.lifecycle.LifecycleRegistryZZZsyncZZZ__inst__ZZZ$z0 = specialinvoke $r0.<android.arch.lifecycle.LifecycleRegistry: boolean isSynced()>()
08-15 18:12:44.857 24910 24910 I System.out: SLICING: ZZZ-1ZZZandroid.arch.lifecycle.LifecycleRegistryZZZisSyncedZZZ__inst__ZZZ$r1 = $r0.<android.arch.lifecycle.LifecycleRegistry: android.arch.core.internal.FastSafeIterableMap mObserverMap>
08-15 18:12:44.857 24910 24910 I System.out: SLICING: ZZZ-1ZZZandroid.arch.lifecycle.LifecycleRegistryZZZisSyncedZZZ__inst__ZZZ$i0 = virtualinvoke $r1.<android.arch.core.internal.FastSafeIterableMap: int size()>()
08-15 18:12:44.857 24910 24910 I System.out: SLICING: ZZZ-1ZZZandroid.arch.core.internal.SafeIterableMapZZZsizeZZZ__inst__ZZZi0 = $r0.<android.arch.core.internal.SafeIterableMap: int mSize>
08-15 18:12:44.857 24910 24910 I System.out: CAUGHTInstSLICING: ZZZ-1ZZZandroid.arch.lifecycle.LifecycleRegistryZZZisSyncedZZZ__inst__ZZZif $i0 != 0 goto $r1 = $r0.<android.arch.lifecycle.LifecycleRegistry: android.arch.core.internal.FastSafeIterableMap mObserverMap>
08-15 18:12:44.857 24910 24910 I System.out: CAUGHTInstSLICING: ZZZ-1ZZZandroid.arch.lifecycle.LifecycleRegistryZZZsyncZZZ__inst__ZZZif $z0 != 0 goto $r0.<android.arch.lifecycle.LifecycleRegistry: boolean mNewEventOccurred> = 0
08-15 18:12:44.857 24910 24910 I System.out: SLICING: ZZZ-1ZZZandroid.arch.lifecycle.LifecycleRegistryZZZsyncZZZ__inst__ZZZ$r0.<android.arch.lifecycle.LifecycleRegistry: boolean mNewEventOccurred> = 0
08-15 18:12:44.857 24910 24910 I System.out: SLICING: ZZZ-1ZZZandroid.arch.lifecycle.LifecycleRegistryZZZmoveToStateZZZ__inst__ZZZ$r0.<android.arch.lifecycle.LifecycleRegistry: boolean mHandlingEvent> = 0
08-15 18:12:44.858  1732  1732 D EGL_emulation: eglMakeCurrent: 0xe85a0a80: ver 2 0 (tinfo 0xe859c310)
08-15 18:12:44.858 24910 24910 D FacebookSDK.com.facebook.appevents.internal.ActivityLifecycleTracker: onActivityPaused
08-15 18:12:44.865  1891  1904 E memtrack: Couldn't load memtrack module
08-15 18:12:44.865  1891  1904 W android.os.Debug: failed to get memory consumption info: -1
08-15 18:12:44.869 24910 24910 W ActivityThread: handleWindowVisibility: no activity for token android.os.BinderProxy@b962033
08-15 18:12:44.874 24910 24910 I System.out: SLICING: ZZZ-1ZZZandroid.arch.lifecycle.LifecycleRegistryZZZ<init>ZZZ__inst__ZZZspecialinvoke $r0.<android.arch.lifecycle.Lifecycle: void <init>()>()
08-15 18:12:44.875 24910 24910 I System.out: CALLBACK_SLC: SLICING: ZZZ-1ZZZandroid.arch.lifecycle.LifecycleZZZ<init>ZZZ__inst__ZZZspecialinvoke $r0.<java.lang.Object: void <init>()>()
08-15 18:12:44.875 24910 24910 I System.out: SLICING: ZZZ-1ZZZandroid.arch.lifecycle.LifecycleRegistryZZZ<init>ZZZ__inst__ZZZ$r2 = new android.arch.core.internal.FastSafeIterableMap
08-15 18:12:44.875 24910 24910 I System.out: SLICING: ZZZ-1ZZZandroid.arch.lifecycle.LifecycleRegistryZZZ<init>ZZZ__inst__ZZZspecialinvoke $r2.<android.arch.core.internal.FastSafeIterableMap: void <init>()>()
08-15 18:12:44.875 24910 24910 I System.out: SLICING: ZZZ-1ZZZandroid.arch.core.internal.FastSafeIterableMapZZZ<init>ZZZ__inst__ZZZspecialinvoke $r0.<android.arch.core.internal.SafeIterableMap: void <init>()>()
08-15 18:12:44.876 24910 24910 I System.out: SLICING: ZZZ-1ZZZandroid.arch.core.internal.SafeIterableMapZZZ<init>ZZZ__inst__ZZZspecialinvoke $r0.<java.lang.Object: void <init>()>()
08-15 18:12:44.876 24910 24910 I System.out: SLICING: ZZZ-1ZZZandroid.arch.core.internal.SafeIterableMapZZZ<init>ZZZ__inst__ZZZ$r1 = new java.util.WeakHashMap
08-15 18:12:44.876 24910 24910 I System.out: SLICING: ZZZ-1ZZZandroid.arch.core.internal.SafeIterableMapZZZ<init>ZZZ__inst__ZZZspecialinvoke $r1.<java.util.WeakHashMap: void <init>()>()
08-15 18:12:44.876 24910 24910 I System.out: SLICING: ZZZ-1ZZZandroid.arch.core.internal.SafeIterableMapZZZ<init>ZZZ__inst__ZZZ$r0.<android.arch.core.internal.SafeIterableMap: java.util.WeakHashMap mIterators> = $r1
08-15 18:12:44.876 24910 24910 I System.out: SLICING: ZZZ-1ZZZandroid.arch.core.internal.SafeIterableMapZZZ<init>ZZZ__inst__ZZZ$r0.<android.arch.core.internal.SafeIterableMap: int mSize> = 0
08-15 18:12:44.876 24910 24910 I System.out: SLICING: ZZZ-1ZZZandroid.arch.core.internal.FastSafeIterableMapZZZ<init>ZZZ__inst__ZZZ$r1 = new java.util.HashMap
08-15 18:12:44.876 24910 24910 I System.out: SLICING: ZZZ-1ZZZandroid.arch.core.internal.FastSafeIterableMapZZZ<init>ZZZ__inst__ZZZspecialinvoke $r1.<java.util.HashMap: void <init>()>()
08-15 18:12:44.876 24910 24910 I System.out: SLICING: ZZZ-1ZZZandroid.arch.core.internal.FastSafeIterableMapZZZ<init>ZZZ__inst__ZZZ$r0.<android.arch.core.internal.FastSafeIterableMap: java.util.HashMap mHashMap> = $r1
08-15 18:12:44.876 24910 24910 I System.out: SLICING: ZZZ-1ZZZandroid.arch.lifecycle.LifecycleRegistryZZZ<init>ZZZ__inst__ZZZ$r0.<android.arch.lifecycle.LifecycleRegistry: android.arch.core.internal.FastSafeIterableMap mObserverMap> = $r2
08-15 18:12:44.876 24910 24910 I System.out: SLICING: ZZZ-1ZZZandroid.arch.lifecycle.LifecycleRegistryZZZ<init>ZZZ__inst__ZZZ$r0.<android.arch.lifecycle.LifecycleRegistry: int mAddingObserverCounter> = 0
08-15 18:12:44.876 24910 24910 I System.out: SLICING: ZZZ-1ZZZandroid.arch.lifecycle.LifecycleRegistryZZZ<init>ZZZ__inst__ZZZ$r0.<android.arch.lifecycle.LifecycleRegistry: boolean mHandlingEvent> = 0
08-15 18:12:44.876 24910 24910 I System.out: SLICING: ZZZ-1ZZZandroid.arch.lifecycle.LifecycleRegistryZZZ<init>ZZZ__inst__ZZZ$r0.<android.arch.lifecycle.LifecycleRegistry: boolean mNewEventOccurred> = 0
08-15 18:12:44.876 24910 24910 I System.out: SLICING: ZZZ-1ZZZandroid.arch.lifecycle.LifecycleRegistryZZZ<init>ZZZ__inst__ZZZ$r3 = new java.util.ArrayList
08-15 18:12:44.876 24910 24910 I System.out: SLICING: ZZZ-1ZZZandroid.arch.lifecycle.LifecycleRegistryZZZ<init>ZZZ__inst__ZZZspecialinvoke $r3.<java.util.ArrayList: void <init>()>()
08-15 18:12:44.876 24910 24910 I System.out: SLICING: ZZZ-1ZZZandroid.arch.lifecycle.LifecycleRegistryZZZ<init>ZZZ__inst__ZZZ$r0.<android.arch.lifecycle.LifecycleRegistry: java.util.ArrayList mParentStates> = $r3
08-15 18:12:44.876 24910 24910 I System.out: SLICING: ZZZ-1ZZZandroid.arch.lifecycle.LifecycleRegistryZZZ<init>ZZZ__inst__ZZZ$r4 = new java.lang.ref.WeakReference
08-15 18:12:44.876 24910 24910 I System.out: SLICING: ZZZ-1ZZZandroid.arch.lifecycle.LifecycleRegistryZZZ<init>ZZZ__inst__ZZZspecialinvoke $r4.<java.lang.ref.WeakReference: void <init>(java.lang.Object)>($r1)
08-15 18:12:44.876 24910 24910 I System.out: SLICING: ZZZ-1ZZZandroid.arch.lifecycle.LifecycleRegistryZZZ<init>ZZZ__inst__ZZZ$r0.<android.arch.lifecycle.LifecycleRegistry: java.lang.ref.WeakReference mLifecycleOwner> = $r4
08-15 18:12:44.876 24910 24910 I System.out: SLICING: ZZZ-1ZZZandroid.arch.lifecycle.LifecycleRegistryZZZ<init>ZZZ__inst__ZZZ$r5 = <android.arch.lifecycle.Lifecycle$State: android.arch.lifecycle.Lifecycle$State INITIALIZED>
08-15 18:12:44.876 24910 24910 I System.out: SLICING: ZZZ-1ZZZandroid.arch.lifecycle.LifecycleRegistryZZZ<init>ZZZ__inst__ZZZ$r0.<android.arch.lifecycle.LifecycleRegistry: android.arch.lifecycle.Lifecycle$State mState> = $r5
08-15 18:12:44.880 24910 24910 I TwilightManager: Could not get last known location. This is probably because the app does not have any location permissions. Falling back to hardcoded sunrise/sunset values.
08-15 18:12:44.882 24910 24910 I TwilightManager: Could not get last known location. This is probably because the app does not have any location permissions. Falling back to hardcoded sunrise/sunset values.
08-15 18:12:44.884 24910 24910 D FacebookSDK.com.facebook.appevents.internal.ActivityLifecycleTracker: onActivityCreated
08-15 18:12:44.884 24910 24910 I System.out: SLICING: ZZZ-1ZZZandroid.arch.lifecycle.ReportFragmentZZZinjectIfNeededInZZZ__inst__ZZZ$r2 = virtualinvoke $r1.<android.app.Activity: android.app.FragmentManager getFragmentManager()>()
08-15 18:12:44.884 24910 24910 I System.out: SLICING: ZZZ-1ZZZandroid.arch.lifecycle.ReportFragmentZZZinjectIfNeededInZZZ__inst__ZZZ$r3 = virtualinvoke $r2.<android.app.FragmentManager: android.app.Fragment findFragmentByTag(java.lang.String)>("android.arch.lifecycle.LifecycleDispatcher.report_fragment_tag")
08-15 18:12:44.884 24910 24910 I System.out: CAUGHTInstSLICING: ZZZ-1ZZZandroid.arch.lifecycle.ReportFragmentZZZinjectIfNeededInZZZ__inst__ZZZif $r3 != null goto return
08-15 18:12:44.884 24910 24910 I System.out: SLICING: ZZZ-1ZZZandroid.arch.lifecycle.ReportFragmentZZZinjectIfNeededInZZZ__inst__ZZZ$r4 = virtualinvoke $r2.<android.app.FragmentManager: android.app.FragmentTransaction beginTransaction()>()
08-15 18:12:44.884 24910 24910 I System.out: SLICING: ZZZ-1ZZZandroid.arch.lifecycle.ReportFragmentZZZinjectIfNeededInZZZ__inst__ZZZ$r0 = new android.arch.lifecycle.ReportFragment
08-15 18:12:44.884 24910 24910 I System.out: SLICING: ZZZ-1ZZZandroid.arch.lifecycle.ReportFragmentZZZinjectIfNeededInZZZ__inst__ZZZspecialinvoke $r0.<android.arch.lifecycle.ReportFragment: void <init>()>()
08-15 18:12:44.884 24910 24910 I System.out: SLICING: ZZZ-1ZZZandroid.arch.lifecycle.ReportFragmentZZZ<init>ZZZ__inst__ZZZspecialinvoke $r0.<android.app.Fragment: void <init>()>()
08-15 18:12:44.884 24910 24910 I System.out: SLICING: ZZZ-1ZZZandroid.arch.lifecycle.ReportFragmentZZZinjectIfNeededInZZZ__inst__ZZZ$r4 = virtualinvoke $r4.<android.app.FragmentTransaction: android.app.FragmentTransaction add(android.app.Fragment,java.lang.String)>($r0, "android.arch.lifecycle.LifecycleDispatcher.report_fragment_tag")
08-15 18:12:44.886 24910 24910 I System.out: SLICING: ZZZ-1ZZZandroid.arch.lifecycle.ReportFragmentZZZinjectIfNeededInZZZ__inst__ZZZvirtualinvoke $r4.<android.app.FragmentTransaction: int commit()>()
08-15 18:12:44.886 24910 24910 I System.out: SLICING: ZZZ-1ZZZandroid.arch.lifecycle.ReportFragmentZZZinjectIfNeededInZZZ__inst__ZZZvirtualinvoke $r2.<android.app.FragmentManager: boolean executePendingTransactions()>()
08-15 18:12:44.969 24910 24986 W chromium: [WARNING:spdy_session.cc(3097)] Received HEADERS for invalid stream 19
08-15 18:12:44.971 24910 24910 D DynamitePackage: Instantiating com.google.android.gms.ads.ChimeraAdManagerCreatorImpl
08-15 18:12:44.988 24910 24910 I Ads     : This request is sent from a test device.
08-15 18:12:45.016 24910 24910 D FacebookSDK.AppEvents: Created app event '{"_eventName":"main_activity","_eventName_md5":"6eaa86b239583c39af77175f74d978b0","_logTime":1565892765,"_ui":"unknown","_session_id":"fe60332a-64cb-48d7-860b-71f00e36482c"}'
08-15 18:12:45.072 24910 24910 D FBAudienceNetwork: SDK dex loading time: 49
08-15 18:12:45.106 24910 24910 E FBAudienceNetwork: You don't call AudienceNetworkAds.initialize(). Some functionality may not work properly.
08-15 18:12:45.128 24910 24910 D AdInternalSettings: Test mode device hash: bfa97875-7b15-4916-acca-942bbcfba769
08-15 18:12:45.129 24910 24910 D AdInternalSettings: When testing your app with Facebook's ad units you must specify the device hashed ID to ensure the delivery of test ads, add the following code before loading an ad: AdSettings.addTestDevice("bfa97875-7b15-4916-acca-942bbcfba769");
08-15 18:12:45.162 24910 24910 E FBAudienceNetwork: You are using custom Application class and don't call AudienceNetworkAds.isInAdsProcess(). Multi-process support will be disabled. Please call AudienceNetworkAds.isInAdsProcess() if you want to support multi-process mode.
08-15 18:12:45.167 24910 25842 E ActivityThread: Failed to find provider info for com.facebook.katana.provider.AttributionIdProvider
08-15 18:12:45.171 24910 24910 I System.out: CALLBACK_SLC: SLICING: ZZZ-1ZZZandroid.arch.lifecycle.ReportFragmentZZZonActivityCreatedZZZ__inst__ZZZspecialinvoke $r0.<android.app.Fragment: void onActivityCreated(android.os.Bundle)>($r1)
08-15 18:12:45.171 24910 24910 I System.out: CALLBACK_SLC: SLICING: ZZZ-1ZZZandroid.arch.lifecycle.ReportFragmentZZZonActivityCreatedZZZ__inst__ZZZ$r2 = $r0.<android.arch.lifecycle.ReportFragment: android.arch.lifecycle.ReportFragment$ActivityInitializationListener mProcessListener>
08-15 18:12:45.171 24910 24910 I System.out: CALLBACK_SLC: SLICING: ZZZ-1ZZZandroid.arch.lifecycle.ReportFragmentZZZonActivityCreatedZZZ__inst__ZZZspecialinvoke $r0.<android.arch.lifecycle.ReportFragment: void dispatchCreate(android.arch.lifecycle.ReportFragment$ActivityInitializationListener)>($r2)
08-15 18:12:45.171 24910 24910 I System.out: CAUGHTInstSLICING: ZZZ-1ZZZandroid.arch.lifecycle.ReportFragmentZZZdispatchCreateZZZ__inst__ZZZif $r1 == null goto return
08-15 18:12:45.171 24910 24910 I System.out: CALLBACK_SLC: SLICING: ZZZ-1ZZZandroid.arch.lifecycle.ReportFragmentZZZonActivityCreatedZZZ__inst__ZZZ$r3 = <android.arch.lifecycle.Lifecycle$Event: android.arch.lifecycle.Lifecycle$Event ON_CREATE>
08-15 18:12:45.171 24910 24910 I System.out: CALLBACK_SLC: SLICING: ZZZ-1ZZZandroid.arch.lifecycle.ReportFragmentZZZonActivityCreatedZZZ__inst__ZZZspecialinvoke $r0.<android.arch.lifecycle.ReportFragment: void dispatch(android.arch.lifecycle.Lifecycle$Event)>($r3)
08-15 18:12:45.171 24910 24910 I System.out: SLICING: ZZZ-1ZZZandroid.arch.lifecycle.ReportFragmentZZZdispatchZZZ__inst__ZZZ$r2 = virtualinvoke $r0.<android.arch.lifecycle.ReportFragment: android.app.Activity getActivity()>()
08-15 18:12:45.171 24910 24910 I System.out: SLICING: ZZZ-1ZZZandroid.arch.lifecycle.ReportFragmentZZZdispatchZZZ__inst__ZZZ$z0 = $r2 instanceof android.arch.lifecycle.LifecycleRegistryOwner
08-15 18:12:45.171 24910 24910 I System.out: CAUGHTInstSLICING: ZZZ-1ZZZandroid.arch.lifecycle.ReportFragmentZZZdispatchZZZ__inst__ZZZif $z0 == 0 goto $z0 = $r2 instanceof android.arch.lifecycle.LifecycleOwner
08-15 18:12:45.171 24910 24910 I System.out: SLICING: ZZZ-1ZZZandroid.arch.lifecycle.ReportFragmentZZZdispatchZZZ__inst__ZZZ$z0 = $r2 instanceof android.arch.lifecycle.LifecycleOwner
08-15 18:12:45.171 24910 24910 I System.out: CAUGHTInstSLICING: ZZZ-1ZZZandroid.arch.lifecycle.ReportFragmentZZZdispatchZZZ__inst__ZZZif $z0 == 0 goto return
08-15 18:12:45.171 24910 24910 I System.out: SLICING: ZZZ-1ZZZandroid.arch.lifecycle.ReportFragmentZZZdispatchZZZ__inst__ZZZ$r5 = (android.arch.lifecycle.LifecycleOwner) $r2
08-15 18:12:45.171 24910 24910 I System.out: SLICING: ZZZ-1ZZZandroid.arch.lifecycle.ReportFragmentZZZdispatchZZZ__inst__ZZZ$r6 = interfaceinvoke $r5.<android.arch.lifecycle.LifecycleOwner: android.arch.lifecycle.Lifecycle getLifecycle()>()
08-15 18:12:45.171 24910 24910 I System.out: SLICING: ZZZ-1ZZZandroid.arch.lifecycle.ReportFragmentZZZdispatchZZZ__inst__ZZZ$z0 = $r6 instanceof android.arch.lifecycle.LifecycleRegistry
08-15 18:12:45.171 24910 24910 I System.out: CAUGHTInstSLICING: ZZZ-1ZZZandroid.arch.lifecycle.ReportFragmentZZZdispatchZZZ__inst__ZZZif $z0 == 0 goto return
08-15 18:12:45.171 24910 24910 I System.out: SLICING: ZZZ-1ZZZandroid.arch.lifecycle.ReportFragmentZZZdispatchZZZ__inst__ZZZ$r4 = (android.arch.lifecycle.LifecycleRegistry) $r6
08-15 18:12:45.171 24910 24910 I System.out: SLICING: ZZZ-1ZZZandroid.arch.lifecycle.ReportFragmentZZZdispatchZZZ__inst__ZZZvirtualinvoke $r4.<android.arch.lifecycle.LifecycleRegistry: void handleLifecycleEvent(android.arch.lifecycle.Lifecycle$Event)>($r1)
08-15 18:12:45.171 24910 24910 I System.out: SLICING: ZZZ-1ZZZandroid.arch.lifecycle.LifecycleRegistryZZZhandleLifecycleEventZZZ__inst__ZZZ$r1 = staticinvoke <android.arch.lifecycle.LifecycleRegistry: android.arch.lifecycle.Lifecycle$State getStateAfter(android.arch.lifecycle.Lifecycle$Event)>($r2)
08-15 18:12:45.171 24910 24910 I System.out: SLICING: ZZZ-1ZZZandroid.arch.lifecycle.LifecycleRegistryZZZgetStateAfterZZZ__inst__ZZZ$r1 = <android.arch.lifecycle.LifecycleRegistry$1: int[] $SwitchMap$android$arch$lifecycle$Lifecycle$Event>
08-15 18:12:45.171 24910 24910 I System.out: SLICING: ZZZ-1ZZZandroid.arch.lifecycle.LifecycleRegistryZZZgetStateAfterZZZ__inst__ZZZ$i0 = virtualinvoke $r0.<android.arch.lifecycle.Lifecycle$Event: int ordinal()>()
08-15 18:12:45.171 24910 24910 I System.out: SLICING: ZZZ-1ZZZandroid.arch.lifecycle.LifecycleRegistryZZZgetStateAfterZZZ__inst__ZZZ$i0 = $r1[$i0]
08-15 18:12:45.171 24910 24910 I System.out: CAUGHTInstSLICING: ZZZ-1ZZZandroid.arch.lifecycle.LifecycleRegistryZZZgetStateAfterZZZ__inst__ZZZlookupswitch($i0) {     case 1: goto r5 = <android.arch.lifecycle.Lifecycle$State: android.arch.lifecycle.Lifecycle$State CREATED>;     case 2: goto r5 = <android.arch.lifecycle.Lifecycle$State: android.arch.lifecycle.Lifecycle$State CREATED>;     case 3: goto r5 = <android.arch.lifecycle.Lifecycle$State: android.arch.lifecycle.Lifecycle$State STARTED>;     case 4: goto r5 = <android.arch.lifecycle.Lifecycle$State: android.arch.lifecycle.Lifecycle$State STARTED>;     case 5: goto r5 = <android.arch.lifecycle.Lifecycle$State: android.arch.lifecycle.Lifecycle$State RESUMED>;     case 6: goto r5 = <android.arch.lifecycle.Lifecycle$State: android.arch.lifecycle.Lifecycle$State DESTROYED>;     default: goto $r2 = new java.lang.IllegalArgumentException; }
08-15 18:12:45.171 24910 24910 I System.out: SLICING: ZZZ-1ZZZandroid.arch.lifecycle.LifecycleRegistryZZZgetStateAfterZZZ__inst__ZZZr5 = <android.arch.lifecycle.Lifecycle$State: android.arch.lifecycle.Lifecycle$State CREATED>
08-15 18:12:45.171 24910 24910 I System.out: SLICING: ZZZ-1ZZZandroid.arch.lifecycle.LifecycleRegistryZZZhandleLifecycleEventZZZ__inst__ZZZspecialinvoke $r0.<android.arch.lifecycle.LifecycleRegistry: void moveToState(android.arch.lifecycle.Lifecycle$State)>($r1)
08-15 18:12:45.171 24910 24910 I System.out: SLICING: ZZZ-1ZZZandroid.arch.lifecycle.LifecycleRegistryZZZmoveToStateZZZ__inst__ZZZ$r2 = $r0.<android.arch.lifecycle.LifecycleRegistry: android.arch.lifecycle.Lifecycle$State mState>
08-15 18:12:45.171 24910 24910 I System.out: CAUGHTInstSLICING: ZZZ-1ZZZandroid.arch.lifecycle.LifecycleRegistryZZZmoveToStateZZZ__inst__ZZZif $r2 != $r1 goto $r0.<android.arch.lifecycle.LifecycleRegistry: android.arch.lifecycle.Lifecycle$State mState> = $r1
08-15 18:12:45.171 24910 24910 I System.out: SLICING: ZZZ-1ZZZandroid.arch.lifecycle.LifecycleRegistryZZZmoveToStateZZZ__inst__ZZZ$r0.<android.arch.lifecycle.LifecycleRegistry: android.arch.lifecycle.Lifecycle$State mState> = $r1
08-15 18:12:45.171 24910 24910 I System.out: SLICING: ZZZ-1ZZZandroid.arch.lifecycle.LifecycleRegistryZZZmoveToStateZZZ__inst__ZZZ$z0 = $r0.<android.arch.lifecycle.LifecycleRegistry: boolean mHandlingEvent>
08-15 18:12:45.171 24910 24910 I System.out: CAUGHTInstSLICING: ZZZ-1ZZZandroid.arch.lifecycle.LifecycleRegistryZZZmoveToStateZZZ__inst__ZZZif $z0 != 0 goto $r0.<android.arch.lifecycle.LifecycleRegistry: boolean mNewEventOccurred> = 1
08-15 18:12:45.171 24910 24910 I System.out: SLICING: ZZZ-1ZZZandroid.arch.lifecycle.LifecycleRegistryZZZmoveToStateZZZ__inst__ZZZ$i0 = $r0.<android.arch.lifecycle.LifecycleRegistry: int mAddingObserverCounter>
08-15 18:12:45.171 24910 24910 I System.out: CAUGHTInstSLICING: ZZZ-1ZZZandroid.arch.lifecycle.LifecycleRegistryZZZmoveToStateZZZ__inst__ZZZif $i0 == 0 goto $r0.<android.arch.lifecycle.LifecycleRegistry: boolean mHandlingEvent> = 1
08-15 18:12:45.171 24910 24910 I System.out: SLICING: ZZZ-1ZZZandroid.arch.lifecycle.LifecycleRegistryZZZmoveToStateZZZ__inst__ZZZ$r0.<android.arch.lifecycle.LifecycleRegistry: boolean mHandlingEvent> = 1
08-15 18:12:45.171 24910 24910 I System.out: SLICING: ZZZ-1ZZZandroid.arch.lifecycle.LifecycleRegistryZZZmoveToStateZZZ__inst__ZZZspecialinvoke $r0.<android.arch.lifecycle.LifecycleRegistry: void sync()>()
08-15 18:12:45.171 24910 24910 I System.out: SLICING: ZZZ-1ZZZandroid.arch.lifecycle.LifecycleRegistryZZZsyncZZZ__inst__ZZZ$r1 = $r0.<android.arch.lifecycle.LifecycleRegistry: java.lang.ref.WeakReference mLifecycleOwner>
08-15 18:12:45.171 24910 24910 I System.out: SLICING: ZZZ-1ZZZandroid.arch.lifecycle.LifecycleRegistryZZZsyncZZZ__inst__ZZZ$r2 = virtualinvoke $r1.<java.lang.ref.WeakReference: java.lang.Object get()>()
08-15 18:12:45.171 24910 24910 I System.out: SLICING: ZZZ-1ZZZandroid.arch.lifecycle.LifecycleRegistryZZZsyncZZZ__inst__ZZZ$r3 = (android.arch.lifecycle.LifecycleOwner) $r2
08-15 18:12:45.171 24910 24910 I System.out: CAUGHTInstSLICING: ZZZ-1ZZZandroid.arch.lifecycle.LifecycleRegistryZZZsyncZZZ__inst__ZZZif $r3 != null goto $z0 = specialinvoke $r0.<android.arch.lifecycle.LifecycleRegistry: boolean isSynced()>()
08-15 18:12:45.171 24910 24910 I System.out: SLICING: ZZZ-1ZZZandroid.arch.lifecycle.LifecycleRegistryZZZsyncZZZ__inst__ZZZ$z0 = specialinvoke $r0.<android.arch.lifecycle.LifecycleRegistry: boolean isSynced()>()
08-15 18:12:45.171 24910 24910 I System.out: SLICING: ZZZ-1ZZZandroid.arch.lifecycle.LifecycleRegistryZZZisSyncedZZZ__inst__ZZZ$r1 = $r0.<android.arch.lifecycle.LifecycleRegistry: android.arch.core.internal.FastSafeIterableMap mObserverMap>
08-15 18:12:45.171 24910 24910 I System.out: SLICING: ZZZ-1ZZZandroid.arch.lifecycle.LifecycleRegistryZZZisSyncedZZZ__inst__ZZZ$i0 = virtualinvoke $r1.<android.arch.core.internal.FastSafeIterableMap: int size()>()
08-15 18:12:45.171 24910 24910 I System.out: SLICING: ZZZ-1ZZZandroid.arch.core.internal.SafeIterableMapZZZsizeZZZ__inst__ZZZi0 = $r0.<android.arch.core.internal.SafeIterableMap: int mSize>
08-15 18:12:45.171 24910 24910 I System.out: CAUGHTInstSLICING: ZZZ-1ZZZandroid.arch.lifecycle.LifecycleRegistryZZZisSyncedZZZ__inst__ZZZif $i0 != 0 goto $r1 = $r0.<android.arch.lifecycle.LifecycleRegistry: android.arch.core.internal.FastSafeIterableMap mObserverMap>
08-15 18:12:45.171 24910 24910 I System.out: CAUGHTInstSLICING: ZZZ-1ZZZandroid.arch.lifecycle.LifecycleRegistryZZZsyncZZZ__inst__ZZZif $z0 != 0 goto $r0.<android.arch.lifecycle.LifecycleRegistry: boolean mNewEventOccurred> = 0
08-15 18:12:45.171 24910 24910 I System.out: SLICING: ZZZ-1ZZZandroid.arch.lifecycle.LifecycleRegistryZZZsyncZZZ__inst__ZZZ$r0.<android.arch.lifecycle.LifecycleRegistry: boolean mNewEventOccurred> = 0
08-15 18:12:45.171 24910 24910 I System.out: SLICING: ZZZ-1ZZZandroid.arch.lifecycle.LifecycleRegistryZZZmoveToStateZZZ__inst__ZZZ$r0.<android.arch.lifecycle.LifecycleRegistry: boolean mHandlingEvent> = 0
08-15 18:12:45.182 24910 24910 D FacebookSDK.com.facebook.appevents.internal.ActivityLifecycleTracker: onActivityStarted
08-15 18:12:45.183 24910 24910 I TwilightManager: Could not get last known location. This is probably because the app does not have any location permissions. Falling back to hardcoded sunrise/sunset values.
08-15 18:12:45.184 24910 24910 I System.out: CALLBACK_SLC: SLICING: ZZZ-1ZZZandroid.arch.lifecycle.ReportFragmentZZZonStartZZZ__inst__ZZZspecialinvoke $r0.<android.app.Fragment: void onStart()>()
08-15 18:12:45.184 24910 24910 I System.out: CALLBACK_SLC: SLICING: ZZZ-1ZZZandroid.arch.lifecycle.ReportFragmentZZZonStartZZZ__inst__ZZZ$r1 = $r0.<android.arch.lifecycle.ReportFragment: android.arch.lifecycle.ReportFragment$ActivityInitializationListener mProcessListener>
08-15 18:12:45.184 24910 24910 I System.out: CALLBACK_SLC: SLICING: ZZZ-1ZZZandroid.arch.lifecycle.ReportFragmentZZZonStartZZZ__inst__ZZZspecialinvoke $r0.<android.arch.lifecycle.ReportFragment: void dispatchStart(android.arch.lifecycle.ReportFragment$ActivityInitializationListener)>($r1)
08-15 18:12:45.184 24910 24910 I System.out: CAUGHTInstSLICING: ZZZ-1ZZZandroid.arch.lifecycle.ReportFragmentZZZdispatchStartZZZ__inst__ZZZif $r1 == null goto return
08-15 18:12:45.184 24910 24910 I System.out: CALLBACK_SLC: SLICING: ZZZ-1ZZZandroid.arch.lifecycle.ReportFragmentZZZonStartZZZ__inst__ZZZ$r2 = <android.arch.lifecycle.Lifecycle$Event: android.arch.lifecycle.Lifecycle$Event ON_START>
08-15 18:12:45.184 24910 24910 I System.out: CALLBACK_SLC: SLICING: ZZZ-1ZZZandroid.arch.lifecycle.ReportFragmentZZZonStartZZZ__inst__ZZZspecialinvoke $r0.<android.arch.lifecycle.ReportFragment: void dispatch(android.arch.lifecycle.Lifecycle$Event)>($r2)
08-15 18:12:45.184 24910 24910 I System.out: SLICING: ZZZ-1ZZZandroid.arch.lifecycle.ReportFragmentZZZdispatchZZZ__inst__ZZZ$r2 = virtualinvoke $r0.<android.arch.lifecycle.ReportFragment: android.app.Activity getActivity()>()
08-15 18:12:45.184 24910 24910 I System.out: SLICING: ZZZ-1ZZZandroid.arch.lifecycle.ReportFragmentZZZdispatchZZZ__inst__ZZZ$z0 = $r2 instanceof android.arch.lifecycle.LifecycleRegistryOwner
08-15 18:12:45.184 24910 24910 I System.out: CAUGHTInstSLICING: ZZZ-1ZZZandroid.arch.lifecycle.ReportFragmentZZZdispatchZZZ__inst__ZZZif $z0 == 0 goto $z0 = $r2 instanceof android.arch.lifecycle.LifecycleOwner
08-15 18:12:45.184 24910 24910 I System.out: SLICING: ZZZ-1ZZZandroid.arch.lifecycle.ReportFragmentZZZdispatchZZZ__inst__ZZZ$z0 = $r2 instanceof android.arch.lifecycle.LifecycleOwner
08-15 18:12:45.184 24910 24910 I System.out: CAUGHTInstSLICING: ZZZ-1ZZZandroid.arch.lifecycle.ReportFragmentZZZdispatchZZZ__inst__ZZZif $z0 == 0 goto return
08-15 18:12:45.184 24910 24910 I System.out: SLICING: ZZZ-1ZZZandroid.arch.lifecycle.ReportFragmentZZZdispatchZZZ__inst__ZZZ$r5 = (android.arch.lifecycle.LifecycleOwner) $r2
08-15 18:12:45.184 24910 24910 I System.out: SLICING: ZZZ-1ZZZandroid.arch.lifecycle.ReportFragmentZZZdispatchZZZ__inst__ZZZ$r6 = interfaceinvoke $r5.<android.arch.lifecycle.LifecycleOwner: android.arch.lifecycle.Lifecycle getLifecycle()>()
08-15 18:12:45.184 24910 24910 I System.out: SLICING: ZZZ-1ZZZandroid.arch.lifecycle.ReportFragmentZZZdispatchZZZ__inst__ZZZ$z0 = $r6 instanceof android.arch.lifecycle.LifecycleRegistry
08-15 18:12:45.184 24910 24910 I System.out: CAUGHTInstSLICING: ZZZ-1ZZZandroid.arch.lifecycle.ReportFragmentZZZdispatchZZZ__inst__ZZZif $z0 == 0 goto return
08-15 18:12:45.184 24910 24910 I System.out: SLICING: ZZZ-1ZZZandroid.arch.lifecycle.ReportFragmentZZZdispatchZZZ__inst__ZZZ$r4 = (android.arch.lifecycle.LifecycleRegistry) $r6
08-15 18:12:45.184 24910 24910 I System.out: SLICING: ZZZ-1ZZZandroid.arch.lifecycle.ReportFragmentZZZdispatchZZZ__inst__ZZZvirtualinvoke $r4.<android.arch.lifecycle.LifecycleRegistry: void handleLifecycleEvent(android.arch.lifecycle.Lifecycle$Event)>($r1)
08-15 18:12:45.184 24910 24910 I System.out: SLICING: ZZZ-1ZZZandroid.arch.lifecycle.LifecycleRegistryZZZhandleLifecycleEventZZZ__inst__ZZZ$r1 = staticinvoke <android.arch.lifecycle.LifecycleRegistry: android.arch.lifecycle.Lifecycle$State getStateAfter(android.arch.lifecycle.Lifecycle$Event)>($r2)
08-15 18:12:45.184 24910 24910 I System.out: SLICING: ZZZ-1ZZZandroid.arch.lifecycle.LifecycleRegistryZZZgetStateAfterZZZ__inst__ZZZ$r1 = <android.arch.lifecycle.LifecycleRegistry$1: int[] $SwitchMap$android$arch$lifecycle$Lifecycle$Event>
08-15 18:12:45.184 24910 24910 I System.out: SLICING: ZZZ-1ZZZandroid.arch.lifecycle.LifecycleRegistryZZZgetStateAfterZZZ__inst__ZZZ$i0 = virtualinvoke $r0.<android.arch.lifecycle.Lifecycle$Event: int ordinal()>()
08-15 18:12:45.184 24910 24910 I System.out: SLICING: ZZZ-1ZZZandroid.arch.lifecycle.LifecycleRegistryZZZgetStateAfterZZZ__inst__ZZZ$i0 = $r1[$i0]
08-15 18:12:45.184 24910 24910 I System.out: CAUGHTInstSLICING: ZZZ-1ZZZandroid.arch.lifecycle.LifecycleRegistryZZZgetStateAfterZZZ__inst__ZZZlookupswitch($i0) {     case 1: goto r5 = <android.arch.lifecycle.Lifecycle$State: android.arch.lifecycle.Lifecycle$State CREATED>;     case 2: goto r5 = <android.arch.lifecycle.Lifecycle$State: android.arch.lifecycle.Lifecycle$State CREATED>;     case 3: goto r5 = <android.arch.lifecycle.Lifecycle$State: android.arch.lifecycle.Lifecycle$State STARTED>;     case 4: goto r5 = <android.arch.lifecycle.Lifecycle$State: android.arch.lifecycle.Lifecycle$State STARTED>;     case 5: goto r5 = <android.arch.lifecycle.Lifecycle$State: android.arch.lifecycle.Lifecycle$State RESUMED>;     case 6: goto r5 = <android.arch.lifecycle.Lifecycle$State: android.arch.lifecycle.Lifecycle$State DESTROYED>;     default: goto $r2 = new java.lang.IllegalArgumentException; }
08-15 18:12:45.184 24910 24910 I System.out: SLICING: ZZZ-1ZZZandroid.arch.lifecycle.LifecycleRegistryZZZgetStateAfterZZZ__inst__ZZZr5 = <android.arch.lifecycle.Lifecycle$State: android.arch.lifecycle.Lifecycle$State STARTED>
08-15 18:12:45.184 24910 24910 I System.out: SLICING: ZZZ-1ZZZandroid.arch.lifecycle.LifecycleRegistryZZZhandleLifecycleEventZZZ__inst__ZZZspecialinvoke $r0.<android.arch.lifecycle.LifecycleRegistry: void moveToState(android.arch.lifecycle.Lifecycle$State)>($r1)
08-15 18:12:45.184 24910 24910 I System.out: SLICING: ZZZ-1ZZZandroid.arch.lifecycle.LifecycleRegistryZZZmoveToStateZZZ__inst__ZZZ$r2 = $r0.<android.arch.lifecycle.LifecycleRegistry: android.arch.lifecycle.Lifecycle$State mState>
08-15 18:12:45.184 24910 24910 I System.out: CAUGHTInstSLICING: ZZZ-1ZZZandroid.arch.lifecycle.LifecycleRegistryZZZmoveToStateZZZ__inst__ZZZif $r2 != $r1 goto $r0.<android.arch.lifecycle.LifecycleRegistry: android.arch.lifecycle.Lifecycle$State mState> = $r1
08-15 18:12:45.184 24910 24910 I System.out: SLICING: ZZZ-1ZZZandroid.arch.lifecycle.LifecycleRegistryZZZmoveToStateZZZ__inst__ZZZ$r0.<android.arch.lifecycle.LifecycleRegistry: android.arch.lifecycle.Lifecycle$State mState> = $r1
08-15 18:12:45.185 24910 24910 I System.out: SLICING: ZZZ-1ZZZandroid.arch.lifecycle.LifecycleRegistryZZZmoveToStateZZZ__inst__ZZZ$z0 = $r0.<android.arch.lifecycle.LifecycleRegistry: boolean mHandlingEvent>
08-15 18:12:45.185 24910 24910 I System.out: CAUGHTInstSLICING: ZZZ-1ZZZandroid.arch.lifecycle.LifecycleRegistryZZZmoveToStateZZZ__inst__ZZZif $z0 != 0 goto $r0.<android.arch.lifecycle.LifecycleRegistry: boolean mNewEventOccurred> = 1
08-15 18:12:45.185 24910 24910 I System.out: SLICING: ZZZ-1ZZZandroid.arch.lifecycle.LifecycleRegistryZZZmoveToStateZZZ__inst__ZZZ$i0 = $r0.<android.arch.lifecycle.LifecycleRegistry: int mAddingObserverCounter>
08-15 18:12:45.185 24910 24910 I System.out: CAUGHTInstSLICING: ZZZ-1ZZZandroid.arch.lifecycle.LifecycleRegistryZZZmoveToStateZZZ__inst__ZZZif $i0 == 0 goto $r0.<android.arch.lifecycle.LifecycleRegistry: boolean mHandlingEvent> = 1
08-15 18:12:45.185 24910 24910 I System.out: SLICING: ZZZ-1ZZZandroid.arch.lifecycle.LifecycleRegistryZZZmoveToStateZZZ__inst__ZZZ$r0.<android.arch.lifecycle.LifecycleRegistry: boolean mHandlingEvent> = 1
08-15 18:12:45.185 24910 24910 I System.out: SLICING: ZZZ-1ZZZandroid.arch.lifecycle.LifecycleRegistryZZZmoveToStateZZZ__inst__ZZZspecialinvoke $r0.<android.arch.lifecycle.LifecycleRegistry: void sync()>()
08-15 18:12:45.185 24910 24910 I System.out: SLICING: ZZZ-1ZZZandroid.arch.lifecycle.LifecycleRegistryZZZsyncZZZ__inst__ZZZ$r1 = $r0.<android.arch.lifecycle.LifecycleRegistry: java.lang.ref.WeakReference mLifecycleOwner>
08-15 18:12:45.185 24910 24910 I System.out: SLICING: ZZZ-1ZZZandroid.arch.lifecycle.LifecycleRegistryZZZsyncZZZ__inst__ZZZ$r2 = virtualinvoke $r1.<java.lang.ref.WeakReference: java.lang.Object get()>()
08-15 18:12:45.185 24910 24910 I System.out: SLICING: ZZZ-1ZZZandroid.arch.lifecycle.LifecycleRegistryZZZsyncZZZ__inst__ZZZ$r3 = (android.arch.lifecycle.LifecycleOwner) $r2
08-15 18:12:45.185 24910 24910 I System.out: CAUGHTInstSLICING: ZZZ-1ZZZandroid.arch.lifecycle.LifecycleRegistryZZZsyncZZZ__inst__ZZZif $r3 != null goto $z0 = specialinvoke $r0.<android.arch.lifecycle.LifecycleRegistry: boolean isSynced()>()
08-15 18:12:45.185 24910 24910 I System.out: SLICING: ZZZ-1ZZZandroid.arch.lifecycle.LifecycleRegistryZZZsyncZZZ__inst__ZZZ$z0 = specialinvoke $r0.<android.arch.lifecycle.LifecycleRegistry: boolean isSynced()>()
08-15 18:12:45.185 24910 24910 I System.out: SLICING: ZZZ-1ZZZandroid.arch.lifecycle.LifecycleRegistryZZZisSyncedZZZ__inst__ZZZ$r1 = $r0.<android.arch.lifecycle.LifecycleRegistry: android.arch.core.internal.FastSafeIterableMap mObserverMap>
08-15 18:12:45.185 24910 24910 I System.out: SLICING: ZZZ-1ZZZandroid.arch.lifecycle.LifecycleRegistryZZZisSyncedZZZ__inst__ZZZ$i0 = virtualinvoke $r1.<android.arch.core.internal.FastSafeIterableMap: int size()>()
08-15 18:12:45.185 24910 24910 I System.out: SLICING: ZZZ-1ZZZandroid.arch.core.internal.SafeIterableMapZZZsizeZZZ__inst__ZZZi0 = $r0.<android.arch.core.internal.SafeIterableMap: int mSize>
08-15 18:12:45.185 24910 24910 I System.out: CAUGHTInstSLICING: ZZZ-1ZZZandroid.arch.lifecycle.LifecycleRegistryZZZisSyncedZZZ__inst__ZZZif $i0 != 0 goto $r1 = $r0.<android.arch.lifecycle.LifecycleRegistry: android.arch.core.internal.FastSafeIterableMap mObserverMap>
08-15 18:12:45.185 24910 24910 I System.out: CAUGHTInstSLICING: ZZZ-1ZZZandroid.arch.lifecycle.LifecycleRegistryZZZsyncZZZ__inst__ZZZif $z0 != 0 goto $r0.<android.arch.lifecycle.LifecycleRegistry: boolean mNewEventOccurred> = 0
08-15 18:12:45.185 24910 24910 I System.out: SLICING: ZZZ-1ZZZandroid.arch.lifecycle.LifecycleRegistryZZZsyncZZZ__inst__ZZZ$r0.<android.arch.lifecycle.LifecycleRegistry: boolean mNewEventOccurred> = 0
08-15 18:12:45.185 24910 24910 I System.out: SLICING: ZZZ-1ZZZandroid.arch.lifecycle.LifecycleRegistryZZZmoveToStateZZZ__inst__ZZZ$r0.<android.arch.lifecycle.LifecycleRegistry: boolean mHandlingEvent> = 0
08-15 18:12:45.186 24910 24910 D FacebookSDK.com.facebook.appevents.internal.ActivityLifecycleTracker: onActivityResumed
08-15 18:12:45.186 24910 24910 I System.out: CALLBACK_SLC: SLICING: ZZZ-1ZZZandroid.arch.lifecycle.ReportFragmentZZZonResumeZZZ__inst__ZZZspecialinvoke $r0.<android.app.Fragment: void onResume()>()
08-15 18:12:45.186 24910 24910 I System.out: CALLBACK_SLC: SLICING: ZZZ-1ZZZandroid.arch.lifecycle.ReportFragmentZZZonResumeZZZ__inst__ZZZ$r1 = $r0.<android.arch.lifecycle.ReportFragment: android.arch.lifecycle.ReportFragment$ActivityInitializationListener mProcessListener>
08-15 18:12:45.186 24910 24910 I System.out: CALLBACK_SLC: SLICING: ZZZ-1ZZZandroid.arch.lifecycle.ReportFragmentZZZonResumeZZZ__inst__ZZZspecialinvoke $r0.<android.arch.lifecycle.ReportFragment: void dispatchResume(android.arch.lifecycle.ReportFragment$ActivityInitializationListener)>($r1)
08-15 18:12:45.186 24910 24910 I System.out: CAUGHTInstSLICING: ZZZ-1ZZZandroid.arch.lifecycle.ReportFragmentZZZdispatchResumeZZZ__inst__ZZZif $r1 == null goto return
08-15 18:12:45.186 24910 24910 I System.out: CALLBACK_SLC: SLICING: ZZZ-1ZZZandroid.arch.lifecycle.ReportFragmentZZZonResumeZZZ__inst__ZZZ$r2 = <android.arch.lifecycle.Lifecycle$Event: android.arch.lifecycle.Lifecycle$Event ON_RESUME>
08-15 18:12:45.186 24910 24910 I System.out: CALLBACK_SLC: SLICING: ZZZ-1ZZZandroid.arch.lifecycle.ReportFragmentZZZonResumeZZZ__inst__ZZZspecialinvoke $r0.<android.arch.lifecycle.ReportFragment: void dispatch(android.arch.lifecycle.Lifecycle$Event)>($r2)
08-15 18:12:45.186 24910 24910 I System.out: SLICING: ZZZ-1ZZZandroid.arch.lifecycle.ReportFragmentZZZdispatchZZZ__inst__ZZZ$r2 = virtualinvoke $r0.<android.arch.lifecycle.ReportFragment: android.app.Activity getActivity()>()
08-15 18:12:45.186 24910 24910 I System.out: SLICING: ZZZ-1ZZZandroid.arch.lifecycle.ReportFragmentZZZdispatchZZZ__inst__ZZZ$z0 = $r2 instanceof android.arch.lifecycle.LifecycleRegistryOwner
08-15 18:12:45.186 24910 24910 I System.out: CAUGHTInstSLICING: ZZZ-1ZZZandroid.arch.lifecycle.ReportFragmentZZZdispatchZZZ__inst__ZZZif $z0 == 0 goto $z0 = $r2 instanceof android.arch.lifecycle.LifecycleOwner
08-15 18:12:45.186 24910 24910 I System.out: SLICING: ZZZ-1ZZZandroid.arch.lifecycle.ReportFragmentZZZdispatchZZZ__inst__ZZZ$z0 = $r2 instanceof android.arch.lifecycle.LifecycleOwner
08-15 18:12:45.186 24910 24910 I System.out: CAUGHTInstSLICING: ZZZ-1ZZZandroid.arch.lifecycle.ReportFragmentZZZdispatchZZZ__inst__ZZZif $z0 == 0 goto return
