--------- beginning of main
08-15 18:12:19.557 24685 24685 D PrivacyStreams: Evaluated.
--------- beginning of system
08-15 18:12:19.399  1891  1891 I chatty  : uid=1000 system_server expire 1 line
08-15 18:12:19.537  1891  1891 V SettingsProvider: Notifying for 0: content://settings/secure/accessibility_enabled
08-15 18:12:19.585  1891  1891 V SettingsProvider: Notifying for 0: content://settings/secure/enabled_input_methods
08-15 18:12:19.588  1891  1891 V SettingsProvider: Notifying for 0: content://settings/secure/input_methods_subtype_history
08-15 18:12:19.605  1891  1891 V SettingsProvider: Notifying for 0: content://settings/secure/selected_input_method_subtype
08-15 18:12:19.605  1891  1891 V SettingsProvider: Notifying for 0: content://settings/secure/default_input_method
08-15 18:12:19.607 24685 24733 D PrivacyStreams: Start accepting socket clients...
08-15 18:12:19.608  2005  2005 I GoogleInputMethod: onReceive() : Action = android.intent.action.INPUT_METHOD_CHANGED
08-15 18:12:19.609  2005  2005 I GoogleInputMethod: onFinishInput() : Dummy InputConnection bound
08-15 18:12:19.620  1732  2377 W SurfaceFlinger: Attempting to destroy on removed layer: e8d88ba InputMethod#0
08-15 18:12:19.622  2005  2005 I IcingNotification: IcingNotificationReceiver unregistered
08-15 18:12:19.626 24685 24733 D PrivacyStreams: Accepted a socket client.
08-15 18:12:19.637  2005  2005 I EmojiSearchExtension: onDestroy()
08-15 18:12:19.637  2005  2005 I EmojiSearchExtension: onDeactivate()
08-15 18:12:19.642  2005  2005 I ModuleManager: com.google.android.apps.inputmethod.libs.handwriting.ime.IHandwritingImeExtension changed to unavailable
08-15 18:12:19.642  2005  2005 I ModuleManager: com.google.android.apps.inputmethod.libs.search.IEmoticonExtension changed to unavailable
08-15 18:12:19.642  2005  2005 I ModuleManager: com.google.android.apps.inputmethod.libs.search.IGifEntryPointCandidateExtension changed to unavailable
08-15 18:12:19.642  2005  2005 I GifEntryExtension: onDestroy()
08-15 18:12:19.642  2005  2005 I GifEntryExtension: onDeactivate()
08-15 18:12:19.643  2005  2661 I DictSpacktratProv: getSetupStrategy
08-15 18:12:19.645  2005  2661 W AndroidIME: ewp: No constructor for 'com.google.android.apps.inputmethod.libs.search.makeagif.superpacks.MakeAGifSuperpacksStrategyProvider' with 0 arguments
08-15 18:12:19.645  2005  2661 E SuperpacksMgr: ata: getSuperpackStrategyForIModules(): Failed to invoke com.google.android.apps.inputmethod.libs.search.makeagif.superpacks.MakeAGifSuperpacksStrategyProvider#getSetupStrategy
08-15 18:12:19.645  2005  2661 E SuperpacksMgr: java.lang.NullPointerException: Attempt to invoke interface method 'java.util.List asw.a(android.content.Context)' on a null object reference
08-15 18:12:19.645  2005  2661 E SuperpacksMgr: 	at ata.d(PG:119)
08-15 18:12:19.645  2005  2661 E SuperpacksMgr: 	at atb.a(PG:9)
08-15 18:12:19.645  2005  2661 E SuperpacksMgr: 	at bng.run(Unknown Source:4)
08-15 18:12:19.645  2005  2661 E SuperpacksMgr: 	at java.util.concurrent.Executors$RunnableAdapter.call(Executors.java:458)
08-15 18:12:19.645  2005  2661 E SuperpacksMgr: 	at java.util.concurrent.FutureTask.run(FutureTask.java:266)
08-15 18:12:19.645  2005  2661 E SuperpacksMgr: 	at bcs.run(PG:15)
08-15 18:12:19.645  2005  2661 E SuperpacksMgr: 	at java.util.concurrent.ThreadPoolExecutor.runWorker(ThreadPoolExecutor.java:1167)
08-15 18:12:19.645  2005  2661 E SuperpacksMgr: 	at java.util.concurrent.ThreadPoolExecutor$Worker.run(ThreadPoolExecutor.java:641)
08-15 18:12:19.645  2005  2661 E SuperpacksMgr: 	at java.lang.Thread.run(Thread.java:764)
08-15 18:12:19.645  2005  2661 E SuperpacksMgr: 	at bcl.run(PG:8)
08-15 18:12:19.646  2005  2661 I DictSpacktratProv: getSetupStrategy
08-15 18:12:19.646  2005  2661 W AndroidIME: ewp: No constructor for 'com.google.android.apps.inputmethod.libs.search.makeagif.superpacks.MakeAGifSuperpacksStrategyProvider' with 0 arguments
08-15 18:12:19.646  2005  2661 E SuperpacksMgr: ata: getSuperpackStrategyForIModules(): Failed to invoke com.google.android.apps.inputmethod.libs.search.makeagif.superpacks.MakeAGifSuperpacksStrategyProvider#getSetupStrategy
08-15 18:12:19.646  2005  2661 E SuperpacksMgr: java.lang.NullPointerException: Attempt to invoke interface method 'java.util.List asw.a(android.content.Context)' on a null object reference
08-15 18:12:19.646  2005  2661 E SuperpacksMgr: 	at ata.d(PG:119)
08-15 18:12:19.646  2005  2661 E SuperpacksMgr: 	at atb.a(PG:9)
08-15 18:12:19.646  2005  2661 E SuperpacksMgr: 	at bng.run(Unknown Source:4)
08-15 18:12:19.646  2005  2661 E SuperpacksMgr: 	at java.util.concurrent.Executors$RunnableAdapter.call(Executors.java:458)
08-15 18:12:19.646  2005  2661 E SuperpacksMgr: 	at java.util.concurrent.FutureTask.run(FutureTask.java:266)
08-15 18:12:19.646  2005  2661 E SuperpacksMgr: 	at bcs.run(PG:15)
08-15 18:12:19.646  2005  2661 E SuperpacksMgr: 	at java.util.concurrent.ThreadPoolExecutor.runWorker(ThreadPoolExecutor.java:1167)
08-15 18:12:19.646  2005  2661 E SuperpacksMgr: 	at java.util.concurrent.ThreadPoolExecutor$Worker.run(ThreadPoolExecutor.java:641)
08-15 18:12:19.646  2005  2661 E SuperpacksMgr: 	at java.lang.Thread.run(Thread.java:764)
08-15 18:12:19.646  2005  2661 E SuperpacksMgr: 	at bcl.run(PG:8)
08-15 18:12:19.650  2005  2005 I ModuleManager: com.google.android.apps.inputmethod.libs.search.IStickerExtension changed to unavailable
08-15 18:12:19.651  2005  2005 I ModuleManager: com.google.android.apps.inputmethod.libs.search.IEmojiSearchExtension changed to unavailable
08-15 18:12:19.651  2005  2005 I ModuleManager: com.google.android.apps.inputmethod.libs.hmm.superpacks.IHmmModule changed to unavailable
08-15 18:12:19.651  2005  2005 I ModuleManager: com.google.android.apps.inputmethod.libs.search.IBitmojiExtension changed to unavailable
08-15 18:12:19.651  2005  2005 I ModuleManager: com.google.android.apps.inputmethod.libs.pill.IPillExtension changed to unavailable
08-15 18:12:19.651  2005  2005 I ModuleManager: com.google.android.apps.inputmethod.libs.translate.ITranslateUIExtension changed to unavailable
08-15 18:12:19.651  2005  2005 I ModuleManager: com.google.android.apps.inputmethod.libs.search.sense.IConversationToQueryExtension changed to unavailable
08-15 18:12:19.651  2005  2005 I Conv2QueryExtension: onDestroy()
08-15 18:12:19.652  2005  2661 W AndroidIME: ewp: No constructor for 'com.google.android.apps.inputmethod.libs.search.makeagif.superpacks.MakeAGifSuperpacksStrategyProvider' with 0 arguments
08-15 18:12:19.653  2005  2754 W Delight5Decoder: removePredictionEngine() : Unknown engine cvt@5365c0f
08-15 18:12:19.653  2005  2005 I C2QClientSingleton: deregistering client 'Conv2QueryExtension'
08-15 18:12:19.653  2005  2005 I C2QClientSingleton: number of registered clients: 0
08-15 18:12:19.653  2005  2005 I ModuleManager: com.google.android.apps.inputmethod.libs.textediting.ITextEditingExtension changed to unavailable
08-15 18:12:19.653  2005  2005 I ModuleManager: com.google.android.apps.inputmethod.libs.search.IGifKeyboardExtension changed to unavailable
08-15 18:12:19.654  2005  2005 I ModuleManager: com.google.android.apps.inputmethod.libs.search.IUniversalMediaExtension changed to unavailable
08-15 18:12:19.654  2005  2005 I ModuleManager: com.google.android.apps.inputmethod.libs.search.IEmojiOrGifExtension changed to unavailable
08-15 18:12:19.654  2005  2005 I ModuleManager: com.google.android.apps.inputmethod.libs.search.IFeatureCardNoticeExtension changed to unavailable
08-15 18:12:19.654  2005  2005 I ModuleManager: com.google.android.apps.inputmethod.libs.search.INativeCardExtension changed to unavailable
08-15 18:12:19.654  2005  2005 I ModuleManager: com.google.android.apps.inputmethod.libs.search.IDefaultStickerExtension changed to unavailable
08-15 18:12:19.654  2005  2005 I ModuleManager: com.google.android.apps.inputmethod.libs.search.IEmojiDataExtension changed to unavailable
08-15 18:12:19.654  2005  2005 I EmojiDataExtension: onDestroy()
08-15 18:12:19.654  2005  2005 I ModuleManager: com.google.android.apps.inputmethod.libs.search.IDoodleExtension changed to unavailable
08-15 18:12:19.658  2005  2661 E SuperpacksMgr: ata: getSuperpackStrategyForIModules(): Failed to invoke com.google.android.apps.inputmethod.libs.search.makeagif.superpacks.MakeAGifSuperpacksStrategyProvider#getSetupStrategy
08-15 18:12:19.658  2005  2661 E SuperpacksMgr: java.lang.NullPointerException: Attempt to invoke interface method 'java.util.List asw.a(android.content.Context)' on a null object reference
08-15 18:12:19.658  2005  2661 E SuperpacksMgr: 	at ata.d(PG:119)
08-15 18:12:19.658  2005  2661 E SuperpacksMgr: 	at atb.a(PG:9)
08-15 18:12:19.658  2005  2661 E SuperpacksMgr: 	at bng.run(Unknown Source:4)
08-15 18:12:19.658  2005  2661 E SuperpacksMgr: 	at java.util.concurrent.Executors$RunnableAdapter.call(Executors.java:458)
08-15 18:12:19.658  2005  2661 E SuperpacksMgr: 	at java.util.concurrent.FutureTask.run(FutureTask.java:266)
08-15 18:12:19.658  2005  2661 E SuperpacksMgr: 	at bcs.run(PG:15)
08-15 18:12:19.658  2005  2661 E SuperpacksMgr: 	at java.util.concurrent.ThreadPoolExecutor.runWorker(ThreadPoolExecutor.java:1167)
08-15 18:12:19.658  2005  2661 E SuperpacksMgr: 	at java.util.concurrent.ThreadPoolExecutor$Worker.run(ThreadPoolExecutor.java:641)
08-15 18:12:19.658  2005  2661 E SuperpacksMgr: 	at java.lang.Thread.run(Thread.java:764)
08-15 18:12:19.658  2005  2661 E SuperpacksMgr: 	at bcl.run(PG:8)
08-15 18:12:19.760  1732  1732 E HWComposer: getHdrCapabilities failed for display -1: Invalid display
08-15 18:12:19.766 24753 24755 D vndksupport: Loading /vendor/lib/hw/android.hardware.graphics.mapper@2.0-impl.so from current namespace instead of sphal namespace.
08-15 18:12:19.767 24753 24755 D vndksupport: Loading /vendor/lib/hw/gralloc.ranchu.so from current namespace instead of sphal namespace.
08-15 18:12:19.773  1624  1624 D gralloc_ranchu: gralloc_alloc: Creating ashmem region of size 8298496
08-15 18:12:19.780 24753 24755 D         : HostConnection::get() New Host Connection established 0xeb4af9c0, tid 24755
08-15 18:12:19.782  1732  1732 E HWComposer: getSupportedPerFrameMetadata failed for display -1: Invalid display
08-15 18:12:19.784  1732  1732 D EGL_emulation: eglMakeCurrent: 0xe85a0a80: ver 2 0 (tinfo 0xe859c310)
08-15 18:12:19.787  1624  1624 D gralloc_ranchu: gralloc_alloc: Creating ashmem region of size 8298496
08-15 18:12:19.791 24753 24756 D         : HostConnection::get() New Host Connection established 0xeb1a8000, tid 24756
08-15 18:12:19.792  1732  1732 D EGL_emulation: eglMakeCurrent: 0xe85a0a80: ver 2 0 (tinfo 0xe859c310)
08-15 18:12:19.795  1732  1732 D EGL_emulation: eglMakeCurrent: 0xe85a0a80: ver 2 0 (tinfo 0xe859c310)
08-15 18:12:19.795  1732  1732 E HWComposer: getLayerReleaseFence failed for display -1: Invalid display
08-15 18:12:19.795  1732  1732 I chatty  : uid=1000(system) /system/bin/surfaceflinger identical 2 lines
08-15 18:12:19.795  1732  1732 E HWComposer: getLayerReleaseFence failed for display -1: Invalid display
08-15 18:12:19.797  1732  1732 D EGL_emulation: eglMakeCurrent: 0xe85a0a80: ver 2 0 (tinfo 0xe859c310)
08-15 18:12:20.379  1891  1997 I GnssLocationProvider: WakeLock acquired by sendMessage(REPORT_SV_STATUS, 0, com.android.server.location.GnssLocationProvider$SvStatusInfo@52f4142)
08-15 18:12:20.379  1891  1904 I GnssLocationProvider: WakeLock released by handleMessage(REPORT_SV_STATUS, 0, com.android.server.location.GnssLocationProvider$SvStatusInfo@52f4142)
08-15 18:12:20.490 29616 24584 I Icing   : Indexing com.google.android.gms-apps from com.google.android.gms
08-15 18:12:20.529 29616 24584 I Icing   : Indexing com.google.android.gms-internal.3p:MobileApplication from com.google.android.gms
08-15 18:12:20.535 29616 24584 I Icing   : Indexing done com.google.android.gms-apps
08-15 18:12:20.536 29616 24584 I Icing   : Indexing done com.google.android.gms-internal.3p:MobileApplication
08-15 18:12:21.379  1891  1997 I GnssLocationProvider: WakeLock acquired by sendMessage(REPORT_SV_STATUS, 0, com.android.server.location.GnssLocationProvider$SvStatusInfo@60d1553)
08-15 18:12:21.380  1891  1904 I GnssLocationProvider: WakeLock released by handleMessage(REPORT_SV_STATUS, 0, com.android.server.location.GnssLocationProvider$SvStatusInfo@60d1553)
08-15 18:12:21.723 24753 24753 D         : HostConnection::get() New Host Connection established 0xeb4afb80, tid 24753
08-15 18:12:21.900  1891  2414 V BackupManagerConstants: getFullBackupRequiredNetworkType(...) returns 2
08-15 18:12:21.900  1891  2414 V BackupManagerConstants: getFullBackupRequireCharging(...) returns true
08-15 18:12:21.956 24784 24784 D AndroidRuntime: >>>>>> START com.android.internal.os.RuntimeInit uid 2000 <<<<<<
08-15 18:12:22.059 24784 24784 W app_process: Unexpected CPU variant for X86 using defaults: x86
08-15 18:12:22.064 24784 24784 I app_process: The ClassLoaderContext is a special shared library.
08-15 18:12:22.069 24784 24784 W app_process: CheckJNI: method to register "write" not in the given class. This is slow, consider changing your RegisterNatives calls.
08-15 18:12:22.069 24784 24784 I chatty  : uid=2000(shell) main identical 42 lines
08-15 18:12:22.069 24784 24784 W app_process: CheckJNI: method to register "write" not in the given class. This is slow, consider changing your RegisterNatives calls.
08-15 18:12:22.069 24784 24784 W app_process: CheckJNI: method to register "write_non_chained" not in the given class. This is slow, consider changing your RegisterNatives calls.
08-15 18:12:22.069 24784 24784 I chatty  : uid=2000(shell) main identical 7 lines
08-15 18:12:22.069 24784 24784 W app_process: CheckJNI: method to register "write_non_chained" not in the given class. This is slow, consider changing your RegisterNatives calls.
08-15 18:12:22.098 24784 24784 D AndroidRuntime: Calling main entry com.android.commands.input.Input
08-15 18:12:22.099 24784 24784 I Input   : injectKeyEvent: KeyEvent { action=ACTION_DOWN, keyCode=KEYCODE_MENU, scanCode=0, metaState=0, flags=0x0, repeatCount=0, eventTime=153713304, downTime=153713304, deviceId=-1, source=0x101 }
08-15 18:12:22.108 24784 24784 I Input   : injectKeyEvent: KeyEvent { action=ACTION_UP, keyCode=KEYCODE_MENU, scanCode=0, metaState=0, flags=0x0, repeatCount=0, eventTime=153713304, downTime=153713304, deviceId=-1, source=0x101 }
08-15 18:12:22.115 24784 24784 D AndroidRuntime: Shutting down VM
08-15 18:12:22.136  1732  1732 D EGL_emulation: eglMakeCurrent: 0xe85a0a80: ver 2 0 (tinfo 0xe859c310)
08-15 18:12:22.146  1732  1732 I chatty  : uid=1000(system) /system/bin/surfaceflinger identical 1 line
08-15 18:12:22.149  1732  1732 D EGL_emulation: eglMakeCurrent: 0xe85a0a80: ver 2 0 (tinfo 0xe859c310)
08-15 18:12:22.150  1732  1732 E HWComposer: getLayerReleaseFence failed for display -1: Invalid display
08-15 18:12:22.150  1732  1732 I chatty  : uid=1000(system) /system/bin/surfaceflinger identical 2 lines
08-15 18:12:22.150  1732  1732 E HWComposer: getLayerReleaseFence failed for display -1: Invalid display
08-15 18:12:22.151  1732  1732 D EGL_emulation: eglMakeCurrent: 0xe85a0a80: ver 2 0 (tinfo 0xe859c310)
08-15 18:12:22.152  1732  1732 D EGL_emulation: eglMakeCurrent: 0xe85a0a80: ver 2 0 (tinfo 0xe859c310)
08-15 18:12:22.155  1624  1624 D gralloc_ranchu: gralloc_alloc: Creating ashmem region of size 8298496
08-15 18:12:22.162 24753 24754 D         : HostConnection::get() New Host Connection established 0xeb1a8140, tid 24754
08-15 18:12:22.168  1732  1732 D EGL_emulation: eglMakeCurrent: 0xe85a0a80: ver 2 0 (tinfo 0xe859c310)
08-15 18:12:22.170  1732  1732 D EGL_emulation: eglMakeCurrent: 0xe85a0a80: ver 2 0 (tinfo 0xe859c310)
08-15 18:12:22.171  1732  1732 E HWComposer: getLayerReleaseFence failed for display -1: Invalid display
08-15 18:12:22.171  1732  1732 I chatty  : uid=1000(system) /system/bin/surfaceflinger identical 2 lines
08-15 18:12:22.171  1732  1732 E HWComposer: getLayerReleaseFence failed for display -1: Invalid display
08-15 18:12:22.172  1732  1732 D EGL_emulation: eglMakeCurrent: 0xe85a0a80: ver 2 0 (tinfo 0xe859c310)
08-15 18:12:22.175  1732  1732 I chatty  : uid=1000(system) /system/bin/surfaceflinger identical 2 lines
08-15 18:12:22.179  1732  1732 D EGL_emulation: eglMakeCurrent: 0xe85a0a80: ver 2 0 (tinfo 0xe859c310)
08-15 18:12:22.180  1732  1732 E HWComposer: getLayerReleaseFence failed for display -1: Invalid display
08-15 18:12:22.180  1732  1732 I chatty  : uid=1000(system) /system/bin/surfaceflinger identical 2 lines
08-15 18:12:22.180  1732  1732 E HWComposer: getLayerReleaseFence failed for display -1: Invalid display
08-15 18:12:22.185  1732  1732 D EGL_emulation: eglMakeCurrent: 0xe85a0a80: ver 2 0 (tinfo 0xe859c310)
08-15 18:12:22.189  1732  1732 I chatty  : uid=1000(system) /system/bin/surfaceflinger identical 2 lines
08-15 18:12:22.191  1732  1732 D EGL_emulation: eglMakeCurrent: 0xe85a0a80: ver 2 0 (tinfo 0xe859c310)
08-15 18:12:22.192  1732  1732 E HWComposer: getLayerReleaseFence failed for display -1: Invalid display
08-15 18:12:22.192  1732  1732 I chatty  : uid=1000(system) /system/bin/surfaceflinger identical 2 lines
08-15 18:12:22.192  1732  1732 E HWComposer: getLayerReleaseFence failed for display -1: Invalid display
08-15 18:12:22.195  1732  1732 D EGL_emulation: eglMakeCurrent: 0xe85a0a80: ver 2 0 (tinfo 0xe859c310)
08-15 18:12:22.205  1732  1732 I chatty  : uid=1000(system) /system/bin/surfaceflinger identical 2 lines
08-15 18:12:22.207  1732  1732 D EGL_emulation: eglMakeCurrent: 0xe85a0a80: ver 2 0 (tinfo 0xe859c310)
08-15 18:12:22.208  1732  1732 E HWComposer: getLayerReleaseFence failed for display -1: Invalid display
08-15 18:12:22.208  1732  1732 I chatty  : uid=1000(system) /system/bin/surfaceflinger identical 2 lines
08-15 18:12:22.208  1732  1732 E HWComposer: getLayerReleaseFence failed for display -1: Invalid display
08-15 18:12:22.210  1732  1732 D EGL_emulation: eglMakeCurrent: 0xe85a0a80: ver 2 0 (tinfo 0xe859c310)
08-15 18:12:22.223  1732  1732 I chatty  : uid=1000(system) /system/bin/surfaceflinger identical 2 lines
08-15 18:12:22.225  1732  1732 D EGL_emulation: eglMakeCurrent: 0xe85a0a80: ver 2 0 (tinfo 0xe859c310)
08-15 18:12:22.226  1732  1732 E HWComposer: getLayerReleaseFence failed for display -1: Invalid display
08-15 18:12:22.226  1732  1732 I chatty  : uid=1000(system) /system/bin/surfaceflinger identical 2 lines
08-15 18:12:22.226  1732  1732 E HWComposer: getLayerReleaseFence failed for display -1: Invalid display
08-15 18:12:22.231  1732  1732 D EGL_emulation: eglMakeCurrent: 0xe85a0a80: ver 2 0 (tinfo 0xe859c310)
08-15 18:12:22.238  1732  1732 I chatty  : uid=1000(system) /system/bin/surfaceflinger identical 1 line
08-15 18:12:22.241  1732  1732 D EGL_emulation: eglMakeCurrent: 0xe85a0a80: ver 2 0 (tinfo 0xe859c310)
08-15 18:12:22.244 24795 24795 D AndroidRuntime: >>>>>> START com.android.internal.os.RuntimeInit uid 2000 <<<<<<
08-15 18:12:22.245  1732  1732 D EGL_emulation: eglMakeCurrent: 0xe85a0a80: ver 2 0 (tinfo 0xe859c310)
08-15 18:12:22.247  1732  1732 E HWComposer: getLayerReleaseFence failed for display -1: Invalid display
08-15 18:12:22.247  1732  1732 I chatty  : uid=1000(system) /system/bin/surfaceflinger identical 2 lines
08-15 18:12:22.247  1732  1732 E HWComposer: getLayerReleaseFence failed for display -1: Invalid display
08-15 18:12:22.247 24795 24795 W app_process: Could not reserve sentinel fault page
08-15 18:12:22.248  1732  1732 D EGL_emulation: eglMakeCurrent: 0xe85a0a80: ver 2 0 (tinfo 0xe859c310)
08-15 18:12:22.262  1732  1732 I chatty  : uid=1000(system) /system/bin/surfaceflinger identical 2 lines
08-15 18:12:22.265  1732  1732 D EGL_emulation: eglMakeCurrent: 0xe85a0a80: ver 2 0 (tinfo 0xe859c310)
08-15 18:12:22.266  1732  1732 E HWComposer: getLayerReleaseFence failed for display -1: Invalid display
08-15 18:12:22.266  1732  1732 I chatty  : uid=1000(system) /system/bin/surfaceflinger identical 2 lines
08-15 18:12:22.266  1732  1732 E HWComposer: getLayerReleaseFence failed for display -1: Invalid display
08-15 18:12:22.267  1732  1732 D EGL_emulation: eglMakeCurrent: 0xe85a0a80: ver 2 0 (tinfo 0xe859c310)
08-15 18:12:22.278  1732  1732 I chatty  : uid=1000(system) /system/bin/surfaceflinger identical 2 lines
08-15 18:12:22.281  1732  1732 D EGL_emulation: eglMakeCurrent: 0xe85a0a80: ver 2 0 (tinfo 0xe859c310)
08-15 18:12:22.281  1732  1732 E HWComposer: getLayerReleaseFence failed for display -1: Invalid display
08-15 18:12:22.281  1732  1732 I chatty  : uid=1000(system) /system/bin/surfaceflinger identical 2 lines
08-15 18:12:22.281  1732  1732 E HWComposer: getLayerReleaseFence failed for display -1: Invalid display
08-15 18:12:22.283  1732  1732 D EGL_emulation: eglMakeCurrent: 0xe85a0a80: ver 2 0 (tinfo 0xe859c310)
08-15 18:12:22.287  1732  1732 D EGL_emulation: eglMakeCurrent: 0xe85a0a80: ver 2 0 (tinfo 0xe859c310)
08-15 18:12:22.295 24795 24795 W app_process: Unexpected CPU variant for X86 using defaults: x86
08-15 18:12:22.297 24795 24795 I app_process: The ClassLoaderContext is a special shared library.
08-15 18:12:22.298  1732  1732 D EGL_emulation: eglMakeCurrent: 0xe85a0a80: ver 2 0 (tinfo 0xe859c310)
08-15 18:12:22.301 24795 24795 W app_process: CheckJNI: method to register "write" not in the given class. This is slow, consider changing your RegisterNatives calls.
08-15 18:12:22.301 24795 24795 I chatty  : uid=2000(shell) main identical 3 lines
08-15 18:12:22.301 24795 24795 W app_process: CheckJNI: method to register "write" not in the given class. This is slow, consider changing your RegisterNatives calls.
08-15 18:12:22.301  1732  1732 D EGL_emulation: eglMakeCurrent: 0xe85a0a80: ver 2 0 (tinfo 0xe859c310)
08-15 18:12:22.301 24795 24795 W app_process: CheckJNI: method to register "write" not in the given class. This is slow, consider changing your RegisterNatives calls.
08-15 18:12:22.302  1732  1732 E HWComposer: getLayerReleaseFence failed for display -1: Invalid display
08-15 18:12:22.302  1732  1732 I chatty  : uid=1000(system) /system/bin/surfaceflinger identical 2 lines
08-15 18:12:22.302  1732  1732 E HWComposer: getLayerReleaseFence failed for display -1: Invalid display
08-15 18:12:22.301 24795 24795 W app_process: CheckJNI: method to register "write" not in the given class. This is slow, consider changing your RegisterNatives calls.
08-15 18:12:22.302 24795 24795 I chatty  : uid=2000(shell) main identical 29 lines
08-15 18:12:22.302 24795 24795 W app_process: CheckJNI: method to register "write" not in the given class. This is slow, consider changing your RegisterNatives calls.
08-15 18:12:22.302  1732  1732 D EGL_emulation: eglMakeCurrent: 0xe85a0a80: ver 2 0 (tinfo 0xe859c310)
08-15 18:12:22.302 24795 24795 W app_process: CheckJNI: method to register "write" not in the given class. This is slow, consider changing your RegisterNatives calls.
08-15 18:12:22.303 24795 24795 I chatty  : uid=2000(shell) main identical 5 lines
08-15 18:12:22.303 24795 24795 W app_process: CheckJNI: method to register "write" not in the given class. This is slow, consider changing your RegisterNatives calls.
08-15 18:12:22.303 24795 24795 W app_process: CheckJNI: method to register "write_non_chained" not in the given class. This is slow, consider changing your RegisterNatives calls.
08-15 18:12:22.303 24795 24795 I chatty  : uid=2000(shell) main identical 7 lines
08-15 18:12:22.303 24795 24795 W app_process: CheckJNI: method to register "write_non_chained" not in the given class. This is slow, consider changing your RegisterNatives calls.
08-15 18:12:22.304  1732  1732 D EGL_emulation: eglMakeCurrent: 0xe85a0a80: ver 2 0 (tinfo 0xe859c310)
08-15 18:12:22.307  1732  1732 I chatty  : uid=1000(system) /system/bin/surfaceflinger identical 1 line
08-15 18:12:22.309  1732  1732 D EGL_emulation: eglMakeCurrent: 0xe85a0a80: ver 2 0 (tinfo 0xe859c310)
08-15 18:12:22.314  1732  1732 E HWComposer: getLayerReleaseFence failed for display -1: Invalid display
08-15 18:12:22.314  1732  1732 I chatty  : uid=1000(system) /system/bin/surfaceflinger identical 2 lines
08-15 18:12:22.314  1732  1732 E HWComposer: getLayerReleaseFence failed for display -1: Invalid display
08-15 18:12:22.319 24795 24795 D AndroidRuntime: Calling main entry com.android.commands.input.Input
08-15 18:12:22.320 24795 24795 I Input   : injectKeyEvent: KeyEvent { action=ACTION_DOWN, keyCode=KEYCODE_BACK, scanCode=0, metaState=0, flags=0x0, repeatCount=0, eventTime=153713525, downTime=153713525, deviceId=-1, source=0x101 }
08-15 18:12:22.321  1732  1732 D EGL_emulation: eglMakeCurrent: 0xe85a0a80: ver 2 0 (tinfo 0xe859c310)
08-15 18:12:22.322  1732  1732 I chatty  : uid=1000(system) /system/bin/surfaceflinger identical 1 line
08-15 18:12:22.325  1732  1732 D EGL_emulation: eglMakeCurrent: 0xe85a0a80: ver 2 0 (tinfo 0xe859c310)
08-15 18:12:22.327 24795 24795 I Input   : injectKeyEvent: KeyEvent { action=ACTION_UP, keyCode=KEYCODE_BACK, scanCode=0, metaState=0, flags=0x0, repeatCount=0, eventTime=153713525, downTime=153713525, deviceId=-1, source=0x101 }
08-15 18:12:22.328 24795 24795 D AndroidRuntime: Shutting down VM
08-15 18:12:22.331  1732  1732 D EGL_emulation: eglMakeCurrent: 0xe85a0a80: ver 2 0 (tinfo 0xe859c310)
08-15 18:12:22.331  1732  1732 E HWComposer: getLayerReleaseFence failed for display -1: Invalid display
08-15 18:12:22.331  1732  1732 I chatty  : uid=1000(system) /system/bin/surfaceflinger identical 2 lines
08-15 18:12:22.331  1732  1732 E HWComposer: getLayerReleaseFence failed for display -1: Invalid display
08-15 18:12:22.334  1732  1732 D EGL_emulation: eglMakeCurrent: 0xe85a0a80: ver 2 0 (tinfo 0xe859c310)
08-15 18:12:22.345  1732  1732 I chatty  : uid=1000(system) /system/bin/surfaceflinger identical 2 lines
08-15 18:12:22.348  1732  1732 D EGL_emulation: eglMakeCurrent: 0xe85a0a80: ver 2 0 (tinfo 0xe859c310)
08-15 18:12:22.349  1732  1732 E HWComposer: getLayerReleaseFence failed for display -1: Invalid display
08-15 18:12:22.349  1732  1732 I chatty  : uid=1000(system) /system/bin/surfaceflinger identical 2 lines
08-15 18:12:22.349  1732  1732 E HWComposer: getLayerReleaseFence failed for display -1: Invalid display
08-15 18:12:22.352  1732  1732 D EGL_emulation: eglMakeCurrent: 0xe85a0a80: ver 2 0 (tinfo 0xe859c310)
08-15 18:12:22.363  1732  1732 I chatty  : uid=1000(system) /system/bin/surfaceflinger identical 2 lines
08-15 18:12:22.366  1732  1732 D EGL_emulation: eglMakeCurrent: 0xe85a0a80: ver 2 0 (tinfo 0xe859c310)
08-15 18:12:22.367  1732  1732 E HWComposer: getLayerReleaseFence failed for display -1: Invalid display
08-15 18:12:22.367  1732  1732 I chatty  : uid=1000(system) /system/bin/surfaceflinger identical 2 lines
08-15 18:12:22.367  1732  1732 E HWComposer: getLayerReleaseFence failed for display -1: Invalid display
08-15 18:12:22.368  1732  1732 D EGL_emulation: eglMakeCurrent: 0xe85a0a80: ver 2 0 (tinfo 0xe859c310)
08-15 18:12:22.374  1732  1732 I chatty  : uid=1000(system) /system/bin/surfaceflinger identical 2 lines
08-15 18:12:22.379  1732  1732 D EGL_emulation: eglMakeCurrent: 0xe85a0a80: ver 2 0 (tinfo 0xe859c310)
08-15 18:12:22.379  1891  1997 I GnssLocationProvider: WakeLock acquired by sendMessage(REPORT_SV_STATUS, 0, com.android.server.location.GnssLocationProvider$SvStatusInfo@3742f8e)
08-15 18:12:22.379  1891  1904 I GnssLocationProvider: WakeLock released by handleMessage(REPORT_SV_STATUS, 0, com.android.server.location.GnssLocationProvider$SvStatusInfo@3742f8e)
08-15 18:12:22.380  1732  1732 E HWComposer: getLayerReleaseFence failed for display -1: Invalid display
08-15 18:12:22.380  1732  1732 I chatty  : uid=1000(system) /system/bin/surfaceflinger identical 2 lines
08-15 18:12:22.380  1732  1732 E HWComposer: getLayerReleaseFence failed for display -1: Invalid display
08-15 18:12:22.385  1732  1732 D EGL_emulation: eglMakeCurrent: 0xe85a0a80: ver 2 0 (tinfo 0xe859c310)
08-15 18:12:22.392  1732  1732 I chatty  : uid=1000(system) /system/bin/surfaceflinger identical 2 lines
08-15 18:12:22.396  1732  1732 D EGL_emulation: eglMakeCurrent: 0xe85a0a80: ver 2 0 (tinfo 0xe859c310)
08-15 18:12:22.397  1732  1732 E HWComposer: getLayerReleaseFence failed for display -1: Invalid display
08-15 18:12:22.397  1732  1732 I chatty  : uid=1000(system) /system/bin/surfaceflinger identical 2 lines
08-15 18:12:22.397  1732  1732 E HWComposer: getLayerReleaseFence failed for display -1: Invalid display
08-15 18:12:22.398  1732  1732 D EGL_emulation: eglMakeCurrent: 0xe85a0a80: ver 2 0 (tinfo 0xe859c310)
08-15 18:12:22.409  1732  1732 I chatty  : uid=1000(system) /system/bin/surfaceflinger identical 2 lines
08-15 18:12:22.414  1732  1732 D EGL_emulation: eglMakeCurrent: 0xe85a0a80: ver 2 0 (tinfo 0xe859c310)
08-15 18:12:22.414  1732  1732 E HWComposer: getLayerReleaseFence failed for display -1: Invalid display
08-15 18:12:22.414  1732  1732 I chatty  : uid=1000(system) /system/bin/surfaceflinger identical 2 lines
08-15 18:12:22.414  1732  1732 E HWComposer: getLayerReleaseFence failed for display -1: Invalid display
08-15 18:12:22.415  1732  1732 D EGL_emulation: eglMakeCurrent: 0xe85a0a80: ver 2 0 (tinfo 0xe859c310)
08-15 18:12:22.430  1732  1732 I chatty  : uid=1000(system) /system/bin/surfaceflinger identical 2 lines
08-15 18:12:22.434  1732  1732 D EGL_emulation: eglMakeCurrent: 0xe85a0a80: ver 2 0 (tinfo 0xe859c310)
08-15 18:12:22.435  1732  1732 E HWComposer: getLayerReleaseFence failed for display -1: Invalid display
08-15 18:12:22.435  1732  1732 I chatty  : uid=1000(system) /system/bin/surfaceflinger identical 2 lines
08-15 18:12:22.435  1732  1732 E HWComposer: getLayerReleaseFence failed for display -1: Invalid display
08-15 18:12:22.436  1732  1732 D EGL_emulation: eglMakeCurrent: 0xe85a0a80: ver 2 0 (tinfo 0xe859c310)
08-15 18:12:22.442  1732  1732 I chatty  : uid=1000(system) /system/bin/surfaceflinger identical 2 lines
08-15 18:12:22.446  1732  1732 D EGL_emulation: eglMakeCurrent: 0xe85a0a80: ver 2 0 (tinfo 0xe859c310)
08-15 18:12:22.446  1732  1732 E HWComposer: getLayerReleaseFence failed for display -1: Invalid display
08-15 18:12:22.446  1732  1732 I chatty  : uid=1000(system) /system/bin/surfaceflinger identical 2 lines
08-15 18:12:22.446  1732  1732 E HWComposer: getLayerReleaseFence failed for display -1: Invalid display
08-15 18:12:22.447  1732  1732 D EGL_emulation: eglMakeCurrent: 0xe85a0a80: ver 2 0 (tinfo 0xe859c310)
08-15 18:12:22.458  1732  1732 I chatty  : uid=1000(system) /system/bin/surfaceflinger identical 2 lines
08-15 18:12:22.461  1732  1732 D EGL_emulation: eglMakeCurrent: 0xe85a0a80: ver 2 0 (tinfo 0xe859c310)
08-15 18:12:22.461  1732  1732 E HWComposer: getLayerReleaseFence failed for display -1: Invalid display
08-15 18:12:22.461  1732  1732 I chatty  : uid=1000(system) /system/bin/surfaceflinger identical 2 lines
08-15 18:12:22.461  1732  1732 E HWComposer: getLayerReleaseFence failed for display -1: Invalid display
08-15 18:12:22.464  1732  1732 D EGL_emulation: eglMakeCurrent: 0xe85a0a80: ver 2 0 (tinfo 0xe859c310)
08-15 18:12:22.479  1732  1732 I chatty  : uid=1000(system) /system/bin/surfaceflinger identical 2 lines
08-15 18:12:22.482  1732  1732 D EGL_emulation: eglMakeCurrent: 0xe85a0a80: ver 2 0 (tinfo 0xe859c310)
08-15 18:12:22.483  1732  1732 E HWComposer: getLayerReleaseFence failed for display -1: Invalid display
08-15 18:12:22.483  1732  1732 I chatty  : uid=1000(system) /system/bin/surfaceflinger identical 2 lines
08-15 18:12:22.483  1732  1732 E HWComposer: getLayerReleaseFence failed for display -1: Invalid display
08-15 18:12:22.484  1732  1732 D EGL_emulation: eglMakeCurrent: 0xe85a0a80: ver 2 0 (tinfo 0xe859c310)
08-15 18:12:22.496  1732  1732 I chatty  : uid=1000(system) /system/bin/surfaceflinger identical 2 lines
08-15 18:12:22.500  1732  1732 D EGL_emulation: eglMakeCurrent: 0xe85a0a80: ver 2 0 (tinfo 0xe859c310)
08-15 18:12:22.500  1732  1732 E HWComposer: getLayerReleaseFence failed for display -1: Invalid display
08-15 18:12:22.500  1732  1732 I chatty  : uid=1000(system) /system/bin/surfaceflinger identical 2 lines
08-15 18:12:22.500  1732  1732 E HWComposer: getLayerReleaseFence failed for display -1: Invalid display
08-15 18:12:22.502  1732  1732 D EGL_emulation: eglMakeCurrent: 0xe85a0a80: ver 2 0 (tinfo 0xe859c310)
08-15 18:12:22.514  1732  1732 I chatty  : uid=1000(system) /system/bin/surfaceflinger identical 2 lines
08-15 18:12:22.516  1732  1732 D EGL_emulation: eglMakeCurrent: 0xe85a0a80: ver 2 0 (tinfo 0xe859c310)
08-15 18:12:22.517  1732  1732 E HWComposer: getLayerReleaseFence failed for display -1: Invalid display
08-15 18:12:22.517  1732  1732 I chatty  : uid=1000(system) /system/bin/surfaceflinger identical 2 lines
08-15 18:12:22.517  1732  1732 E HWComposer: getLayerReleaseFence failed for display -1: Invalid display
08-15 18:12:22.518  1732  1732 D EGL_emulation: eglMakeCurrent: 0xe85a0a80: ver 2 0 (tinfo 0xe859c310)
08-15 18:12:22.862  1891  1919 I PackageManager.DexOptimizer: Running dexopt (dexoptNeeded=1) on: /data/app/com.learn.engspanish-ebSgZqbT2l350i3U_oxz7g==/base.apk pkg=com.learn.engspanish isa=x86 dexoptFlags=boot_complete,profile_guided,public,enable_hidden_api_checks targetFilter=speed-profile oatDir=/data/app/com.learn.engspanish-ebSgZqbT2l350i3U_oxz7g==/oat classLoaderContext=PCL[/system/framework/org.apache.http.legacy.boot.jar]
08-15 18:12:22.862  1737 20668 V installed: DexInv: --- BEGIN '/data/app/com.learn.engspanish-ebSgZqbT2l350i3U_oxz7g==/base.apk' ---
08-15 18:12:22.874 24823 24823 W dex2oat : Unexpected CPU variant for X86 using defaults: x86
08-15 18:12:22.874 24823 24823 W dex2oat : Mismatch between dex2oat instruction set features (ISA: X86 Feature string: -ssse3,-sse4.1,-sse4.2,-avx,-avx2,-popcnt) and those of dex2oat executable (ISA: X86 Feature string: ssse3,-sse4.1,-sse4.2,-avx,-avx2,-popcnt) for the command line:
08-15 18:12:22.874 24823 24823 W dex2oat : /system/bin/dex2oat --zip-fd=8 --zip-location=base.apk --input-vdex-fd=-1 --output-vdex-fd=10 --oat-fd=9 --oat-location=/data/app/com.learn.engspanish-ebSgZqbT2l350i3U_oxz7g==/oat/x86/base.odex --instruction-set=x86 --instruction-set-variant=x86 --instruction-set-features=default --runtime-arg -Xms64m --runtime-arg -Xmx512m --compiler-filter=speed-profile --swap-fd=11 --app-image-fd=12 --image-format=lz4 --classpath-dir=/data/app/com.learn.engspanish-ebSgZqbT2l350i3U_oxz7g== --class-loader-context=PCL[/system/framework/org.apache.http.legacy.boot.jar] --generate-mini-debug-info --compact-dex-level=none --runtime-arg -Xtarget-sdk-version:28 --runtime-arg -Xhidden-api-checks --compilation-reason=install
08-15 18:12:22.874 24823 24823 I dex2oat : /system/bin/dex2oat --input-vdex-fd=-1 --output-vdex-fd=10 --compiler-filter=speed-profile --classpath-dir=/data/app/com.learn.engspanish-ebSgZqbT2l350i3U_oxz7g== --class-loader-context=PCL[/system/framework/org.apache.http.legacy.boot.jar] --generate-mini-debug-info --compact-dex-level=none --compilation-reason=install
08-15 18:12:23.379  1891  1997 I GnssLocationProvider: WakeLock acquired by sendMessage(REPORT_SV_STATUS, 0, com.android.server.location.GnssLocationProvider$SvStatusInfo@9d5f943)
08-15 18:12:23.379  1891  1904 I GnssLocationProvider: WakeLock released by handleMessage(REPORT_SV_STATUS, 0, com.android.server.location.GnssLocationProvider$SvStatusInfo@9d5f943)
08-15 18:12:23.450 24823 24823 W dex2oat : Verification error in java.util.List com.google.android.gms.internal.ads.zzazr.zzeh(java.lang.String)
08-15 18:12:23.450 24823 24823 W dex2oat : java.util.List com.google.android.gms.internal.ads.zzazr.zzeh(java.lang.String) failed to verify: java.util.List com.google.android.gms.internal.ads.zzazr.zzeh(java.lang.String): [0x1D] expected to be within a catch-all for an instruction where a monitor is held
08-15 18:12:23.450 24823 24823 W dex2oat : 
08-15 18:12:23.458 24823 24827 W dex2oat : Verification error in boolean com.google.android.gms.internal.ads.zzbgp.zze(java.lang.String, java.lang.String[])
08-15 18:12:23.458 24823 24827 W dex2oat : boolean com.google.android.gms.internal.ads.zzbgp.zze(java.lang.String, java.lang.String[]) failed to verify: boolean com.google.android.gms.internal.ads.zzbgp.zze(java.lang.String, java.lang.String[]): [0x1CE] copy1 v11<-v52 type=Undefined cat=3
08-15 18:12:23.458 24823 24827 W dex2oat : 
08-15 18:12:23.474 24823 24826 W dex2oat : Verification error in java.lang.Object com.google.android.gms.internal.ads.zzbuk.get()
08-15 18:12:23.474 24823 24826 W dex2oat : java.lang.Object com.google.android.gms.internal.ads.zzbuk.get() failed to verify: java.lang.Object com.google.android.gms.internal.ads.zzbuk.get(): [0x13] rejecting non-direct call to constructor void java.lang.NullPointerException.<init>(java.lang.String)
08-15 18:12:23.474 24823 24826 W dex2oat : 
08-15 18:12:23.475 24823 24823 W dex2oat : Verification error in java.lang.Object com.google.android.gms.internal.ads.zzbxm.get()
08-15 18:12:23.475 24823 24823 W dex2oat : java.lang.Object com.google.android.gms.internal.ads.zzbxm.get() failed to verify: java.lang.Object com.google.android.gms.internal.ads.zzbxm.get(): [0x13] rejecting non-direct call to constructor void java.lang.NullPointerException.<init>(java.lang.String)
08-15 18:12:23.475 24823 24823 W dex2oat : 
08-15 18:12:23.486 24823 24826 W dex2oat : Verification error in java.lang.Object com.google.android.gms.internal.ads.zzcoy.get()
08-15 18:12:23.486 24823 24826 W dex2oat : java.lang.Object com.google.android.gms.internal.ads.zzcoy.get() failed to verify: java.lang.Object com.google.android.gms.internal.ads.zzcoy.get(): [0x13] rejecting non-direct call to constructor void java.lang.NullPointerException.<init>(java.lang.String)
08-15 18:12:23.486 24823 24826 W dex2oat : 
08-15 18:12:23.610 24823 24825 W dex2oat : Verification error in retrofit2.Response retrofit2.OkHttpCall.execute()
08-15 18:12:23.610 24823 24825 W dex2oat : retrofit2.Response retrofit2.OkHttpCall.execute() failed to verify: retrofit2.Response retrofit2.OkHttpCall.execute(): [0xDD] expected to be within a catch-all for an instruction where a monitor is held
08-15 18:12:23.610 24823 24825 W dex2oat : 
08-15 18:12:24.234 24823 24823 I dex2oat : Explicit concurrent copying GC freed 49134(6MB) AllocSpace objects, 0(0B) LOS objects, 99% free, 1232B/1537KB, paused 336us total 3.143ms
08-15 18:12:24.368 24823 24823 I dex2oat : dex2oat took 1.494s (3.789s cpu) (threads: 4) arena alloc=1071KB (1096856B) java alloc=17KB (17616B) native alloc=12MB (12791808B) free=3MB (3461120B)
08-15 18:12:24.373  1737 20668 V installed: DexInv: --- END '/data/app/com.learn.engspanish-ebSgZqbT2l350i3U_oxz7g==/base.apk' (success) ---
08-15 18:12:24.375  1891  1919 V BackupManagerService: restoreAtInstall pkg=com.learn.engspanish token=8e restoreSet=0
08-15 18:12:24.376  1891  1919 V BackupManagerService: Finishing install immediately
08-15 18:12:24.378  1737 20668 E         : Couldn't opendir /data/app/vmdl2124263320.tmp: No such file or directory
08-15 18:12:24.378  1737 20668 E installd: Failed to delete /data/app/vmdl2124263320.tmp: No such file or directory
08-15 18:12:24.384  1891  1904 E memtrack: Couldn't load memtrack module
08-15 18:12:24.384  1891  1904 W android.os.Debug: failed to get memory consumption info: -1
08-15 18:12:24.396  1891  6599 W BroadcastQueue: Background execution not allowed: receiving Intent { act=android.intent.action.PACKAGE_ADDED dat=package:com.learn.engspanish flg=0x4000010 (has extras) } to com.android.musicfx/.Compatibility$Receiver
08-15 18:12:24.397  1891  1997 I GnssLocationProvider: WakeLock acquired by sendMessage(REPORT_SV_STATUS, 0, com.android.server.location.GnssLocationProvider$SvStatusInfo@411983e)
08-15 18:12:24.397  1891  1905 W BroadcastQueue: Background execution not allowed: receiving Intent { act=android.intent.action.PACKAGE_ADDED dat=package:com.learn.engspanish flg=0x4000010 (has extras) } to com.android.vending/com.google.android.finsky.packagemanager.impl.PackageMonitorReceiverImpl$RegisteredReceiver
08-15 18:12:24.397  1891  1905 W BroadcastQueue: Background execution not allowed: receiving Intent { act=android.intent.action.PACKAGE_ADDED dat=package:com.learn.engspanish flg=0x4000010 (has extras) } to com.google.android.gms/.games.chimera.GamesSystemBroadcastReceiverProxy
08-15 18:12:24.397  1891  1905 W BroadcastQueue: Background execution not allowed: receiving Intent { act=android.intent.action.PACKAGE_ADDED dat=package:com.learn.engspanish flg=0x4000010 (has extras) } to com.google.android.gms/.gass.chimera.PackageChangeBroadcastReceiver
08-15 18:12:24.397  1891  1905 W BroadcastQueue: Background execution not allowed: receiving Intent { act=android.intent.action.PACKAGE_ADDED dat=package:com.learn.engspanish flg=0x4000010 (has extras) } to com.google.android.gms/.chimera.GmsIntentOperationService$PersistentTrustedReceiver
08-15 18:12:24.397  1891  1905 W BroadcastQueue: Background execution not allowed: receiving Intent { act=android.intent.action.PACKAGE_ADDED dat=package:com.learn.engspanish flg=0x4000010 (has extras) } to com.google.android.googlequicksearchbox/com.google.android.apps.gsa.googlequicksearchbox.GelStubAppWatcher
08-15 18:12:24.408  8733  8733 I Finsky  : [2] com.google.android.finsky.packagemanager.impl.PackageMonitorReceiverImpl.a(4): PackageMonitor received: android.intent.action.PACKAGE_ADDED
08-15 18:12:24.425  8733  8733 I Finsky  : [2] xvo.a(11): Do not start WearSupportService due to Wear service optimization
08-15 18:12:24.426  8733  8733 I Finsky  : [2] xvo.a(11): Do not start WearSupportService due to Wear service optimization
08-15 18:12:24.432  2125  2125 D CarrierSvcBindHelper: No carrier app for: 0
08-15 18:12:24.436  2335 24834 W GCM     : Unexpected forwarded intent: Intent { act=android.intent.action.PACKAGE_ADDED dat=package:com.learn.engspanish flg=0x4000010 cmp=com.google.android.gms/.chimera.PersistentIntentOperationService (has extras) }
08-15 18:12:24.440  2125  2125 D ImsResolver: maybeAddedImsService, packageName: com.learn.engspanish
08-15 18:12:24.440  2125  2125 D CarrierConfigLoader: mHandler: 9 phoneId: 0
08-15 18:12:24.457  8733 24647 I Finsky  : [3061] mdg.run(2): Cleaning dev-triggered-update data on package install for com.learn.engspanish.
08-15 18:12:24.465  8733  8733 I Finsky  : [2] otp.b(2): Frosting ID looked up on UI thread. Caller should move to a background thread.
08-15 18:12:24.471  8733 24651 I Finsky  : [3062] mdi.run(2): Finished dev-triggered-update cleaning.
08-15 18:12:24.477  2335 24834 W GCM     : Unexpected forwarded intent: Intent { act=android.intent.action.PACKAGE_ADDED dat=package:com.learn.engspanish flg=0x4000010 cmp=com.google.android.gms/.chimera.PersistentIntentOperationService (has extras) }
08-15 18:12:24.484  1891  1900 I system_server: Background concurrent copying GC freed 60772(3MB) AllocSpace objects, 20(792KB) LOS objects, 18% free, 27MB/33MB, paused 965us total 106.183ms
08-15 18:12:24.490  1891  1964 I InputReader: Reconfiguring input devices.  changes=0x00000010
08-15 18:12:24.491 29616 29626 W gle.android.gm: Suspending all threads took: 6.569ms
08-15 18:12:24.493 29616 24841 I Auth    : [SupervisedAccountIntentOperation] onHandleIntent(): android.intent.action.PACKAGE_ADDED
08-15 18:12:24.493 29616 24841 I Auth    : [SupervisedAccountIntentOperation] This operation is disabled
08-15 18:12:24.500 29616 24842 I ChromeSync: [Sync,SyncIntentOperation] Handling the intent: Intent { act=android.intent.action.PACKAGE_ADDED dat=package:com.learn.engspanish flg=0x4000010 cmp=com.google.android.gms/.chimera.GmsIntentOperationService (has extras) }.
08-15 18:12:24.504  1891  1891 W Looper  : Slow dispatch took 110ms main h=android.app.ActivityThread$H c=android.app.-$$Lambda$LoadedApk$ReceiverDispatcher$Args$_BumDX2UKsnxLVrE6UJsJZkotuA@af28cee m=0
08-15 18:12:24.513 29616 24844 I AppsUpload: Received intent with action android.intent.action.PACKAGE_ADDED
08-15 18:12:24.516  8733 24658 I Finsky  : [3063] ots.run(16): Wrote row to frosting DB: 119
08-15 18:12:24.517 29616 24842 I ChromeSync: [Persistence,AffiliationManager] One of affiliation or grouping data for android://UhbMtiAExFNPNceArXxYL07lKDceJ9QVHwVTMl3pzL5rNOxCM_X2QHA1gQU6v-owOXcnLReVhwTYm3cRKSpFaQ==@com.learn.engspanish/ was not found. Marking affiliation data as stale...
08-15 18:12:24.626 29616 31638 I Icing   : IndexChimeraService.getServiceInterface callingPackage=com.google.android.gms componentName=AppsCorpus serviceId=32
08-15 18:12:24.626 29616 21888 I Icing   : IndexChimeraService.getServiceInterface callingPackage=com.google.android.gms componentName=AppsCorpus serviceId=36
08-15 18:12:24.650 29616 24842 I ChromeSync: [Persistence,AffiliationManager] Fetching affiliations from the server.
08-15 18:12:24.666 29616 24683 I Icing   : Usage reports ok 0, Failed Usage reports 0, indexed 0, rejected 0
08-15 18:12:24.682 29616 24683 I Icing   : Usage reports ok 0, Failed Usage reports 0, indexed 0, rejected 0
08-15 18:12:24.686  1891  1904 I GnssLocationProvider: WakeLock released by handleMessage(REPORT_SV_STATUS, 0, com.android.server.location.GnssLocationProvider$SvStatusInfo@411983e)
08-15 18:12:24.698  1891  1891 W Looper  : Slow dispatch took 190ms main h=android.app.ActivityThread$H c=android.app.-$$Lambda$LoadedApk$ReceiverDispatcher$Args$_BumDX2UKsnxLVrE6UJsJZkotuA@ba6749d m=0
08-15 18:12:24.698  1891  1891 W Looper  : Slow delivery took 313ms main h=android.app.ActivityThread$H c=android.app.-$$Lambda$LoadedApk$ReceiverDispatcher$Args$_BumDX2UKsnxLVrE6UJsJZkotuA@bd5ad12 m=0
08-15 18:12:24.703  1891  1891 I Telecom : DefaultDialerCache: Refreshing default dialer for user 0: now com.google.android.dialer: DDC.oR@BDU
08-15 18:12:24.706  1891  1891 V BackupManagerConstants: getFullBackupIntervalMilliseconds(...) returns 86400000
08-15 18:12:24.811 24860 24860 D AndroidRuntime: >>>>>> START com.android.internal.os.RuntimeInit uid 2000 <<<<<<
08-15 18:12:24.834  1891  1891 W Looper  : Drained
08-15 18:12:24.962 24860 24860 W app_process: Unexpected CPU variant for X86 using defaults: x86
08-15 18:12:24.965 24860 24860 I app_process: The ClassLoaderContext is a special shared library.
08-15 18:12:24.973 24860 24860 W app_process: CheckJNI: method to register "write" not in the given class. This is slow, consider changing your RegisterNatives calls.
08-15 18:12:24.974 24860 24860 I chatty  : uid=2000(shell) main identical 42 lines
08-15 18:12:24.974 24860 24860 W app_process: CheckJNI: method to register "write" not in the given class. This is slow, consider changing your RegisterNatives calls.
08-15 18:12:24.974 24860 24860 W app_process: CheckJNI: method to register "write_non_chained" not in the given class. This is slow, consider changing your RegisterNatives calls.
08-15 18:12:24.974 24860 24860 I chatty  : uid=2000(shell) main identical 7 lines
08-15 18:12:24.974 24860 24860 W app_process: CheckJNI: method to register "write_non_chained" not in the given class. This is slow, consider changing your RegisterNatives calls.
08-15 18:12:25.026 24860 24860 D AndroidRuntime: Calling main entry com.android.commands.input.Input
08-15 18:12:25.029 24860 24860 I Input   : injectKeyEvent: KeyEvent { action=ACTION_DOWN, keyCode=KEYCODE_HOME, scanCode=0, metaState=0, flags=0x0, repeatCount=0, eventTime=153716233, downTime=153716233, deviceId=-1, source=0x101 }
08-15 18:12:25.034 24860 24860 I Input   : injectKeyEvent: KeyEvent { action=ACTION_UP, keyCode=KEYCODE_HOME, scanCode=0, metaState=0, flags=0x0, repeatCount=0, eventTime=153716233, downTime=153716233, deviceId=-1, source=0x101 }
08-15 18:12:25.043  1891  1963 I ActivityManager: START u0 {act=android.intent.action.MAIN cat=[android.intent.category.HOME] flg=0x10200000 cmp=com.google.android.apps.nexuslauncher/.NexusLauncherActivity (has extras)} from uid 1000
08-15 18:12:25.044  2012  2012 V StatusBar: mStatusBarWindow: com.android.systemui.statusbar.phone.StatusBarWindowView{9e20f5c V.ED..... ........ 0,0-1080,63} canPanelBeCollapsed(): false
08-15 18:12:25.051  2012  2012 I vol.Events: writeEvent dismiss_dialog volume_controller
08-15 18:12:25.063 24860 24860 D AndroidRuntime: Shutting down VM
08-15 18:12:25.379  1891  1997 I GnssLocationProvider: WakeLock acquired by sendMessage(REPORT_SV_STATUS, 0, com.android.server.location.GnssLocationProvider$SvStatusInfo@2a25ce3)
08-15 18:12:25.380  1891  1904 I GnssLocationProvider: WakeLock released by handleMessage(REPORT_SV_STATUS, 0, com.android.server.location.GnssLocationProvider$SvStatusInfo@2a25ce3)
08-15 18:12:25.659 29616 24584 I Icing   : Indexing com.google.android.gms-internal.3p:MobileApplication from com.google.android.gms
08-15 18:12:25.681 29616 24584 I Icing   : Indexing done com.google.android.gms-internal.3p:MobileApplication
08-15 18:12:25.700 29616 24584 I Icing   : Indexing com.google.android.gms-apps from com.google.android.gms
08-15 18:12:25.723 29616 24584 I Icing   : Indexing done com.google.android.gms-apps
08-15 18:12:26.379  1891  1997 I GnssLocationProvider: WakeLock acquired by sendMessage(REPORT_SV_STATUS, 0, com.android.server.location.GnssLocationProvider$SvStatusInfo@200e6e0)
08-15 18:12:26.379  1891  1904 I GnssLocationProvider: WakeLock released by handleMessage(REPORT_SV_STATUS, 0, com.android.server.location.GnssLocationProvider$SvStatusInfo@200e6e0)
08-15 18:12:27.248  1891  2414 V BackupManagerConstants: getFullBackupRequiredNetworkType(...) returns 2
08-15 18:12:27.248  1891  2414 V BackupManagerConstants: getFullBackupRequireCharging(...) returns true
08-15 18:12:27.379  1891  1997 I GnssLocationProvider: WakeLock acquired by sendMessage(REPORT_SV_STATUS, 0, com.android.server.location.GnssLocationProvider$SvStatusInfo@add885e)
08-15 18:12:27.380  1891  1904 I GnssLocationProvider: WakeLock released by handleMessage(REPORT_SV_STATUS, 0, com.android.server.location.GnssLocationProvider$SvStatusInfo@add885e)
