08-15 18:12:28.235  1891  5792 I ActivityManager: START u0 {act=android.intent.action.MAIN cat=[android.intent.category.LAUNCHER] flg=0x10000000 cmp=com.learn.engspanish/.SplashActivity} from uid 2000
08-15 18:12:28.249  1732  1732 D EGL_emulation: eglMakeCurrent: 0xe85a0a80: ver 2 0 (tinfo 0xe859c310)
08-15 18:12:28.269  1891  1907 I ActivityManager: Start proc 24910:com.learn.engspanish/u0a392 for activity com.learn.engspanish/.SplashActivity
08-15 18:12:28.258  1732  1732 I chatty  : uid=1000(system) /system/bin/surfaceflinger identical 1 line
08-15 18:12:28.270  1732  1732 D EGL_emulation: eglMakeCurrent: 0xe85a0a80: ver 2 0 (tinfo 0xe859c310)
08-15 18:12:28.271  1732  1732 E HWComposer: getLayerReleaseFence failed for display -1: Invalid display
08-15 18:12:28.271  1732  1732 I chatty  : uid=1000(system) /system/bin/surfaceflinger identical 2 lines
08-15 18:12:28.271  1732  1732 E HWComposer: getLayerReleaseFence failed for display -1: Invalid display
08-15 18:12:28.271 24910 24910 W earn.engspanis: Unexpected CPU variant for X86 using defaults: x86
08-15 18:12:28.272 24910 24910 E earn.engspanis: Not starting debugger since process cannot load the jdwp agent.
08-15 18:12:28.272  1732  1732 D EGL_emulation: eglMakeCurrent: 0xe85a0a80: ver 2 0 (tinfo 0xe859c310)
08-15 18:12:28.277  1732  1732 I chatty  : uid=1000(system) /system/bin/surfaceflinger identical 2 lines
08-15 18:12:28.279  1732  1732 D EGL_emulation: eglMakeCurrent: 0xe85a0a80: ver 2 0 (tinfo 0xe859c310)
08-15 18:12:28.279  1732  1732 E HWComposer: getLayerReleaseFence failed for display -1: Invalid display
08-15 18:12:28.280  1732  1732 I chatty  : uid=1000(system) /system/bin/surfaceflinger identical 2 lines
08-15 18:12:28.280  1732  1732 E HWComposer: getLayerReleaseFence failed for display -1: Invalid display
08-15 18:12:28.284  1732  1732 D EGL_emulation: eglMakeCurrent: 0xe85a0a80: ver 2 0 (tinfo 0xe859c310)
08-15 18:12:28.297  1891  2003 W ActivityManager: Request to remove task ignored for non-existent task 463
08-15 18:12:28.295  1732  1732 I chatty  : uid=1000(system) /system/bin/surfaceflinger identical 2 lines
08-15 18:12:28.298  1732  1732 D EGL_emulation: eglMakeCurrent: 0xe85a0a80: ver 2 0 (tinfo 0xe859c310)
08-15 18:12:28.298  1732  1732 E HWComposer: getLayerReleaseFence failed for display -1: Invalid display
08-15 18:12:28.298  1732  1732 I chatty  : uid=1000(system) /system/bin/surfaceflinger identical 1 line
08-15 18:12:28.298  1732  1732 E HWComposer: getLayerReleaseFence failed for display -1: Invalid display
08-15 18:12:28.298  1624  1624 D gralloc_ranchu: gralloc_alloc: Creating ashmem region of size 8298496
08-15 18:12:28.298  1732  1732 E HWComposer: getLayerReleaseFence failed for display -1: Invalid display
08-15 18:12:28.305  1732  1732 D EGL_emulation: eglMakeCurrent: 0xe85a0a80: ver 2 0 (tinfo 0xe859c310)
08-15 18:12:28.311  1732  1732 D EGL_emulation: eglMakeCurrent: 0xe85a0a80: ver 2 0 (tinfo 0xe859c310)
08-15 18:12:28.311  1732  1751 D         : HostConnection::get() New Host Connection established 0xdd1ff500, tid 1751
08-15 18:12:28.324  1732  1732 D EGL_emulation: eglMakeCurrent: 0xe85a0a80: ver 2 0 (tinfo 0xe859c310)
08-15 18:12:28.327 24910 24910 I earn.engspanis: The ClassLoaderContext is a special shared library.
08-15 18:12:28.336  1732  1732 D EGL_emulation: eglMakeCurrent: 0xe85a0a80: ver 2 0 (tinfo 0xe859c310)
08-15 18:12:28.337  1732  1732 E HWComposer: getLayerReleaseFence failed for display -1: Invalid display
08-15 18:12:28.337  1732  1732 I chatty  : uid=1000(system) /system/bin/surfaceflinger identical 2 lines
08-15 18:12:28.337  1732  1732 E HWComposer: getLayerReleaseFence failed for display -1: Invalid display
08-15 18:12:28.338  1732  1732 D EGL_emulation: eglMakeCurrent: 0xe85a0a80: ver 2 0 (tinfo 0xe859c310)
08-15 18:12:28.343  1732  1732 I chatty  : uid=1000(system) /system/bin/surfaceflinger identical 2 lines
08-15 18:12:28.345  1732  1732 D EGL_emulation: eglMakeCurrent: 0xe85a0a80: ver 2 0 (tinfo 0xe859c310)
08-15 18:12:28.346  1732  1732 E HWComposer: getLayerReleaseFence failed for display -1: Invalid display
08-15 18:12:28.346  1732  1732 I chatty  : uid=1000(system) /system/bin/surfaceflinger identical 2 lines
08-15 18:12:28.346  1732  1732 E HWComposer: getLayerReleaseFence failed for display -1: Invalid display
08-15 18:12:28.351  1732  1732 D EGL_emulation: eglMakeCurrent: 0xe85a0a80: ver 2 0 (tinfo 0xe859c310)
08-15 18:12:28.362  1732  1732 I chatty  : uid=1000(system) /system/bin/surfaceflinger identical 2 lines
08-15 18:12:28.365  1732  1732 D EGL_emulation: eglMakeCurrent: 0xe85a0a80: ver 2 0 (tinfo 0xe859c310)
08-15 18:12:28.365  1732  1732 E HWComposer: getLayerReleaseFence failed for display -1: Invalid display
08-15 18:12:28.365  1732  1732 I chatty  : uid=1000(system) /system/bin/surfaceflinger identical 2 lines
08-15 18:12:28.365  1732  1732 E HWComposer: getLayerReleaseFence failed for display -1: Invalid display
08-15 18:12:28.368  1732  1732 D EGL_emulation: eglMakeCurrent: 0xe85a0a80: ver 2 0 (tinfo 0xe859c310)
08-15 18:12:28.371  1732  1732 D EGL_emulation: eglMakeCurrent: 0xe85a0a80: ver 2 0 (tinfo 0xe859c310)
08-15 18:12:28.371 24910 24910 I System.out: CALLBACK_SLC: SLICING: ZZZ-1ZZZcom.learn.engspanish.AppZZZ<init>ZZZ__inst__ZZZspecialinvoke $r0.<android.app.Application: void <init>()>()
08-15 18:12:28.373 24910 24910 I System.out: SLICING: ZZZ-1ZZZcom.learn.engspanish.AppZZZattachBaseContextZZZ__inst__ZZZspecialinvoke $r0.<android.app.Application: void attachBaseContext(android.content.Context)>($r1)
08-15 18:12:28.373 24910 24910 I System.out: SLICING: ZZZ-1ZZZcom.learn.engspanish.AppZZZattachBaseContextZZZ__inst__ZZZstaticinvoke <android.support.multidex.MultiDex: void install(android.content.Context)>($r0)
08-15 18:12:28.376 24910 24910 I MultiDex: VM with version 2.1.0 has multidex support
08-15 18:12:28.376 24910 24910 I MultiDex: Installing application
08-15 18:12:28.376 24910 24910 I MultiDex: VM has multidex support, MultiDex support library is disabled.
08-15 18:12:28.378  1732  1732 D EGL_emulation: eglMakeCurrent: 0xe85a0a80: ver 2 0 (tinfo 0xe859c310)
08-15 18:12:28.380  1891  1997 I GnssLocationProvider: WakeLock acquired by sendMessage(REPORT_SV_STATUS, 0, com.android.server.location.GnssLocationProvider$SvStatusInfo@ed2fc79)
08-15 18:12:28.380  1891  1904 I GnssLocationProvider: WakeLock released by handleMessage(REPORT_SV_STATUS, 0, com.android.server.location.GnssLocationProvider$SvStatusInfo@ed2fc79)
08-15 18:12:28.382  1732  1732 D EGL_emulation: eglMakeCurrent: 0xe85a0a80: ver 2 0 (tinfo 0xe859c310)
08-15 18:12:28.383  1732  1732 E HWComposer: getLayerReleaseFence failed for display -1: Invalid display
08-15 18:12:28.383  1732  1732 I chatty  : uid=1000(system) /system/bin/surfaceflinger identical 2 lines
08-15 18:12:28.383  1732  1732 E HWComposer: getLayerReleaseFence failed for display -1: Invalid display
08-15 18:12:28.385  1732  1732 D EGL_emulation: eglMakeCurrent: 0xe85a0a80: ver 2 0 (tinfo 0xe859c310)
08-15 18:12:28.387  1732  1732 D EGL_emulation: eglMakeCurrent: 0xe85a0a80: ver 2 0 (tinfo 0xe859c310)
08-15 18:12:28.389  1624  1624 D gralloc_ranchu: gralloc_alloc: Creating ashmem region of size 8298496
08-15 18:12:28.394  1732  2377 D         : HostConnection::get() New Host Connection established 0xddaba780, tid 2377
08-15 18:12:28.394  1732  1732 D EGL_emulation: eglMakeCurrent: 0xe85a0a80: ver 2 0 (tinfo 0xe859c310)
08-15 18:12:28.400  1732  1732 D EGL_emulation: eglMakeCurrent: 0xe85a0a80: ver 2 0 (tinfo 0xe859c310)
08-15 18:12:28.401  1732  1732 E HWComposer: getLayerReleaseFence failed for display -1: Invalid display
08-15 18:12:28.401  1732  1732 I chatty  : uid=1000(system) /system/bin/surfaceflinger identical 2 lines
08-15 18:12:28.401  1732  1732 E HWComposer: getLayerReleaseFence failed for display -1: Invalid display
08-15 18:12:28.407  1732  1732 D EGL_emulation: eglMakeCurrent: 0xe85a0a80: ver 2 0 (tinfo 0xe859c310)
08-15 18:12:28.417  1732  1732 I chatty  : uid=1000(system) /system/bin/surfaceflinger identical 2 lines
08-15 18:12:28.421  1732  1732 D EGL_emulation: eglMakeCurrent: 0xe85a0a80: ver 2 0 (tinfo 0xe859c310)
08-15 18:12:28.422  1732  1732 E HWComposer: getLayerReleaseFence failed for display -1: Invalid display
08-15 18:12:28.422  1732  1732 I chatty  : uid=1000(system) /system/bin/surfaceflinger identical 3 lines
08-15 18:12:28.422  1732  1732 E HWComposer: getLayerReleaseFence failed for display -1: Invalid display
08-15 18:12:28.424  1732  1732 D EGL_emulation: eglMakeCurrent: 0xe85a0a80: ver 2 0 (tinfo 0xe859c310)
08-15 18:12:28.428  1732  1732 I chatty  : uid=1000(system) /system/bin/surfaceflinger identical 2 lines
08-15 18:12:28.438  1732  1732 D EGL_emulation: eglMakeCurrent: 0xe85a0a80: ver 2 0 (tinfo 0xe859c310)
08-15 18:12:28.439  1732  1732 E HWComposer: getLayerReleaseFence failed for display -1: Invalid display
08-15 18:12:28.439  1732  1732 I chatty  : uid=1000(system) /system/bin/surfaceflinger identical 3 lines
08-15 18:12:28.439  1732  1732 E HWComposer: getLayerReleaseFence failed for display -1: Invalid display
08-15 18:12:28.440  1732  1732 D EGL_emulation: eglMakeCurrent: 0xe85a0a80: ver 2 0 (tinfo 0xe859c310)
08-15 18:12:28.444  1732  1732 I chatty  : uid=1000(system) /system/bin/surfaceflinger identical 2 lines
08-15 18:12:28.447  1732  1732 D EGL_emulation: eglMakeCurrent: 0xe85a0a80: ver 2 0 (tinfo 0xe859c310)
08-15 18:12:28.447  1732  1732 E HWComposer: getLayerReleaseFence failed for display -1: Invalid display
08-15 18:12:28.447  1732  1732 I chatty  : uid=1000(system) /system/bin/surfaceflinger identical 3 lines
08-15 18:12:28.447  1732  1732 E HWComposer: getLayerReleaseFence failed for display -1: Invalid display
08-15 18:12:28.448 24910 24910 D FirebaseApp: com.google.firebase.auth.FirebaseAuth is not linked. Skipping initialization.
08-15 18:12:28.448 24910 24910 D FirebaseApp: com.google.firebase.crash.FirebaseCrash is not linked. Skipping initialization.
08-15 18:12:28.448 24910 24910 I FirebaseInitProvider: FirebaseApp initialization successful
08-15 18:12:28.452  1732  1732 D EGL_emulation: eglMakeCurrent: 0xe85a0a80: ver 2 0 (tinfo 0xe859c310)
08-15 18:12:28.456 24910 24934 V FA      : Deferring to Google Analytics for Firebase for event data collection. https://goo.gl/J1sWQy
08-15 18:12:28.461  1732  1732 D EGL_emulation: eglMakeCurrent: 0xe85a0a80: ver 2 0 (tinfo 0xe859c310)
08-15 18:12:28.465  1732  1732 I chatty  : uid=1000(system) /system/bin/surfaceflinger identical 1 line
08-15 18:12:28.468  1732  1732 D EGL_emulation: eglMakeCurrent: 0xe85a0a80: ver 2 0 (tinfo 0xe859c310)
08-15 18:12:28.468  1732  1732 E HWComposer: getLayerReleaseFence failed for display -1: Invalid display
08-15 18:12:28.469  1732  1732 I chatty  : uid=1000(system) /system/bin/surfaceflinger identical 3 lines
08-15 18:12:28.469  1732  1732 E HWComposer: getLayerReleaseFence failed for display -1: Invalid display
08-15 18:12:28.472  1732  1732 D EGL_emulation: eglMakeCurrent: 0xe85a0a80: ver 2 0 (tinfo 0xe859c310)
08-15 18:12:28.474 24910 24934 W earn.engspanis: Unsupported class loader
08-15 18:12:28.478  1732  1732 D EGL_emulation: eglMakeCurrent: 0xe85a0a80: ver 2 0 (tinfo 0xe859c310)
08-15 18:12:28.478 24910 24934 W earn.engspanis: Skipping duplicate class check due to unsupported classloader
08-15 18:12:28.483  1732  1732 D EGL_emulation: eglMakeCurrent: 0xe85a0a80: ver 2 0 (tinfo 0xe859c310)
08-15 18:12:28.484 24910 24910 I System.out: CALLBACK_SLC: SLICING: ZZZ-1ZZZcom.learn.engspanish.AppZZZonCreateZZZ__inst__ZZZspecialinvoke $r0.<android.app.Application: void onCreate()>()
08-15 18:12:28.484 24910 24910 I System.out: CALLBACK_SLC: SLICING: ZZZ-1ZZZcom.learn.engspanish.AppZZZonCreateZZZ__inst__ZZZ$r1 = virtualinvoke $r0.<com.learn.engspanish.App: java.lang.String getString(int)>(2131689589)
08-15 18:12:28.484 24910 24910 I System.out: CALLBACK_SLC: SLICING: ZZZ-1ZZZcom.learn.engspanish.AppZZZonCreateZZZ__inst__ZZZstaticinvoke <com.google.android.gms.ads.MobileAds: void initialize(android.content.Context,java.lang.String)>($r0, $r1)
08-15 18:12:28.484 24910 24934 I DynamiteModule: Considering local module com.google.android.gms.ads.dynamite:0 and remote module com.google.android.gms.ads.dynamite:20290
08-15 18:12:28.484 24910 24934 I DynamiteModule: Selected remote version of com.google.android.gms.ads.dynamite, version >= 20290
08-15 18:12:28.484 24910 24934 V DynamiteModule: Dynamite loader version >= 2, using loadModule2NoCrashUtils
08-15 18:12:28.490  1732  1732 D EGL_emulation: eglMakeCurrent: 0xe85a0a80: ver 2 0 (tinfo 0xe859c310)
08-15 18:12:28.490  1732  1732 E HWComposer: getLayerReleaseFence failed for display -1: Invalid display
08-15 18:12:28.490  1732  1732 I chatty  : uid=1000(system) /system/bin/surfaceflinger identical 3 lines
08-15 18:12:28.490  1732  1732 E HWComposer: getLayerReleaseFence failed for display -1: Invalid display
08-15 18:12:28.492  1732  1732 D EGL_emulation: eglMakeCurrent: 0xe85a0a80: ver 2 0 (tinfo 0xe859c310)
08-15 18:12:28.494  1732  1732 D EGL_emulation: eglMakeCurrent: 0xe85a0a80: ver 2 0 (tinfo 0xe859c310)
08-15 18:12:28.495 24910 24910 I earn.engspanis: The ClassLoaderContext is a special shared library.
08-15 18:12:28.497  1732  1732 D EGL_emulation: eglMakeCurrent: 0xe85a0a80: ver 2 0 (tinfo 0xe859c310)
08-15 18:12:28.498 24910 24945 D NetworkSecurityConfig: No Network Security Config specified, using platform default
08-15 18:12:28.500  1732  1732 D EGL_emulation: eglMakeCurrent: 0xe85a0a80: ver 2 0 (tinfo 0xe859c310)
08-15 18:12:28.501  1732  1732 E HWComposer: getLayerReleaseFence failed for display -1: Invalid display
08-15 18:12:28.501  1732  1732 I chatty  : uid=1000(system) /system/bin/surfaceflinger identical 3 lines
08-15 18:12:28.501  1732  1732 E HWComposer: getLayerReleaseFence failed for display -1: Invalid display
08-15 18:12:28.502 24910 24910 I earn.engspanis: The ClassLoaderContext is a special shared library.
08-15 18:12:28.506  1732  1732 D EGL_emulation: eglMakeCurrent: 0xe85a0a80: ver 2 0 (tinfo 0xe859c310)
08-15 18:12:28.506 24910 24910 I earn.engspanis: The ClassLoaderContext is a special shared library.
08-15 18:12:28.510  1732  1732 D EGL_emulation: eglMakeCurrent: 0xe85a0a80: ver 2 0 (tinfo 0xe859c310)
08-15 18:12:28.518  1732  1732 I chatty  : uid=1000(system) /system/bin/surfaceflinger identical 1 line
08-15 18:12:28.521  1732  1732 D EGL_emulation: eglMakeCurrent: 0xe85a0a80: ver 2 0 (tinfo 0xe859c310)
08-15 18:12:28.522  1732  1732 E HWComposer: getLayerReleaseFence failed for display -1: Invalid display
08-15 18:12:28.522  1732  1732 I chatty  : uid=1000(system) /system/bin/surfaceflinger identical 3 lines
08-15 18:12:28.522  1732  1732 E HWComposer: getLayerReleaseFence failed for display -1: Invalid display
08-15 18:12:28.523  1732  1732 D EGL_emulation: eglMakeCurrent: 0xe85a0a80: ver 2 0 (tinfo 0xe859c310)
08-15 18:12:28.532  1732  1732 I chatty  : uid=1000(system) /system/bin/surfaceflinger identical 2 lines
08-15 18:12:28.535  1732  1732 D EGL_emulation: eglMakeCurrent: 0xe85a0a80: ver 2 0 (tinfo 0xe859c310)
08-15 18:12:28.535  1732  1732 E HWComposer: getLayerReleaseFence failed for display -1: Invalid display
08-15 18:12:28.535  1732  1732 I chatty  : uid=1000(system) /system/bin/surfaceflinger identical 3 lines
08-15 18:12:28.535  1732  1732 E HWComposer: getLayerReleaseFence failed for display -1: Invalid display
08-15 18:12:28.538 24910 24934 W earn.engspanis: Unsupported class loader
08-15 18:12:28.540  1732  1732 D EGL_emulation: eglMakeCurrent: 0xe85a0a80: ver 2 0 (tinfo 0xe859c310)
08-15 18:12:28.545  1732  1732 I chatty  : uid=1000(system) /system/bin/surfaceflinger identical 2 lines
08-15 18:12:28.552  1732  1732 D EGL_emulation: eglMakeCurrent: 0xe85a0a80: ver 2 0 (tinfo 0xe859c310)
08-15 18:12:28.553  1732  1732 E HWComposer: getLayerReleaseFence failed for display -1: Invalid display
08-15 18:12:28.553  1732  1732 I chatty  : uid=1000(system) /system/bin/surfaceflinger identical 3 lines
08-15 18:12:28.553  1732  1732 E HWComposer: getLayerReleaseFence failed for display -1: Invalid display
08-15 18:12:28.559 24910 24934 W earn.engspanis: Skipping duplicate class check due to unsupported classloader
08-15 18:12:28.560  1732  1732 D EGL_emulation: eglMakeCurrent: 0xe85a0a80: ver 2 0 (tinfo 0xe859c310)
08-15 18:12:28.564  1732  1732 I chatty  : uid=1000(system) /system/bin/surfaceflinger identical 2 lines
08-15 18:12:28.567  1732  1732 D EGL_emulation: eglMakeCurrent: 0xe85a0a80: ver 2 0 (tinfo 0xe859c310)
08-15 18:12:28.568  1732  1732 E HWComposer: getLayerReleaseFence failed for display -1: Invalid display
08-15 18:12:28.568  1732  1732 I chatty  : uid=1000(system) /system/bin/surfaceflinger identical 3 lines
08-15 18:12:28.568  1732  1732 E HWComposer: getLayerReleaseFence failed for display -1: Invalid display
08-15 18:12:28.574  1732  1732 D EGL_emulation: eglMakeCurrent: 0xe85a0a80: ver 2 0 (tinfo 0xe859c310)
08-15 18:12:28.585  1732  1732 I chatty  : uid=1000(system) /system/bin/surfaceflinger identical 2 lines
08-15 18:12:28.589  1732  1732 D EGL_emulation: eglMakeCurrent: 0xe85a0a80: ver 2 0 (tinfo 0xe859c310)
08-15 18:12:28.589  1732  1732 E HWComposer: getLayerReleaseFence failed for display -1: Invalid display
08-15 18:12:28.589  1732  1732 I chatty  : uid=1000(system) /system/bin/surfaceflinger identical 3 lines
08-15 18:12:28.589  1732  1732 E HWComposer: getLayerReleaseFence failed for display -1: Invalid display
08-15 18:12:28.591  1732  1732 D EGL_emulation: eglMakeCurrent: 0xe85a0a80: ver 2 0 (tinfo 0xe859c310)
08-15 18:12:28.592 24910 24910 I DynamiteModule: Considering local module com.google.android.gms.ads.dynamite:0 and remote module com.google.android.gms.ads.dynamite:20290
08-15 18:12:28.593  1732  1732 D EGL_emulation: eglMakeCurrent: 0xe85a0a80: ver 2 0 (tinfo 0xe859c310)
08-15 18:12:28.593 24910 24910 I DynamiteModule: Selected remote version of com.google.android.gms.ads.dynamite, version >= 20290
08-15 18:12:28.594 24910 24910 D DynamitePackage: Instantiated singleton DynamitePackage.
08-15 18:12:28.594 24910 24910 D DynamitePackage: Instantiating com.google.android.gms.ads.ChimeraMobileAdsSettingManagerCreatorImpl
08-15 18:12:28.597  1732  1732 D EGL_emulation: eglMakeCurrent: 0xe85a0a80: ver 2 0 (tinfo 0xe859c310)
08-15 18:12:28.600  1732  1732 D EGL_emulation: eglMakeCurrent: 0xe85a0a80: ver 2 0 (tinfo 0xe859c310)
08-15 18:12:28.600  1732  1732 E HWComposer: getLayerReleaseFence failed for display -1: Invalid display
08-15 18:12:28.600  1732  1732 I chatty  : uid=1000(system) /system/bin/surfaceflinger identical 3 lines
08-15 18:12:28.600  1732  1732 E HWComposer: getLayerReleaseFence failed for display -1: Invalid display
08-15 18:12:28.602  1732  1732 D EGL_emulation: eglMakeCurrent: 0xe85a0a80: ver 2 0 (tinfo 0xe859c310)
08-15 18:12:28.606  1732  1732 D EGL_emulation: eglMakeCurrent: 0xe85a0a80: ver 2 0 (tinfo 0xe859c310)
08-15 18:12:28.612 24910 24938 I FA      : App measurement is starting up, version: 16250
08-15 18:12:28.612 24910 24938 I FA      : To enable debug logging run: adb shell setprop log.tag.FA VERBOSE
08-15 18:12:28.612 24910 24938 I FA      : To enable faster debug mode event logging run:
08-15 18:12:28.612 24910 24938 I FA      :   adb shell setprop debug.firebase.analytics.app com.learn.engspanish
08-15 18:12:28.613  1732  1732 D EGL_emulation: eglMakeCurrent: 0xe85a0a80: ver 2 0 (tinfo 0xe859c310)
08-15 18:12:28.619  1732  1732 D EGL_emulation: eglMakeCurrent: 0xe85a0a80: ver 2 0 (tinfo 0xe859c310)
08-15 18:12:28.619  1732  1732 E HWComposer: getLayerReleaseFence failed for display -1: Invalid display
08-15 18:12:28.619  1732  1732 I chatty  : uid=1000(system) /system/bin/surfaceflinger identical 3 lines
08-15 18:12:28.619  1732  1732 E HWComposer: getLayerReleaseFence failed for display -1: Invalid display
08-15 18:12:28.621  1732  1732 D EGL_emulation: eglMakeCurrent: 0xe85a0a80: ver 2 0 (tinfo 0xe859c310)
08-15 18:12:28.626  1732  1732 I chatty  : uid=1000(system) /system/bin/surfaceflinger identical 2 lines
08-15 18:12:28.634  1732  1732 D EGL_emulation: eglMakeCurrent: 0xe85a0a80: ver 2 0 (tinfo 0xe859c310)
08-15 18:12:28.635  1732  1732 E HWComposer: getLayerReleaseFence failed for display -1: Invalid display
08-15 18:12:28.635  1732  1732 I chatty  : uid=1000(system) /system/bin/surfaceflinger identical 3 lines
08-15 18:12:28.635  1732  1732 E HWComposer: getLayerReleaseFence failed for display -1: Invalid display
08-15 18:12:28.640  1732  1732 D EGL_emulation: eglMakeCurrent: 0xe85a0a80: ver 2 0 (tinfo 0xe859c310)
08-15 18:12:28.641  1766  1778 D gralloc_ranchu: gralloc_unregister_buffer: exiting HostConnection (is buffer-handling thread)
08-15 18:12:28.641  1766  1778 D         : HostConnection::get() New Host Connection established 0xf2740280, tid 1778
08-15 18:12:28.641  1766  1778 D gralloc_ranchu: gralloc_unregister_buffer: exiting HostConnection (is buffer-handling thread)
08-15 18:12:28.642  1766  1778 D         : HostConnection::get() New Host Connection established 0xf2740280, tid 1778
08-15 18:12:28.642  1766  1778 D gralloc_ranchu: gralloc_unregister_buffer: exiting HostConnection (is buffer-handling thread)
08-15 18:12:28.642  1766  1778 D         : HostConnection::get() New Host Connection established 0xf2740280, tid 1778
08-15 18:12:28.642  1766  1778 D gralloc_ranchu: gralloc_unregister_buffer: exiting HostConnection (is buffer-handling thread)
08-15 18:12:28.642  1766  1778 D         : HostConnection::get() New Host Connection established 0xf2740280, tid 1778
08-15 18:12:28.642  1766  1778 D gralloc_ranchu: gralloc_unregister_buffer: exiting HostConnection (is buffer-handling thread)
08-15 18:12:28.642  1766  1778 D         : HostConnection::get() New Host Connection established 0xf2740280, tid 1778
08-15 18:12:28.642  1766  1778 D gralloc_ranchu: gralloc_unregister_buffer: exiting HostConnection (is buffer-handling thread)
08-15 18:12:28.642  1766  1778 D         : HostConnection::get() New Host Connection established 0xf2740280, tid 1778
08-15 18:12:28.643  1766  1778 D gralloc_ranchu: gralloc_unregister_buffer: exiting HostConnection (is buffer-handling thread)
08-15 18:12:28.643  1766  1778 D         : HostConnection::get() New Host Connection established 0xf2740280, tid 1778
08-15 18:12:28.643  1766  1778 D gralloc_ranchu: gralloc_unregister_buffer: exiting HostConnection (is buffer-handling thread)
08-15 18:12:28.643  1732  1732 D EGL_emulation: eglMakeCurrent: 0xe85a0a80: ver 2 0 (tinfo 0xe859c310)
08-15 18:12:28.646  1732  1732 I chatty  : uid=1000(system) /system/bin/surfaceflinger identical 1 line
08-15 18:12:28.647  1732  1732 D EGL_emulation: eglMakeCurrent: 0xe85a0a80: ver 2 0 (tinfo 0xe859c310)
08-15 18:12:28.648 24910 24910 I WebViewFactory: Loading com.android.chrome version 69.0.3497.100 (code 349710017)
08-15 18:12:28.648  1732  1732 E HWComposer: getLayerReleaseFence failed for display -1: Invalid display
08-15 18:12:28.648  1732  1732 I chatty  : uid=1000(system) /system/bin/surfaceflinger identical 1 line
08-15 18:12:28.648  1732  1732 E HWComposer: getLayerReleaseFence failed for display -1: Invalid display
08-15 18:12:28.648  1766  1778 D         : HostConnection::get() New Host Connection established 0xf27403c0, tid 1778
08-15 18:12:28.656  1732  1732 D EGL_emulation: eglMakeCurrent: 0xe85a0a80: ver 2 0 (tinfo 0xe859c310)
08-15 18:12:28.657 24910 24910 I earn.engspanis: The ClassLoaderContext is a special shared library.
08-15 18:12:28.658  1732  1732 D EGL_emulation: eglMakeCurrent: 0xe85a0a80: ver 2 0 (tinfo 0xe859c310)
08-15 18:12:28.664  1732  1732 D EGL_emulation: eglMakeCurrent: 0xe85a0a80: ver 2 0 (tinfo 0xe859c310)
08-15 18:12:28.669  2012  2218 D EGL_emulation: eglMakeCurrent: 0xdfc66ca0: ver 2 0 (tinfo 0xcac5b610)
08-15 18:12:28.674  1732  1732 D EGL_emulation: eglMakeCurrent: 0xe85a0a80: ver 2 0 (tinfo 0xe859c310)
08-15 18:12:28.674  1732  1732 E HWComposer: getLayerReleaseFence failed for display -1: Invalid display
08-15 18:12:28.674  1732  1732 I chatty  : uid=1000(system) /system/bin/surfaceflinger identical 1 line
08-15 18:12:28.674  1732  1732 E HWComposer: getLayerReleaseFence failed for display -1: Invalid display
08-15 18:12:28.675  1732  1732 D EGL_emulation: eglMakeCurrent: 0xe85a0a80: ver 2 0 (tinfo 0xe859c310)
08-15 18:12:28.679  1732  1732 I chatty  : uid=1000(system) /system/bin/surfaceflinger identical 2 lines
08-15 18:12:28.681  1732  1732 D EGL_emulation: eglMakeCurrent: 0xe85a0a80: ver 2 0 (tinfo 0xe859c310)
08-15 18:12:28.681  1732  1732 E HWComposer: getLayerReleaseFence failed for display -1: Invalid display
08-15 18:12:28.681  1732  1732 I chatty  : uid=1000(system) /system/bin/surfaceflinger identical 1 line
08-15 18:12:28.681  1732  1732 E HWComposer: getLayerReleaseFence failed for display -1: Invalid display
08-15 18:12:28.685  1732  1732 D EGL_emulation: eglMakeCurrent: 0xe85a0a80: ver 2 0 (tinfo 0xe859c310)
08-15 18:12:28.685 15414 15445 D EGL_emulation: eglMakeCurrent: 0xe1605720: ver 2 0 (tinfo 0xe16034b0)
08-15 18:12:28.686 29973 30122 D EGL_emulation: eglMakeCurrent: 0xe33a8260: ver 2 0 (tinfo 0xdfc6da30)
08-15 18:12:28.686  1732  2377 D gralloc_ranchu: gralloc_unregister_buffer: exiting HostConnection (is buffer-handling thread)
08-15 18:12:28.687  1732  2377 D         : HostConnection::get() New Host Connection established 0xddaba780, tid 2377
08-15 18:12:28.687  1732  2377 D gralloc_ranchu: gralloc_unregister_buffer: exiting HostConnection (is buffer-handling thread)
08-15 18:12:28.688  1732  2377 D         : HostConnection::get() New Host Connection established 0xddaba780, tid 2377
08-15 18:12:28.688  1732  2377 D gralloc_ranchu: gralloc_unregister_buffer: exiting HostConnection (is buffer-handling thread)
08-15 18:12:28.688  1732  2377 D         : HostConnection::get() New Host Connection established 0xddaba780, tid 2377
08-15 18:12:28.689  1732  2377 D gralloc_ranchu: gralloc_unregister_buffer: exiting HostConnection (is buffer-handling thread)
08-15 18:12:28.692  1732  1732 D EGL_emulation: eglMakeCurrent: 0xe85a0a80: ver 2 0 (tinfo 0xe859c310)
08-15 18:12:28.693  1732  2377 D         : HostConnection::get() New Host Connection established 0xdd1ff140, tid 2377
08-15 18:12:28.693  1732  2377 D gralloc_ranchu: gralloc_unregister_buffer: exiting HostConnection (is buffer-handling thread)
08-15 18:12:28.693  1732  2377 D         : HostConnection::get() New Host Connection established 0xdd1ff140, tid 2377
08-15 18:12:28.694  2012  2218 D EGL_emulation: eglMakeCurrent: 0xdfc66ca0: ver 2 0 (tinfo 0xcac5b610)
08-15 18:12:28.695  1732  1732 D EGL_emulation: eglMakeCurrent: 0xe85a0a80: ver 2 0 (tinfo 0xe859c310)
08-15 18:12:28.696  1732  2377 D gralloc_ranchu: gralloc_unregister_buffer: exiting HostConnection (is buffer-handling thread)
08-15 18:12:28.697  1732  2377 D         : HostConnection::get() New Host Connection established 0xdd1ff140, tid 2377
08-15 18:12:28.697  1732  2377 D gralloc_ranchu: gralloc_unregister_buffer: exiting HostConnection (is buffer-handling thread)
08-15 18:12:28.697  1732  2377 D         : HostConnection::get() New Host Connection established 0xdd1ff140, tid 2377
08-15 18:12:28.697  1732  2377 D gralloc_ranchu: gralloc_unregister_buffer: exiting HostConnection (is buffer-handling thread)
08-15 18:12:28.697  1732  1732 D EGL_emulation: eglMakeCurrent: 0xe85a0a80: ver 2 0 (tinfo 0xe859c310)
08-15 18:12:28.697  1732  1732 E HWComposer: getLayerReleaseFence failed for display -1: Invalid display
08-15 18:12:28.697  1732  1732 I chatty  : uid=1000(system) /system/bin/surfaceflinger identical 1 line
08-15 18:12:28.697  1732  1732 E HWComposer: getLayerReleaseFence failed for display -1: Invalid display
08-15 18:12:28.702  1732  1732 D EGL_emulation: eglMakeCurrent: 0xe85a0a80: ver 2 0 (tinfo 0xe859c310)
08-15 18:12:28.710  1732  1732 I chatty  : uid=1000(system) /system/bin/surfaceflinger identical 2 lines
08-15 18:12:28.713  1732  1732 D EGL_emulation: eglMakeCurrent: 0xe85a0a80: ver 2 0 (tinfo 0xe859c310)
08-15 18:12:28.713  1732  1732 E HWComposer: getLayerReleaseFence failed for display -1: Invalid display
08-15 18:12:28.713  1732  1732 I chatty  : uid=1000(system) /system/bin/surfaceflinger identical 1 line
08-15 18:12:28.713  1732  1732 E HWComposer: getLayerReleaseFence failed for display -1: Invalid display
08-15 18:12:28.719  1732  1732 D EGL_emulation: eglMakeCurrent: 0xe85a0a80: ver 2 0 (tinfo 0xe859c310)
08-15 18:12:28.722  2012  2218 D EGL_emulation: eglMakeCurrent: 0xdfc66ca0: ver 2 0 (tinfo 0xcac5b610)
08-15 18:12:28.724  1732  1732 D EGL_emulation: eglMakeCurrent: 0xe85a0a80: ver 2 0 (tinfo 0xe859c310)
08-15 18:12:28.726  1732  1732 I chatty  : uid=1000(system) /system/bin/surfaceflinger identical 1 line
08-15 18:12:28.728  1732  1732 D EGL_emulation: eglMakeCurrent: 0xe85a0a80: ver 2 0 (tinfo 0xe859c310)
08-15 18:12:28.730  1732  1732 E HWComposer: getLayerReleaseFence failed for display -1: Invalid display
08-15 18:12:28.730  1732  1732 I chatty  : uid=1000(system) /system/bin/surfaceflinger identical 1 line
08-15 18:12:28.730  1732  1732 E HWComposer: getLayerReleaseFence failed for display -1: Invalid display
08-15 18:12:28.735  1732  1732 D EGL_emulation: eglMakeCurrent: 0xe85a0a80: ver 2 0 (tinfo 0xe859c310)
08-15 18:12:28.741  1732  1732 I chatty  : uid=1000(system) /system/bin/surfaceflinger identical 2 lines
08-15 18:12:28.744  1732  1732 D EGL_emulation: eglMakeCurrent: 0xe85a0a80: ver 2 0 (tinfo 0xe859c310)
08-15 18:12:28.744  1732  1732 E HWComposer: getLayerReleaseFence failed for display -1: Invalid display
08-15 18:12:28.744  1732  1732 I chatty  : uid=1000(system) /system/bin/surfaceflinger identical 1 line
08-15 18:12:28.744  1732  1732 E HWComposer: getLayerReleaseFence failed for display -1: Invalid display
08-15 18:12:28.752  1732  1732 D EGL_emulation: eglMakeCurrent: 0xe85a0a80: ver 2 0 (tinfo 0xe859c310)
08-15 18:12:28.753  1766  1778 D gralloc_ranchu: gralloc_unregister_buffer: exiting HostConnection (is buffer-handling thread)
08-15 18:12:28.754  1766  1778 D         : HostConnection::get() New Host Connection established 0xf27403c0, tid 1778
08-15 18:12:28.754  1766  1778 D gralloc_ranchu: gralloc_unregister_buffer: exiting HostConnection (is buffer-handling thread)
08-15 18:12:28.754  1766  1778 D         : HostConnection::get() New Host Connection established 0xf27403c0, tid 1778
08-15 18:12:28.754  1766  1778 D gralloc_ranchu: gralloc_unregister_buffer: exiting HostConnection (is buffer-handling thread)
08-15 18:12:28.754  1766  1778 D         : HostConnection::get() New Host Connection established 0xf27403c0, tid 1778
08-15 18:12:28.754  1766  1778 D gralloc_ranchu: gralloc_unregister_buffer: exiting HostConnection (is buffer-handling thread)
08-15 18:12:28.755  1766  1778 D         : HostConnection::get() New Host Connection established 0xf27403c0, tid 1778
08-15 18:12:28.755  1766  1778 D gralloc_ranchu: gralloc_unregister_buffer: exiting HostConnection (is buffer-handling thread)
08-15 18:12:28.755  1766  1778 D         : HostConnection::get() New Host Connection established 0xf27403c0, tid 1778
08-15 18:12:28.755  1766  1778 D gralloc_ranchu: gralloc_unregister_buffer: exiting HostConnection (is buffer-handling thread)
08-15 18:12:28.756 24910 24910 I cr_LibraryLoader: Time to load native libraries: 5 ms (timestamps 9956-9961)
08-15 18:12:28.762  1732  1732 D EGL_emulation: eglMakeCurrent: 0xe85a0a80: ver 2 0 (tinfo 0xe859c310)
08-15 18:12:28.765  1732  1732 I chatty  : uid=1000(system) /system/bin/surfaceflinger identical 1 line
08-15 18:12:28.767  1732  1732 D EGL_emulation: eglMakeCurrent: 0xe85a0a80: ver 2 0 (tinfo 0xe859c310)
08-15 18:12:28.767  1732  1732 E HWComposer: getLayerReleaseFence failed for display -1: Invalid display
08-15 18:12:28.767  1732  1732 E HWComposer: getLayerReleaseFence failed for display -1: Invalid display
08-15 18:12:28.768  1766  1778 D         : HostConnection::get() New Host Connection established 0xf27403c0, tid 1778
08-15 18:12:28.769 24910 24967 E cr_VariationsUtils: Failed reading seed file "/data/user/0/com.learn.engspanish/app_webview/variations_seed_new": /data/user/0/com.learn.engspanish/app_webview/variations_seed_new (No such file or directory)
08-15 18:12:28.769  1732  1732 D EGL_emulation: eglMakeCurrent: 0xe85a0a80: ver 2 0 (tinfo 0xe859c310)
08-15 18:12:28.769 24910 24967 E cr_VariationsUtils: Failed reading seed file "/data/user/0/com.learn.engspanish/app_webview/variations_seed": /data/user/0/com.learn.engspanish/app_webview/variations_seed (No such file or directory)
08-15 18:12:28.772  1732  1732 D EGL_emulation: eglMakeCurrent: 0xe85a0a80: ver 2 0 (tinfo 0xe859c310)
08-15 18:12:28.775  1732  1732 I chatty  : uid=1000(system) /system/bin/surfaceflinger identical 1 line
08-15 18:12:28.782  1732  1732 D EGL_emulation: eglMakeCurrent: 0xe85a0a80: ver 2 0 (tinfo 0xe859c310)
08-15 18:12:28.782  1732  1732 E HWComposer: getLayerReleaseFence failed for display -1: Invalid display
08-15 18:12:28.782  1732  1732 E HWComposer: getLayerReleaseFence failed for display -1: Invalid display
08-15 18:12:28.785  1732  1732 D EGL_emulation: eglMakeCurrent: 0xe85a0a80: ver 2 0 (tinfo 0xe859c310)
08-15 18:12:28.792  1732  1732 I chatty  : uid=1000(system) /system/bin/surfaceflinger identical 2 lines
08-15 18:12:28.799  1732  1732 D EGL_emulation: eglMakeCurrent: 0xe85a0a80: ver 2 0 (tinfo 0xe859c310)
08-15 18:12:28.800  1732  1732 E HWComposer: getLayerReleaseFence failed for display -1: Invalid display
08-15 18:12:28.800  1732  1732 E HWComposer: getLayerReleaseFence failed for display -1: Invalid display
08-15 18:12:28.802  1732  1732 D EGL_emulation: eglMakeCurrent: 0xe85a0a80: ver 2 0 (tinfo 0xe859c310)
08-15 18:12:28.808  1732  1732 I chatty  : uid=1000(system) /system/bin/surfaceflinger identical 2 lines
08-15 18:12:28.810  1732  1732 D EGL_emulation: eglMakeCurrent: 0xe85a0a80: ver 2 0 (tinfo 0xe859c310)
08-15 18:12:28.810  1732  1732 E HWComposer: getLayerReleaseFence failed for display -1: Invalid display
08-15 18:12:28.810  1732  1732 E HWComposer: getLayerReleaseFence failed for display -1: Invalid display
08-15 18:12:28.810 24910 24910 I chromium: [INFO:library_loader_hooks.cc(36)] Chromium logging enabled: level = 0, default verbosity = 0
08-15 18:12:28.811 24910 24910 I cr_LibraryLoader: Expected native library version number "69.0.3497.100", actual native library version number "69.0.3497.100"
08-15 18:12:28.818  1732  1732 D EGL_emulation: eglMakeCurrent: 0xe85a0a80: ver 2 0 (tinfo 0xe859c310)
08-15 18:12:28.822 24910 24968 W cr_ChildProcLH: Create a new ChildConnectionAllocator with package name = com.android.chrome, sandboxed = true
08-15 18:12:28.825  1732  1732 D EGL_emulation: eglMakeCurrent: 0xe85a0a80: ver 2 0 (tinfo 0xe859c310)
08-15 18:12:28.829  1732  1732 I chatty  : uid=1000(system) /system/bin/surfaceflinger identical 1 line
08-15 18:12:28.831  1732  1732 D EGL_emulation: eglMakeCurrent: 0xe85a0a80: ver 2 0 (tinfo 0xe859c310)
08-15 18:12:28.831  1732  1732 E HWComposer: getLayerReleaseFence failed for display -1: Invalid display
08-15 18:12:28.831  1732  1732 E HWComposer: getLayerReleaseFence failed for display -1: Invalid display
08-15 18:12:28.832 24910 24910 I cr_BrowserStartup: Initializing chromium process, singleProcess=false
08-15 18:12:28.835  1732  1732 D EGL_emulation: eglMakeCurrent: 0xe85a0a80: ver 2 0 (tinfo 0xe859c310)
08-15 18:12:28.840  1891  1907 I ActivityManager: Start proc 24970:com.android.chrome:sandboxed_process0/u0i83 for webview_service com.learn.engspanish/org.chromium.content.app.SandboxedProcessService0
08-15 18:12:28.839  1732  1732 D EGL_emulation: eglMakeCurrent: 0xe85a0a80: ver 2 0 (tinfo 0xe859c310)
08-15 18:12:28.843 24970 24970 W dboxed_process: Unexpected CPU variant for X86 using defaults: x86
08-15 18:12:28.849  1732  1732 D EGL_emulation: eglMakeCurrent: 0xe85a0a80: ver 2 0 (tinfo 0xe859c310)
08-15 18:12:28.851 24970 24970 E dboxed_process: Not starting debugger since process cannot load the jdwp agent.
08-15 18:12:28.851  1732  1732 D EGL_emulation: eglMakeCurrent: 0xe85a0a80: ver 2 0 (tinfo 0xe859c310)
08-15 18:12:28.852  1732  1732 E HWComposer: getLayerReleaseFence failed for display -1: Invalid display
08-15 18:12:28.852  1732  1732 E HWComposer: getLayerReleaseFence failed for display -1: Invalid display
08-15 18:12:28.856  1732  1732 D EGL_emulation: eglMakeCurrent: 0xe85a0a80: ver 2 0 (tinfo 0xe859c310)
08-15 18:12:28.861  1732  1732 I chatty  : uid=1000(system) /system/bin/surfaceflinger identical 2 lines
08-15 18:12:28.867  1732  1732 D EGL_emulation: eglMakeCurrent: 0xe85a0a80: ver 2 0 (tinfo 0xe859c310)
08-15 18:12:28.868  1732  1732 E HWComposer: getLayerReleaseFence failed for display -1: Invalid display
08-15 18:12:28.868  1732  1732 E HWComposer: getLayerReleaseFence failed for display -1: Invalid display
08-15 18:12:28.869  1732  1732 D EGL_emulation: eglMakeCurrent: 0xe85a0a80: ver 2 0 (tinfo 0xe859c310)
08-15 18:12:28.876  1732  1732 I chatty  : uid=1000(system) /system/bin/surfaceflinger identical 2 lines
08-15 18:12:28.880  1732  1732 D EGL_emulation: eglMakeCurrent: 0xe85a0a80: ver 2 0 (tinfo 0xe859c310)
08-15 18:12:28.880 24970 24970 I cr_ChildProcessService: Creating new ChildProcessService pid=24970
08-15 18:12:28.880  1732  1732 E HWComposer: getLayerReleaseFence failed for display -1: Invalid display
08-15 18:12:28.880  1732  1732 E HWComposer: getLayerReleaseFence failed for display -1: Invalid display
08-15 18:12:28.885  1732  1732 D EGL_emulation: eglMakeCurrent: 0xe85a0a80: ver 2 0 (tinfo 0xe859c310)
08-15 18:12:28.897  1732  1732 I chatty  : uid=1000(system) /system/bin/surfaceflinger identical 2 lines
08-15 18:12:28.900  1732  1732 D EGL_emulation: eglMakeCurrent: 0xe85a0a80: ver 2 0 (tinfo 0xe859c310)
08-15 18:12:28.900  1732  1732 E HWComposer: getLayerReleaseFence failed for display -1: Invalid display
08-15 18:12:28.900  1732  1732 E HWComposer: getLayerReleaseFence failed for display -1: Invalid display
08-15 18:12:28.902  1732  1732 D EGL_emulation: eglMakeCurrent: 0xe85a0a80: ver 2 0 (tinfo 0xe859c310)
08-15 18:12:28.923  1732  1732 I chatty  : uid=1000(system) /system/bin/surfaceflinger identical 2 lines
08-15 18:12:28.926  1732  1732 D EGL_emulation: eglMakeCurrent: 0xe85a0a80: ver 2 0 (tinfo 0xe859c310)
08-15 18:12:28.926  1732  1732 E HWComposer: getLayerReleaseFence failed for display -1: Invalid display
08-15 18:12:28.926  1732  1732 E HWComposer: getLayerReleaseFence failed for display -1: Invalid display
08-15 18:12:28.927  1732  1732 D EGL_emulation: eglMakeCurrent: 0xe85a0a80: ver 2 0 (tinfo 0xe859c310)
08-15 18:12:28.930  1732  1732 I chatty  : uid=1000(system) /system/bin/surfaceflinger identical 2 lines
08-15 18:12:28.937  1732  1732 D EGL_emulation: eglMakeCurrent: 0xe85a0a80: ver 2 0 (tinfo 0xe859c310)
08-15 18:12:28.938  1732  1732 E HWComposer: getLayerReleaseFence failed for display -1: Invalid display
08-15 18:12:28.938  1732  1732 E HWComposer: getLayerReleaseFence failed for display -1: Invalid display
08-15 18:12:28.942  1732  1732 D EGL_emulation: eglMakeCurrent: 0xe85a0a80: ver 2 0 (tinfo 0xe859c310)
08-15 18:12:28.945  1732  1732 I chatty  : uid=1000(system) /system/bin/surfaceflinger identical 2 lines
08-15 18:12:28.947  1732  1732 D EGL_emulation: eglMakeCurrent: 0xe85a0a80: ver 2 0 (tinfo 0xe859c310)
08-15 18:12:28.947  1732  1732 E HWComposer: getLayerReleaseFence failed for display -1: Invalid display
08-15 18:12:28.947  1732  1732 E HWComposer: getLayerReleaseFence failed for display -1: Invalid display
08-15 18:12:28.952  1732  1732 D EGL_emulation: eglMakeCurrent: 0xe85a0a80: ver 2 0 (tinfo 0xe859c310)
08-15 18:12:28.963  1732  1732 I chatty  : uid=1000(system) /system/bin/surfaceflinger identical 2 lines
08-15 18:12:28.965  1732  1732 D EGL_emulation: eglMakeCurrent: 0xe85a0a80: ver 2 0 (tinfo 0xe859c310)
08-15 18:12:28.966  1732  1732 E HWComposer: getLayerReleaseFence failed for display -1: Invalid display
08-15 18:12:28.966  1732  1732 E HWComposer: getLayerReleaseFence failed for display -1: Invalid display
08-15 18:12:28.969  1732  1732 D EGL_emulation: eglMakeCurrent: 0xe85a0a80: ver 2 0 (tinfo 0xe859c310)
08-15 18:12:28.975  1732  1732 I chatty  : uid=1000(system) /system/bin/surfaceflinger identical 2 lines
08-15 18:12:28.977  1732  1732 D EGL_emulation: eglMakeCurrent: 0xe85a0a80: ver 2 0 (tinfo 0xe859c310)
08-15 18:12:28.977  1732  1732 E HWComposer: getLayerReleaseFence failed for display -1: Invalid display
08-15 18:12:28.977  1732  1732 E HWComposer: getLayerReleaseFence failed for display -1: Invalid display
08-15 18:12:28.985  1732  1732 D EGL_emulation: eglMakeCurrent: 0xe85a0a80: ver 2 0 (tinfo 0xe859c310)
08-15 18:12:28.995  1732  1732 I chatty  : uid=1000(system) /system/bin/surfaceflinger identical 2 lines
08-15 18:12:28.997  1732  1732 D EGL_emulation: eglMakeCurrent: 0xe85a0a80: ver 2 0 (tinfo 0xe859c310)
08-15 18:12:28.997  1732  1732 E HWComposer: getLayerReleaseFence failed for display -1: Invalid display
08-15 18:12:28.997  1732  1732 E HWComposer: getLayerReleaseFence failed for display -1: Invalid display
08-15 18:12:29.002  1732  1732 D EGL_emulation: eglMakeCurrent: 0xe85a0a80: ver 2 0 (tinfo 0xe859c310)
08-15 18:12:29.012  1732  1732 I chatty  : uid=1000(system) /system/bin/surfaceflinger identical 2 lines
08-15 18:12:29.015  1732  1732 D EGL_emulation: eglMakeCurrent: 0xe85a0a80: ver 2 0 (tinfo 0xe859c310)
08-15 18:12:29.015  1732  1732 E HWComposer: getLayerReleaseFence failed for display -1: Invalid display
08-15 18:12:29.015  1732  1732 E HWComposer: getLayerReleaseFence failed for display -1: Invalid display
08-15 18:12:29.019  1732  1732 D EGL_emulation: eglMakeCurrent: 0xe85a0a80: ver 2 0 (tinfo 0xe859c310)
08-15 18:12:29.027  1732  1732 I chatty  : uid=1000(system) /system/bin/surfaceflinger identical 2 lines
08-15 18:12:29.033  1732  1732 D EGL_emulation: eglMakeCurrent: 0xe85a0a80: ver 2 0 (tinfo 0xe859c310)
08-15 18:12:29.034  1732  1732 E HWComposer: getLayerReleaseFence failed for display -1: Invalid display
08-15 18:12:29.034  1732  1732 E HWComposer: getLayerReleaseFence failed for display -1: Invalid display
08-15 18:12:29.036  1732  1732 D EGL_emulation: eglMakeCurrent: 0xe85a0a80: ver 2 0 (tinfo 0xe859c310)
08-15 18:12:29.041  1732  1732 I chatty  : uid=1000(system) /system/bin/surfaceflinger identical 2 lines
08-15 18:12:29.043  1732  1732 D EGL_emulation: eglMakeCurrent: 0xe85a0a80: ver 2 0 (tinfo 0xe859c310)
08-15 18:12:29.043  1732  1732 E HWComposer: getLayerReleaseFence failed for display -1: Invalid display
08-15 18:12:29.043  1732  1732 E HWComposer: getLayerReleaseFence failed for display -1: Invalid display
08-15 18:12:29.052  1732  1732 D EGL_emulation: eglMakeCurrent: 0xe85a0a80: ver 2 0 (tinfo 0xe859c310)
08-15 18:12:29.064  1732  1732 I chatty  : uid=1000(system) /system/bin/surfaceflinger identical 2 lines
08-15 18:12:29.066  1732  1732 D EGL_emulation: eglMakeCurrent: 0xe85a0a80: ver 2 0 (tinfo 0xe859c310)
08-15 18:12:29.066  1732  1732 E HWComposer: getLayerReleaseFence failed for display -1: Invalid display
08-15 18:12:29.066  1732  1732 E HWComposer: getLayerReleaseFence failed for display -1: Invalid display
08-15 18:12:29.069  1732  1732 D EGL_emulation: eglMakeCurrent: 0xe85a0a80: ver 2 0 (tinfo 0xe859c310)
08-15 18:12:29.075  1732  1732 I chatty  : uid=1000(system) /system/bin/surfaceflinger identical 2 lines
08-15 18:12:29.077  1732  1732 D EGL_emulation: eglMakeCurrent: 0xe85a0a80: ver 2 0 (tinfo 0xe859c310)
08-15 18:12:29.078  1732  1732 E HWComposer: getLayerReleaseFence failed for display -1: Invalid display
08-15 18:12:29.078  1732  1732 E HWComposer: getLayerReleaseFence failed for display -1: Invalid display
08-15 18:12:29.085  1732  1732 D EGL_emulation: eglMakeCurrent: 0xe85a0a80: ver 2 0 (tinfo 0xe859c310)
08-15 18:12:29.094  1732  1732 I chatty  : uid=1000(system) /system/bin/surfaceflinger identical 2 lines
08-15 18:12:29.095  1732  1732 D EGL_emulation: eglMakeCurrent: 0xe85a0a80: ver 2 0 (tinfo 0xe859c310)
08-15 18:12:29.096  1732  1732 E HWComposer: getLayerReleaseFence failed for display -1: Invalid display
08-15 18:12:29.096  1732  1732 E HWComposer: getLayerReleaseFence failed for display -1: Invalid display
08-15 18:12:29.096 24910 24993 W cr_media: Requires BLUETOOTH permission
08-15 18:12:29.102  1732  1732 D EGL_emulation: eglMakeCurrent: 0xe85a0a80: ver 2 0 (tinfo 0xe859c310)
08-15 18:12:29.104 24910 25000 D         : HostConnection::get() New Host Connection established 0xca895200, tid 25000
08-15 18:12:29.107  1732  1732 D EGL_emulation: eglMakeCurrent: 0xe85a0a80: ver 2 0 (tinfo 0xe859c310)
08-15 18:12:29.114  1732  1732 I chatty  : uid=1000(system) /system/bin/surfaceflinger identical 1 line
08-15 18:12:29.116  1732  1732 D EGL_emulation: eglMakeCurrent: 0xe85a0a80: ver 2 0 (tinfo 0xe859c310)
08-15 18:12:29.117  1732  1732 E HWComposer: getLayerReleaseFence failed for display -1: Invalid display
08-15 18:12:29.117  1732  1732 E HWComposer: getLayerReleaseFence failed for display -1: Invalid display
08-15 18:12:29.119  1732  1732 D EGL_emulation: eglMakeCurrent: 0xe85a0a80: ver 2 0 (tinfo 0xe859c310)
08-15 18:12:29.120 24910 24910 I System.out: SLICING: ZZZ-1ZZZandroid.arch.lifecycle.LifecycleRegistryZZZ<init>ZZZ__inst__ZZZspecialinvoke $r0.<android.arch.lifecycle.Lifecycle: void <init>()>()
08-15 18:12:29.121 24910 24910 I System.out: CALLBACK_SLC: SLICING: ZZZ-1ZZZandroid.arch.lifecycle.LifecycleZZZ<init>ZZZ__inst__ZZZspecialinvoke $r0.<java.lang.Object: void <init>()>()
08-15 18:12:29.121 24910 24910 I System.out: SLICING: ZZZ-1ZZZandroid.arch.lifecycle.LifecycleRegistryZZZ<init>ZZZ__inst__ZZZ$r2 = new android.arch.core.internal.FastSafeIterableMap
08-15 18:12:29.121 24910 24910 I System.out: SLICING: ZZZ-1ZZZandroid.arch.lifecycle.LifecycleRegistryZZZ<init>ZZZ__inst__ZZZspecialinvoke $r2.<android.arch.core.internal.FastSafeIterableMap: void <init>()>()
08-15 18:12:29.121 24910 24910 I System.out: SLICING: ZZZ-1ZZZandroid.arch.core.internal.FastSafeIterableMapZZZ<init>ZZZ__inst__ZZZspecialinvoke $r0.<android.arch.core.internal.SafeIterableMap: void <init>()>()
08-15 18:12:29.121 24910 24910 I System.out: SLICING: ZZZ-1ZZZandroid.arch.core.internal.SafeIterableMapZZZ<init>ZZZ__inst__ZZZspecialinvoke $r0.<java.lang.Object: void <init>()>()
08-15 18:12:29.121 24910 24910 I System.out: SLICING: ZZZ-1ZZZandroid.arch.core.internal.SafeIterableMapZZZ<init>ZZZ__inst__ZZZ$r1 = new java.util.WeakHashMap
08-15 18:12:29.121 24910 24910 I System.out: SLICING: ZZZ-1ZZZandroid.arch.core.internal.SafeIterableMapZZZ<init>ZZZ__inst__ZZZspecialinvoke $r1.<java.util.WeakHashMap: void <init>()>()
08-15 18:12:29.121 24910 24910 I System.out: SLICING: ZZZ-1ZZZandroid.arch.core.internal.SafeIterableMapZZZ<init>ZZZ__inst__ZZZ$r0.<android.arch.core.internal.SafeIterableMap: java.util.WeakHashMap mIterators> = $r1
08-15 18:12:29.121 24910 24910 I System.out: SLICING: ZZZ-1ZZZandroid.arch.core.internal.SafeIterableMapZZZ<init>ZZZ__inst__ZZZ$r0.<android.arch.core.internal.SafeIterableMap: int mSize> = 0
08-15 18:12:29.121 24910 24910 I System.out: SLICING: ZZZ-1ZZZandroid.arch.core.internal.FastSafeIterableMapZZZ<init>ZZZ__inst__ZZZ$r1 = new java.util.HashMap
08-15 18:12:29.121 24910 24910 I System.out: SLICING: ZZZ-1ZZZandroid.arch.core.internal.FastSafeIterableMapZZZ<init>ZZZ__inst__ZZZspecialinvoke $r1.<java.util.HashMap: void <init>()>()
08-15 18:12:29.121 24910 24910 I System.out: SLICING: ZZZ-1ZZZandroid.arch.core.internal.FastSafeIterableMapZZZ<init>ZZZ__inst__ZZZ$r0.<android.arch.core.internal.FastSafeIterableMap: java.util.HashMap mHashMap> = $r1
08-15 18:12:29.121 24910 24910 I System.out: SLICING: ZZZ-1ZZZandroid.arch.lifecycle.LifecycleRegistryZZZ<init>ZZZ__inst__ZZZ$r0.<android.arch.lifecycle.LifecycleRegistry: android.arch.core.internal.FastSafeIterableMap mObserverMap> = $r2
08-15 18:12:29.121 24910 24910 I System.out: SLICING: ZZZ-1ZZZandroid.arch.lifecycle.LifecycleRegistryZZZ<init>ZZZ__inst__ZZZ$r0.<android.arch.lifecycle.LifecycleRegistry: int mAddingObserverCounter> = 0
08-15 18:12:29.121 24910 24910 I System.out: SLICING: ZZZ-1ZZZandroid.arch.lifecycle.LifecycleRegistryZZZ<init>ZZZ__inst__ZZZ$r0.<android.arch.lifecycle.LifecycleRegistry: boolean mHandlingEvent> = 0
08-15 18:12:29.121 24910 24910 I System.out: SLICING: ZZZ-1ZZZandroid.arch.lifecycle.LifecycleRegistryZZZ<init>ZZZ__inst__ZZZ$r0.<android.arch.lifecycle.LifecycleRegistry: boolean mNewEventOccurred> = 0
08-15 18:12:29.121 24910 24910 I System.out: SLICING: ZZZ-1ZZZandroid.arch.lifecycle.LifecycleRegistryZZZ<init>ZZZ__inst__ZZZ$r3 = new java.util.ArrayList
08-15 18:12:29.121 24910 24910 I System.out: SLICING: ZZZ-1ZZZandroid.arch.lifecycle.LifecycleRegistryZZZ<init>ZZZ__inst__ZZZspecialinvoke $r3.<java.util.ArrayList: void <init>()>()
08-15 18:12:29.121 24910 24910 I System.out: SLICING: ZZZ-1ZZZandroid.arch.lifecycle.LifecycleRegistryZZZ<init>ZZZ__inst__ZZZ$r0.<android.arch.lifecycle.LifecycleRegistry: java.util.ArrayList mParentStates> = $r3
08-15 18:12:29.121 24910 24910 I System.out: SLICING: ZZZ-1ZZZandroid.arch.lifecycle.LifecycleRegistryZZZ<init>ZZZ__inst__ZZZ$r4 = new java.lang.ref.WeakReference
08-15 18:12:29.121 24910 24910 I System.out: SLICING: ZZZ-1ZZZandroid.arch.lifecycle.LifecycleRegistryZZZ<init>ZZZ__inst__ZZZspecialinvoke $r4.<java.lang.ref.WeakReference: void <init>(java.lang.Object)>($r1)
08-15 18:12:29.121 24910 24910 I System.out: SLICING: ZZZ-1ZZZandroid.arch.lifecycle.LifecycleRegistryZZZ<init>ZZZ__inst__ZZZ$r0.<android.arch.lifecycle.LifecycleRegistry: java.lang.ref.WeakReference mLifecycleOwner> = $r4
08-15 18:12:29.121 24910 24910 I System.out: SLICING: ZZZ-1ZZZandroid.arch.lifecycle.LifecycleRegistryZZZ<init>ZZZ__inst__ZZZ$r5 = <android.arch.lifecycle.Lifecycle$State: android.arch.lifecycle.Lifecycle$State INITIALIZED>
