08-15 18:12:29.121 24910 24910 I System.out: SLICING: ZZZ-1ZZZandroid.arch.lifecycle.Lifecycle$StateZZZ<clinit>ZZZ__inst__ZZZ$r0 = new android.arch.lifecycle.Lifecycle$State
08-15 18:12:29.121 24910 24910 I System.out: SLICING: ZZZ-1ZZZandroid.arch.lifecycle.Lifecycle$StateZZZ<clinit>ZZZ__inst__ZZZspecialinvoke $r0.<android.arch.lifecycle.Lifecycle$State: void <init>(java.lang.String,int)>("DESTROYED", 0)
08-15 18:12:29.121 24910 24910 I System.out: SLICING: ZZZ-1ZZZandroid.arch.lifecycle.Lifecycle$StateZZZ<init>ZZZ__inst__ZZZspecialinvoke $r0.<java.lang.Enum: void <init>(java.lang.String,int)>($r1, $i0)
08-15 18:12:29.121 24910 24910 I System.out: SLICING: ZZZ-1ZZZandroid.arch.lifecycle.Lifecycle$StateZZZ<clinit>ZZZ__inst__ZZZ<android.arch.lifecycle.Lifecycle$State: android.arch.lifecycle.Lifecycle$State DESTROYED> = $r0
08-15 18:12:29.121 24910 24910 I System.out: SLICING: ZZZ-1ZZZandroid.arch.lifecycle.Lifecycle$StateZZZ<clinit>ZZZ__inst__ZZZ$r0 = new android.arch.lifecycle.Lifecycle$State
08-15 18:12:29.121 24910 24910 I System.out: SLICING: ZZZ-1ZZZandroid.arch.lifecycle.Lifecycle$StateZZZ<clinit>ZZZ__inst__ZZZspecialinvoke $r0.<android.arch.lifecycle.Lifecycle$State: void <init>(java.lang.String,int)>("INITIALIZED", 1)
08-15 18:12:29.121 24910 24910 I System.out: SLICING: ZZZ-1ZZZandroid.arch.lifecycle.Lifecycle$StateZZZ<init>ZZZ__inst__ZZZspecialinvoke $r0.<java.lang.Enum: void <init>(java.lang.String,int)>($r1, $i0)
08-15 18:12:29.121 24910 24910 I System.out: SLICING: ZZZ-1ZZZandroid.arch.lifecycle.Lifecycle$StateZZZ<clinit>ZZZ__inst__ZZZ<android.arch.lifecycle.Lifecycle$State: android.arch.lifecycle.Lifecycle$State INITIALIZED> = $r0
08-15 18:12:29.121 24910 24910 I System.out: SLICING: ZZZ-1ZZZandroid.arch.lifecycle.Lifecycle$StateZZZ<clinit>ZZZ__inst__ZZZ$r0 = new android.arch.lifecycle.Lifecycle$State
08-15 18:12:29.121 24910 24910 I System.out: SLICING: ZZZ-1ZZZandroid.arch.lifecycle.Lifecycle$StateZZZ<clinit>ZZZ__inst__ZZZspecialinvoke $r0.<android.arch.lifecycle.Lifecycle$State: void <init>(java.lang.String,int)>("CREATED", 2)
08-15 18:12:29.121 24910 24910 I System.out: SLICING: ZZZ-1ZZZandroid.arch.lifecycle.Lifecycle$StateZZZ<init>ZZZ__inst__ZZZspecialinvoke $r0.<java.lang.Enum: void <init>(java.lang.String,int)>($r1, $i0)
08-15 18:12:29.121 24910 24910 I System.out: SLICING: ZZZ-1ZZZandroid.arch.lifecycle.Lifecycle$StateZZZ<clinit>ZZZ__inst__ZZZ<android.arch.lifecycle.Lifecycle$State: android.arch.lifecycle.Lifecycle$State CREATED> = $r0
08-15 18:12:29.121 24910 24910 I System.out: SLICING: ZZZ-1ZZZandroid.arch.lifecycle.Lifecycle$StateZZZ<clinit>ZZZ__inst__ZZZ$r0 = new android.arch.lifecycle.Lifecycle$State
08-15 18:12:29.121 24910 24910 I System.out: SLICING: ZZZ-1ZZZandroid.arch.lifecycle.Lifecycle$StateZZZ<clinit>ZZZ__inst__ZZZspecialinvoke $r0.<android.arch.lifecycle.Lifecycle$State: void <init>(java.lang.String,int)>("STARTED", 3)
08-15 18:12:29.121 24910 24910 I System.out: SLICING: ZZZ-1ZZZandroid.arch.lifecycle.Lifecycle$StateZZZ<init>ZZZ__inst__ZZZspecialinvoke $r0.<java.lang.Enum: void <init>(java.lang.String,int)>($r1, $i0)
08-15 18:12:29.121 24910 24910 I System.out: SLICING: ZZZ-1ZZZandroid.arch.lifecycle.Lifecycle$StateZZZ<clinit>ZZZ__inst__ZZZ<android.arch.lifecycle.Lifecycle$State: android.arch.lifecycle.Lifecycle$State STARTED> = $r0
08-15 18:12:29.121 24910 24910 I System.out: SLICING: ZZZ-1ZZZandroid.arch.lifecycle.Lifecycle$StateZZZ<clinit>ZZZ__inst__ZZZ$r0 = new android.arch.lifecycle.Lifecycle$State
08-15 18:12:29.121 24910 24910 I System.out: SLICING: ZZZ-1ZZZandroid.arch.lifecycle.Lifecycle$StateZZZ<clinit>ZZZ__inst__ZZZspecialinvoke $r0.<android.arch.lifecycle.Lifecycle$State: void <init>(java.lang.String,int)>("RESUMED", 4)
08-15 18:12:29.121 24910 24910 I System.out: SLICING: ZZZ-1ZZZandroid.arch.lifecycle.Lifecycle$StateZZZ<init>ZZZ__inst__ZZZspecialinvoke $r0.<java.lang.Enum: void <init>(java.lang.String,int)>($r1, $i0)
08-15 18:12:29.122 24910 24910 I System.out: SLICING: ZZZ-1ZZZandroid.arch.lifecycle.Lifecycle$StateZZZ<clinit>ZZZ__inst__ZZZ<android.arch.lifecycle.Lifecycle$State: android.arch.lifecycle.Lifecycle$State RESUMED> = $r0
08-15 18:12:29.122 24910 24910 I System.out: SLICING: ZZZ-1ZZZandroid.arch.lifecycle.Lifecycle$StateZZZ<clinit>ZZZ__inst__ZZZ$r1 = newarray (android.arch.lifecycle.Lifecycle$State)[5]
08-15 18:12:29.122 24910 24910 I System.out: SLICING: ZZZ-1ZZZandroid.arch.lifecycle.Lifecycle$StateZZZ<clinit>ZZZ__inst__ZZZ$r0 = <android.arch.lifecycle.Lifecycle$State: android.arch.lifecycle.Lifecycle$State DESTROYED>
08-15 18:12:29.122 24910 24910 I System.out: SLICING: ZZZ-1ZZZandroid.arch.lifecycle.Lifecycle$StateZZZ<clinit>ZZZ__inst__ZZZ$r1[0] = $r0
08-15 18:12:29.122 24910 24910 I System.out: SLICING: ZZZ-1ZZZandroid.arch.lifecycle.Lifecycle$StateZZZ<clinit>ZZZ__inst__ZZZ$r0 = <android.arch.lifecycle.Lifecycle$State: android.arch.lifecycle.Lifecycle$State INITIALIZED>
08-15 18:12:29.122 24910 24910 I System.out: SLICING: ZZZ-1ZZZandroid.arch.lifecycle.Lifecycle$StateZZZ<clinit>ZZZ__inst__ZZZ$r1[1] = $r0
08-15 18:12:29.122 24910 24910 I System.out: SLICING: ZZZ-1ZZZandroid.arch.lifecycle.Lifecycle$StateZZZ<clinit>ZZZ__inst__ZZZ$r0 = <android.arch.lifecycle.Lifecycle$State: android.arch.lifecycle.Lifecycle$State CREATED>
08-15 18:12:29.122 24910 24910 I System.out: SLICING: ZZZ-1ZZZandroid.arch.lifecycle.Lifecycle$StateZZZ<clinit>ZZZ__inst__ZZZ$r1[2] = $r0
08-15 18:12:29.122 24910 24910 I System.out: SLICING: ZZZ-1ZZZandroid.arch.lifecycle.Lifecycle$StateZZZ<clinit>ZZZ__inst__ZZZ$r0 = <android.arch.lifecycle.Lifecycle$State: android.arch.lifecycle.Lifecycle$State STARTED>
08-15 18:12:29.122 24910 24910 I System.out: SLICING: ZZZ-1ZZZandroid.arch.lifecycle.Lifecycle$StateZZZ<clinit>ZZZ__inst__ZZZ$r1[3] = $r0
08-15 18:12:29.122 24910 24910 I System.out: SLICING: ZZZ-1ZZZandroid.arch.lifecycle.Lifecycle$StateZZZ<clinit>ZZZ__inst__ZZZ$r0 = <android.arch.lifecycle.Lifecycle$State: android.arch.lifecycle.Lifecycle$State RESUMED>
08-15 18:12:29.122 24910 24910 I System.out: SLICING: ZZZ-1ZZZandroid.arch.lifecycle.Lifecycle$StateZZZ<clinit>ZZZ__inst__ZZZ$r1[4] = $r0
08-15 18:12:29.122 24910 24910 I System.out: SLICING: ZZZ-1ZZZandroid.arch.lifecycle.Lifecycle$StateZZZ<clinit>ZZZ__inst__ZZZ<android.arch.lifecycle.Lifecycle$State: android.arch.lifecycle.Lifecycle$State[] $VALUES> = $r1
08-15 18:12:29.122 24910 24910 I System.out: SLICING: ZZZ-1ZZZandroid.arch.lifecycle.LifecycleRegistryZZZ<init>ZZZ__inst__ZZZ$r0.<android.arch.lifecycle.LifecycleRegistry: android.arch.lifecycle.Lifecycle$State mState> = $r5
08-15 18:12:29.124  1732  1732 D EGL_emulation: eglMakeCurrent: 0xe85a0a80: ver 2 0 (tinfo 0xe859c310)
08-15 18:12:29.127  1732  1732 D EGL_emulation: eglMakeCurrent: 0xe85a0a80: ver 2 0 (tinfo 0xe859c310)
08-15 18:12:29.129 24910 25000 I ConfigStore: android::hardware::configstore::V1_0::ISurfaceFlingerConfigs::hasWideColorDisplay retrieved: 0
08-15 18:12:29.129 24910 25000 I ConfigStore: android::hardware::configstore::V1_0::ISurfaceFlingerConfigs::hasHDRDisplay retrieved: 0
08-15 18:12:29.130 24910 25000 E chromium: [ERROR:gl_surface_egl.cc(335)] eglChooseConfig failed with error EGL_SUCCESS
08-15 18:12:29.135  1732  1732 D EGL_emulation: eglMakeCurrent: 0xe85a0a80: ver 2 0 (tinfo 0xe859c310)
08-15 18:12:29.136  1732  1732 E HWComposer: getLayerReleaseFence failed for display -1: Invalid display
08-15 18:12:29.136  1732  1732 E HWComposer: getLayerReleaseFence failed for display -1: Invalid display
08-15 18:12:29.136 24910 25000 D EGL_emulation: eglCreateContext: 0xe16070a0: maj 2 min 0 rcv 2
08-15 18:12:29.138 24910 24910 I TwilightManager: Could not get last known location. This is probably because the app does not have any location permissions. Falling back to hardcoded sunrise/sunset values.
08-15 18:12:29.138 24910 24910 I TwilightManager: Could not get last known location. This is probably because the app does not have any location permissions. Falling back to hardcoded sunrise/sunset values.
08-15 18:12:29.140  1732  1732 D EGL_emulation: eglMakeCurrent: 0xe85a0a80: ver 2 0 (tinfo 0xe859c310)
08-15 18:12:29.141 24910 24910 I System.out: SLICING: ZZZ-1ZZZandroid.arch.lifecycle.ReportFragmentZZZinjectIfNeededInZZZ__inst__ZZZ$r2 = virtualinvoke $r1.<android.app.Activity: android.app.FragmentManager getFragmentManager()>()
08-15 18:12:29.141 24910 24910 I System.out: SLICING: ZZZ-1ZZZandroid.arch.lifecycle.ReportFragmentZZZinjectIfNeededInZZZ__inst__ZZZ$r3 = virtualinvoke $r2.<android.app.FragmentManager: android.app.Fragment findFragmentByTag(java.lang.String)>("android.arch.lifecycle.LifecycleDispatcher.report_fragment_tag")
08-15 18:12:29.141 24910 24910 I System.out: CAUGHTInstSLICING: ZZZ-1ZZZandroid.arch.lifecycle.ReportFragmentZZZinjectIfNeededInZZZ__inst__ZZZif $r3 != null goto return
08-15 18:12:29.141 24910 24910 I System.out: SLICING: ZZZ-1ZZZandroid.arch.lifecycle.ReportFragmentZZZinjectIfNeededInZZZ__inst__ZZZ$r4 = virtualinvoke $r2.<android.app.FragmentManager: android.app.FragmentTransaction beginTransaction()>()
08-15 18:12:29.141 24910 24910 I System.out: SLICING: ZZZ-1ZZZandroid.arch.lifecycle.ReportFragmentZZZinjectIfNeededInZZZ__inst__ZZZ$r0 = new android.arch.lifecycle.ReportFragment
08-15 18:12:29.141 24910 24910 I System.out: SLICING: ZZZ-1ZZZandroid.arch.lifecycle.ReportFragmentZZZinjectIfNeededInZZZ__inst__ZZZspecialinvoke $r0.<android.arch.lifecycle.ReportFragment: void <init>()>()
08-15 18:12:29.141 24910 24910 I System.out: SLICING: ZZZ-1ZZZandroid.arch.lifecycle.ReportFragmentZZZ<init>ZZZ__inst__ZZZspecialinvoke $r0.<android.app.Fragment: void <init>()>()
08-15 18:12:29.141 24910 24910 I System.out: SLICING: ZZZ-1ZZZandroid.arch.lifecycle.ReportFragmentZZZinjectIfNeededInZZZ__inst__ZZZ$r4 = virtualinvoke $r4.<android.app.FragmentTransaction: android.app.FragmentTransaction add(android.app.Fragment,java.lang.String)>($r0, "android.arch.lifecycle.LifecycleDispatcher.report_fragment_tag")
08-15 18:12:29.141 24910 25000 D EGL_emulation: eglMakeCurrent: 0xe16070a0: ver 2 0 (tinfo 0xc76904b0)
08-15 18:12:29.141 24910 24910 I System.out: SLICING: ZZZ-1ZZZandroid.arch.lifecycle.ReportFragmentZZZinjectIfNeededInZZZ__inst__ZZZvirtualinvoke $r4.<android.app.FragmentTransaction: int commit()>()
08-15 18:12:29.141 24910 24910 I System.out: SLICING: ZZZ-1ZZZandroid.arch.lifecycle.ReportFragmentZZZinjectIfNeededInZZZ__inst__ZZZvirtualinvoke $r2.<android.app.FragmentManager: boolean executePendingTransactions()>()
08-15 18:12:29.143  1732  1732 D EGL_emulation: eglMakeCurrent: 0xe85a0a80: ver 2 0 (tinfo 0xe859c310)
08-15 18:12:29.145  1732  1732 I chatty  : uid=1000(system) /system/bin/surfaceflinger identical 1 line
08-15 18:12:29.147  1732  1732 D EGL_emulation: eglMakeCurrent: 0xe85a0a80: ver 2 0 (tinfo 0xe859c310)
08-15 18:12:29.147  1732  1732 E HWComposer: getLayerReleaseFence failed for display -1: Invalid display
08-15 18:12:29.147  1732  1732 E HWComposer: getLayerReleaseFence failed for display -1: Invalid display
08-15 18:12:29.152  1732  1732 D EGL_emulation: eglMakeCurrent: 0xe85a0a80: ver 2 0 (tinfo 0xe859c310)
08-15 18:12:29.163  1732  1732 I chatty  : uid=1000(system) /system/bin/surfaceflinger identical 2 lines
08-15 18:12:29.165  1732  1732 D EGL_emulation: eglMakeCurrent: 0xe85a0a80: ver 2 0 (tinfo 0xe859c310)
08-15 18:12:29.166  1732  1732 E HWComposer: getLayerReleaseFence failed for display -1: Invalid display
08-15 18:12:29.166  1732  1732 E HWComposer: getLayerReleaseFence failed for display -1: Invalid display
08-15 18:12:29.169  1732  1732 D EGL_emulation: eglMakeCurrent: 0xe85a0a80: ver 2 0 (tinfo 0xe859c310)
08-15 18:12:29.173  1732  1732 D EGL_emulation: eglMakeCurrent: 0xe85a0a80: ver 2 0 (tinfo 0xe859c310)
08-15 18:12:29.178 24910 24910 D FacebookSDK.AppEvents: Created app event '{"_eventName":"splash","_eventName_md5":"cbead73389da7af0725f9e2ff09fb3d4","_logTime":1565892749,"_ui":"unknown"}'
08-15 18:12:29.178 24910 24910 D FacebookSDK.AppEvents: Warning: Please call AppEventsLogger.activateApp(...)from the long-lived activity's onResume() methodbefore logging other app events.
08-15 18:12:29.182  1732  1732 D EGL_emulation: eglMakeCurrent: 0xe85a0a80: ver 2 0 (tinfo 0xe859c310)
08-15 18:12:29.184  1732  1732 D EGL_emulation: eglMakeCurrent: 0xe85a0a80: ver 2 0 (tinfo 0xe859c310)
08-15 18:12:29.185  1732  1732 E HWComposer: getLayerReleaseFence failed for display -1: Invalid display
08-15 18:12:29.185  1732  1732 E HWComposer: getLayerReleaseFence failed for display -1: Invalid display
08-15 18:12:29.186  1732  1732 D EGL_emulation: eglMakeCurrent: 0xe85a0a80: ver 2 0 (tinfo 0xe859c310)
08-15 18:12:29.200  1732  1732 I chatty  : uid=1000(system) /system/bin/surfaceflinger identical 2 lines
08-15 18:12:29.202  1732  1732 D EGL_emulation: eglMakeCurrent: 0xe85a0a80: ver 2 0 (tinfo 0xe859c310)
08-15 18:12:29.203  1732  1732 E HWComposer: getLayerReleaseFence failed for display -1: Invalid display
08-15 18:12:29.203  1732  1732 E HWComposer: getLayerReleaseFence failed for display -1: Invalid display
08-15 18:12:29.206 24910 24910 I System.out: CALLBACK_SLC: SLICING: ZZZ-1ZZZandroid.arch.lifecycle.ReportFragmentZZZonActivityCreatedZZZ__inst__ZZZspecialinvoke $r0.<android.app.Fragment: void onActivityCreated(android.os.Bundle)>($r1)
08-15 18:12:29.206 24910 24910 I System.out: CALLBACK_SLC: SLICING: ZZZ-1ZZZandroid.arch.lifecycle.ReportFragmentZZZonActivityCreatedZZZ__inst__ZZZ$r2 = $r0.<android.arch.lifecycle.ReportFragment: android.arch.lifecycle.ReportFragment$ActivityInitializationListener mProcessListener>
08-15 18:12:29.206 24910 24910 I System.out: CALLBACK_SLC: SLICING: ZZZ-1ZZZandroid.arch.lifecycle.ReportFragmentZZZonActivityCreatedZZZ__inst__ZZZspecialinvoke $r0.<android.arch.lifecycle.ReportFragment: void dispatchCreate(android.arch.lifecycle.ReportFragment$ActivityInitializationListener)>($r2)
08-15 18:12:29.206 24910 24910 I System.out: CAUGHTInstSLICING: ZZZ-1ZZZandroid.arch.lifecycle.ReportFragmentZZZdispatchCreateZZZ__inst__ZZZif $r1 == null goto return
08-15 18:12:29.206 24910 24910 I System.out: CALLBACK_SLC: SLICING: ZZZ-1ZZZandroid.arch.lifecycle.ReportFragmentZZZonActivityCreatedZZZ__inst__ZZZ$r3 = <android.arch.lifecycle.Lifecycle$Event: android.arch.lifecycle.Lifecycle$Event ON_CREATE>
08-15 18:12:29.206 24910 24910 I System.out: SLICING: ZZZ-1ZZZandroid.arch.lifecycle.Lifecycle$EventZZZ<clinit>ZZZ__inst__ZZZ$r0 = new android.arch.lifecycle.Lifecycle$Event
08-15 18:12:29.206  1732  1732 D EGL_emulation: eglMakeCurrent: 0xe85a0a80: ver 2 0 (tinfo 0xe859c310)
08-15 18:12:29.206 24910 24910 I System.out: SLICING: ZZZ-1ZZZandroid.arch.lifecycle.Lifecycle$EventZZZ<clinit>ZZZ__inst__ZZZspecialinvoke $r0.<android.arch.lifecycle.Lifecycle$Event: void <init>(java.lang.String,int)>("ON_CREATE", 0)
08-15 18:12:29.206 24910 24910 I System.out: SLICING: ZZZ-1ZZZandroid.arch.lifecycle.Lifecycle$EventZZZ<init>ZZZ__inst__ZZZspecialinvoke $r0.<java.lang.Enum: void <init>(java.lang.String,int)>($r1, $i0)
08-15 18:12:29.206 24910 24910 I System.out: SLICING: ZZZ-1ZZZandroid.arch.lifecycle.Lifecycle$EventZZZ<clinit>ZZZ__inst__ZZZ<android.arch.lifecycle.Lifecycle$Event: android.arch.lifecycle.Lifecycle$Event ON_CREATE> = $r0
08-15 18:12:29.206 24910 24910 I System.out: SLICING: ZZZ-1ZZZandroid.arch.lifecycle.Lifecycle$EventZZZ<clinit>ZZZ__inst__ZZZ$r0 = new android.arch.lifecycle.Lifecycle$Event
08-15 18:12:29.207 24910 24910 I System.out: SLICING: ZZZ-1ZZZandroid.arch.lifecycle.Lifecycle$EventZZZ<clinit>ZZZ__inst__ZZZspecialinvoke $r0.<android.arch.lifecycle.Lifecycle$Event: void <init>(java.lang.String,int)>("ON_START", 1)
08-15 18:12:29.207 24910 24910 I System.out: SLICING: ZZZ-1ZZZandroid.arch.lifecycle.Lifecycle$EventZZZ<init>ZZZ__inst__ZZZspecialinvoke $r0.<java.lang.Enum: void <init>(java.lang.String,int)>($r1, $i0)
08-15 18:12:29.207 24910 24910 I System.out: SLICING: ZZZ-1ZZZandroid.arch.lifecycle.Lifecycle$EventZZZ<clinit>ZZZ__inst__ZZZ<android.arch.lifecycle.Lifecycle$Event: android.arch.lifecycle.Lifecycle$Event ON_START> = $r0
08-15 18:12:29.207 24910 24910 I System.out: SLICING: ZZZ-1ZZZandroid.arch.lifecycle.Lifecycle$EventZZZ<clinit>ZZZ__inst__ZZZ$r0 = new android.arch.lifecycle.Lifecycle$Event
08-15 18:12:29.207 24910 24910 I System.out: SLICING: ZZZ-1ZZZandroid.arch.lifecycle.Lifecycle$EventZZZ<clinit>ZZZ__inst__ZZZspecialinvoke $r0.<android.arch.lifecycle.Lifecycle$Event: void <init>(java.lang.String,int)>("ON_RESUME", 2)
08-15 18:12:29.207 24910 24910 I System.out: SLICING: ZZZ-1ZZZandroid.arch.lifecycle.Lifecycle$EventZZZ<init>ZZZ__inst__ZZZspecialinvoke $r0.<java.lang.Enum: void <init>(java.lang.String,int)>($r1, $i0)
08-15 18:12:29.207 24910 24910 I System.out: SLICING: ZZZ-1ZZZandroid.arch.lifecycle.Lifecycle$EventZZZ<clinit>ZZZ__inst__ZZZ<android.arch.lifecycle.Lifecycle$Event: android.arch.lifecycle.Lifecycle$Event ON_RESUME> = $r0
08-15 18:12:29.207 24910 24910 I System.out: SLICING: ZZZ-1ZZZandroid.arch.lifecycle.Lifecycle$EventZZZ<clinit>ZZZ__inst__ZZZ$r0 = new android.arch.lifecycle.Lifecycle$Event
08-15 18:12:29.207 24910 24910 I System.out: SLICING: ZZZ-1ZZZandroid.arch.lifecycle.Lifecycle$EventZZZ<clinit>ZZZ__inst__ZZZspecialinvoke $r0.<android.arch.lifecycle.Lifecycle$Event: void <init>(java.lang.String,int)>("ON_PAUSE", 3)
08-15 18:12:29.207 24910 24910 I System.out: SLICING: ZZZ-1ZZZandroid.arch.lifecycle.Lifecycle$EventZZZ<init>ZZZ__inst__ZZZspecialinvoke $r0.<java.lang.Enum: void <init>(java.lang.String,int)>($r1, $i0)
08-15 18:12:29.207 24910 24910 I System.out: SLICING: ZZZ-1ZZZandroid.arch.lifecycle.Lifecycle$EventZZZ<clinit>ZZZ__inst__ZZZ<android.arch.lifecycle.Lifecycle$Event: android.arch.lifecycle.Lifecycle$Event ON_PAUSE> = $r0
08-15 18:12:29.207 24910 24910 I System.out: SLICING: ZZZ-1ZZZandroid.arch.lifecycle.Lifecycle$EventZZZ<clinit>ZZZ__inst__ZZZ$r0 = new android.arch.lifecycle.Lifecycle$Event
08-15 18:12:29.207 24910 24910 I System.out: SLICING: ZZZ-1ZZZandroid.arch.lifecycle.Lifecycle$EventZZZ<clinit>ZZZ__inst__ZZZspecialinvoke $r0.<android.arch.lifecycle.Lifecycle$Event: void <init>(java.lang.String,int)>("ON_STOP", 4)
08-15 18:12:29.207 24910 24910 I System.out: SLICING: ZZZ-1ZZZandroid.arch.lifecycle.Lifecycle$EventZZZ<init>ZZZ__inst__ZZZspecialinvoke $r0.<java.lang.Enum: void <init>(java.lang.String,int)>($r1, $i0)
08-15 18:12:29.207 24910 24910 I System.out: SLICING: ZZZ-1ZZZandroid.arch.lifecycle.Lifecycle$EventZZZ<clinit>ZZZ__inst__ZZZ<android.arch.lifecycle.Lifecycle$Event: android.arch.lifecycle.Lifecycle$Event ON_STOP> = $r0
08-15 18:12:29.207 24910 24910 I System.out: SLICING: ZZZ-1ZZZandroid.arch.lifecycle.Lifecycle$EventZZZ<clinit>ZZZ__inst__ZZZ$r0 = new android.arch.lifecycle.Lifecycle$Event
08-15 18:12:29.207 24910 24910 I System.out: SLICING: ZZZ-1ZZZandroid.arch.lifecycle.Lifecycle$EventZZZ<clinit>ZZZ__inst__ZZZspecialinvoke $r0.<android.arch.lifecycle.Lifecycle$Event: void <init>(java.lang.String,int)>("ON_DESTROY", 5)
08-15 18:12:29.207 24910 24910 I System.out: SLICING: ZZZ-1ZZZandroid.arch.lifecycle.Lifecycle$EventZZZ<init>ZZZ__inst__ZZZspecialinvoke $r0.<java.lang.Enum: void <init>(java.lang.String,int)>($r1, $i0)
08-15 18:12:29.207 24910 24910 I System.out: SLICING: ZZZ-1ZZZandroid.arch.lifecycle.Lifecycle$EventZZZ<clinit>ZZZ__inst__ZZZ<android.arch.lifecycle.Lifecycle$Event: android.arch.lifecycle.Lifecycle$Event ON_DESTROY> = $r0
08-15 18:12:29.207 24910 24910 I System.out: SLICING: ZZZ-1ZZZandroid.arch.lifecycle.Lifecycle$EventZZZ<clinit>ZZZ__inst__ZZZ$r0 = new android.arch.lifecycle.Lifecycle$Event
08-15 18:12:29.207 24910 24910 I System.out: SLICING: ZZZ-1ZZZandroid.arch.lifecycle.Lifecycle$EventZZZ<clinit>ZZZ__inst__ZZZspecialinvoke $r0.<android.arch.lifecycle.Lifecycle$Event: void <init>(java.lang.String,int)>("ON_ANY", 6)
08-15 18:12:29.207 24910 24910 I System.out: SLICING: ZZZ-1ZZZandroid.arch.lifecycle.Lifecycle$EventZZZ<init>ZZZ__inst__ZZZspecialinvoke $r0.<java.lang.Enum: void <init>(java.lang.String,int)>($r1, $i0)
08-15 18:12:29.207 24910 24910 I System.out: SLICING: ZZZ-1ZZZandroid.arch.lifecycle.Lifecycle$EventZZZ<clinit>ZZZ__inst__ZZZ<android.arch.lifecycle.Lifecycle$Event: android.arch.lifecycle.Lifecycle$Event ON_ANY> = $r0
08-15 18:12:29.207 24910 24910 I System.out: SLICING: ZZZ-1ZZZandroid.arch.lifecycle.Lifecycle$EventZZZ<clinit>ZZZ__inst__ZZZ$r1 = newarray (android.arch.lifecycle.Lifecycle$Event)[7]
08-15 18:12:29.207 24910 24910 I System.out: SLICING: ZZZ-1ZZZandroid.arch.lifecycle.Lifecycle$EventZZZ<clinit>ZZZ__inst__ZZZ$r0 = <android.arch.lifecycle.Lifecycle$Event: android.arch.lifecycle.Lifecycle$Event ON_CREATE>
08-15 18:12:29.207 24910 24910 I System.out: SLICING: ZZZ-1ZZZandroid.arch.lifecycle.Lifecycle$EventZZZ<clinit>ZZZ__inst__ZZZ$r1[0] = $r0
08-15 18:12:29.207 24910 24910 I System.out: SLICING: ZZZ-1ZZZandroid.arch.lifecycle.Lifecycle$EventZZZ<clinit>ZZZ__inst__ZZZ$r0 = <android.arch.lifecycle.Lifecycle$Event: android.arch.lifecycle.Lifecycle$Event ON_START>
08-15 18:12:29.207 24910 24910 I System.out: SLICING: ZZZ-1ZZZandroid.arch.lifecycle.Lifecycle$EventZZZ<clinit>ZZZ__inst__ZZZ$r1[1] = $r0
08-15 18:12:29.207 24910 24910 I System.out: SLICING: ZZZ-1ZZZandroid.arch.lifecycle.Lifecycle$EventZZZ<clinit>ZZZ__inst__ZZZ$r0 = <android.arch.lifecycle.Lifecycle$Event: android.arch.lifecycle.Lifecycle$Event ON_RESUME>
08-15 18:12:29.207 24910 24910 I System.out: SLICING: ZZZ-1ZZZandroid.arch.lifecycle.Lifecycle$EventZZZ<clinit>ZZZ__inst__ZZZ$r1[2] = $r0
08-15 18:12:29.207 24910 24910 I System.out: SLICING: ZZZ-1ZZZandroid.arch.lifecycle.Lifecycle$EventZZZ<clinit>ZZZ__inst__ZZZ$r0 = <android.arch.lifecycle.Lifecycle$Event: android.arch.lifecycle.Lifecycle$Event ON_PAUSE>
08-15 18:12:29.207 24910 24910 I System.out: SLICING: ZZZ-1ZZZandroid.arch.lifecycle.Lifecycle$EventZZZ<clinit>ZZZ__inst__ZZZ$r1[3] = $r0
08-15 18:12:29.207 24910 24910 I System.out: SLICING: ZZZ-1ZZZandroid.arch.lifecycle.Lifecycle$EventZZZ<clinit>ZZZ__inst__ZZZ$r0 = <android.arch.lifecycle.Lifecycle$Event: android.arch.lifecycle.Lifecycle$Event ON_STOP>
08-15 18:12:29.207 24910 24910 I System.out: SLICING: ZZZ-1ZZZandroid.arch.lifecycle.Lifecycle$EventZZZ<clinit>ZZZ__inst__ZZZ$r1[4] = $r0
08-15 18:12:29.207 24910 24910 I System.out: SLICING: ZZZ-1ZZZandroid.arch.lifecycle.Lifecycle$EventZZZ<clinit>ZZZ__inst__ZZZ$r0 = <android.arch.lifecycle.Lifecycle$Event: android.arch.lifecycle.Lifecycle$Event ON_DESTROY>
08-15 18:12:29.207 24910 24910 I System.out: SLICING: ZZZ-1ZZZandroid.arch.lifecycle.Lifecycle$EventZZZ<clinit>ZZZ__inst__ZZZ$r1[5] = $r0
08-15 18:12:29.207 24910 24910 I System.out: SLICING: ZZZ-1ZZZandroid.arch.lifecycle.Lifecycle$EventZZZ<clinit>ZZZ__inst__ZZZ$r0 = <android.arch.lifecycle.Lifecycle$Event: android.arch.lifecycle.Lifecycle$Event ON_ANY>
08-15 18:12:29.207 24910 24910 I System.out: SLICING: ZZZ-1ZZZandroid.arch.lifecycle.Lifecycle$EventZZZ<clinit>ZZZ__inst__ZZZ$r1[6] = $r0
08-15 18:12:29.207 24910 24910 I System.out: SLICING: ZZZ-1ZZZandroid.arch.lifecycle.Lifecycle$EventZZZ<clinit>ZZZ__inst__ZZZ<android.arch.lifecycle.Lifecycle$Event: android.arch.lifecycle.Lifecycle$Event[] $VALUES> = $r1
08-15 18:12:29.207 24910 24910 I System.out: CALLBACK_SLC: SLICING: ZZZ-1ZZZandroid.arch.lifecycle.ReportFragmentZZZonActivityCreatedZZZ__inst__ZZZspecialinvoke $r0.<android.arch.lifecycle.ReportFragment: void dispatch(android.arch.lifecycle.Lifecycle$Event)>($r3)
08-15 18:12:29.207 24910 24910 I System.out: SLICING: ZZZ-1ZZZandroid.arch.lifecycle.ReportFragmentZZZdispatchZZZ__inst__ZZZ$r2 = virtualinvoke $r0.<android.arch.lifecycle.ReportFragment: android.app.Activity getActivity()>()
08-15 18:12:29.207 24910 24910 I System.out: SLICING: ZZZ-1ZZZandroid.arch.lifecycle.ReportFragmentZZZdispatchZZZ__inst__ZZZ$z0 = $r2 instanceof android.arch.lifecycle.LifecycleRegistryOwner
08-15 18:12:29.207 24910 24910 I System.out: CAUGHTInstSLICING: ZZZ-1ZZZandroid.arch.lifecycle.ReportFragmentZZZdispatchZZZ__inst__ZZZif $z0 == 0 goto $z0 = $r2 instanceof android.arch.lifecycle.LifecycleOwner
08-15 18:12:29.207 24910 24910 I System.out: SLICING: ZZZ-1ZZZandroid.arch.lifecycle.ReportFragmentZZZdispatchZZZ__inst__ZZZ$z0 = $r2 instanceof android.arch.lifecycle.LifecycleOwner
08-15 18:12:29.207 24910 24910 I System.out: CAUGHTInstSLICING: ZZZ-1ZZZandroid.arch.lifecycle.ReportFragmentZZZdispatchZZZ__inst__ZZZif $z0 == 0 goto return
08-15 18:12:29.208 24910 24910 I System.out: SLICING: ZZZ-1ZZZandroid.arch.lifecycle.ReportFragmentZZZdispatchZZZ__inst__ZZZ$r5 = (android.arch.lifecycle.LifecycleOwner) $r2
08-15 18:12:29.208 24910 24910 I System.out: SLICING: ZZZ-1ZZZandroid.arch.lifecycle.ReportFragmentZZZdispatchZZZ__inst__ZZZ$r6 = interfaceinvoke $r5.<android.arch.lifecycle.LifecycleOwner: android.arch.lifecycle.Lifecycle getLifecycle()>()
08-15 18:12:29.208 24910 24910 I System.out: SLICING: ZZZ-1ZZZandroid.arch.lifecycle.ReportFragmentZZZdispatchZZZ__inst__ZZZ$z0 = $r6 instanceof android.arch.lifecycle.LifecycleRegistry
08-15 18:12:29.208 24910 24910 I System.out: CAUGHTInstSLICING: ZZZ-1ZZZandroid.arch.lifecycle.ReportFragmentZZZdispatchZZZ__inst__ZZZif $z0 == 0 goto return
08-15 18:12:29.208 24910 24910 I System.out: SLICING: ZZZ-1ZZZandroid.arch.lifecycle.ReportFragmentZZZdispatchZZZ__inst__ZZZ$r4 = (android.arch.lifecycle.LifecycleRegistry) $r6
08-15 18:12:29.208 24910 24910 I System.out: SLICING: ZZZ-1ZZZandroid.arch.lifecycle.ReportFragmentZZZdispatchZZZ__inst__ZZZvirtualinvoke $r4.<android.arch.lifecycle.LifecycleRegistry: void handleLifecycleEvent(android.arch.lifecycle.Lifecycle$Event)>($r1)
08-15 18:12:29.208 24910 24910 I System.out: SLICING: ZZZ-1ZZZandroid.arch.lifecycle.LifecycleRegistryZZZhandleLifecycleEventZZZ__inst__ZZZ$r1 = staticinvoke <android.arch.lifecycle.LifecycleRegistry: android.arch.lifecycle.Lifecycle$State getStateAfter(android.arch.lifecycle.Lifecycle$Event)>($r2)
08-15 18:12:29.208 24910 24910 I System.out: SLICING: ZZZ-1ZZZandroid.arch.lifecycle.LifecycleRegistryZZZgetStateAfterZZZ__inst__ZZZ$r1 = <android.arch.lifecycle.LifecycleRegistry$1: int[] $SwitchMap$android$arch$lifecycle$Lifecycle$Event>
08-15 18:12:29.208  1732  1732 D EGL_emulation: eglMakeCurrent: 0xe85a0a80: ver 2 0 (tinfo 0xe859c310)
08-15 18:12:29.208 24910 24910 I System.out: SLICING: ZZZ-1ZZZandroid.arch.lifecycle.LifecycleRegistry$1ZZZ<clinit>ZZZ__inst__ZZZ$r12 = staticinvoke <android.arch.lifecycle.Lifecycle$State: android.arch.lifecycle.Lifecycle$State[] values()>()
08-15 18:12:29.208 24910 24910 I System.out: SLICING: ZZZ-1ZZZandroid.arch.lifecycle.Lifecycle$StateZZZvaluesZZZ__inst__ZZZ$r1 = <android.arch.lifecycle.Lifecycle$State: android.arch.lifecycle.Lifecycle$State[] $VALUES>
08-15 18:12:29.208 24910 24910 I System.out: SLICING: ZZZ-1ZZZandroid.arch.lifecycle.Lifecycle$StateZZZvaluesZZZ__inst__ZZZ$r0 = virtualinvoke $r1.<java.lang.Object: java.lang.Object clone()>()
08-15 18:12:29.208 24910 24910 I System.out: SLICING: ZZZ-1ZZZandroid.arch.lifecycle.Lifecycle$StateZZZvaluesZZZ__inst__ZZZ$r1 = (android.arch.lifecycle.Lifecycle$State[]) $r0
08-15 18:12:29.208 24910 24910 I System.out: SLICING: ZZZ-1ZZZandroid.arch.lifecycle.LifecycleRegistry$1ZZZ<clinit>ZZZ__inst__ZZZ$i0 = lengthof $r12
08-15 18:12:29.208 24910 24910 I System.out: SLICING: ZZZ-1ZZZandroid.arch.lifecycle.LifecycleRegistry$1ZZZ<clinit>ZZZ__inst__ZZZ$r13 = newarray (int)[$i0]
08-15 18:12:29.208 24910 24910 I System.out: SLICING: ZZZ-1ZZZandroid.arch.lifecycle.LifecycleRegistry$1ZZZ<clinit>ZZZ__inst__ZZZ<android.arch.lifecycle.LifecycleRegistry$1: int[] $SwitchMap$android$arch$lifecycle$Lifecycle$State> = $r13
08-15 18:12:29.208 24910 24910 I System.out: SLICING: ZZZ-1ZZZandroid.arch.lifecycle.LifecycleRegistry$1ZZZ<clinit>ZZZ__inst__ZZZ$r13 = <android.arch.lifecycle.LifecycleRegistry$1: int[] $SwitchMap$android$arch$lifecycle$Lifecycle$State>
08-15 18:12:29.208 24910 24910 I System.out: SLICING: ZZZ-1ZZZandroid.arch.lifecycle.LifecycleRegistry$1ZZZ<clinit>ZZZ__inst__ZZZ$r14 = <android.arch.lifecycle.Lifecycle$State: android.arch.lifecycle.Lifecycle$State INITIALIZED>
08-15 18:12:29.208 24910 24910 I System.out: SLICING: ZZZ-1ZZZandroid.arch.lifecycle.LifecycleRegistry$1ZZZ<clinit>ZZZ__inst__ZZZ$i0 = virtualinvoke $r14.<android.arch.lifecycle.Lifecycle$State: int ordinal()>()
08-15 18:12:29.208 24910 24910 I System.out: SLICING: ZZZ-1ZZZandroid.arch.lifecycle.LifecycleRegistry$1ZZZ<clinit>ZZZ__inst__ZZZ$r13[$i0] = 1
08-15 18:12:29.208 24910 24910 I System.out: SLICING: ZZZ-1ZZZandroid.arch.lifecycle.LifecycleRegistry$1ZZZ<clinit>ZZZ__inst__ZZZ$r13 = <android.arch.lifecycle.LifecycleRegistry$1: int[] $SwitchMap$android$arch$lifecycle$Lifecycle$State>
08-15 18:12:29.208 24910 24910 I System.out: SLICING: ZZZ-1ZZZandroid.arch.lifecycle.LifecycleRegistry$1ZZZ<clinit>ZZZ__inst__ZZZ$r14 = <android.arch.lifecycle.Lifecycle$State: android.arch.lifecycle.Lifecycle$State CREATED>
08-15 18:12:29.208 24910 24910 I System.out: SLICING: ZZZ-1ZZZandroid.arch.lifecycle.LifecycleRegistry$1ZZZ<clinit>ZZZ__inst__ZZZ$i0 = virtualinvoke $r14.<android.arch.lifecycle.Lifecycle$State: int ordinal()>()
08-15 18:12:29.208 24910 24910 I System.out: SLICING: ZZZ-1ZZZandroid.arch.lifecycle.LifecycleRegistry$1ZZZ<clinit>ZZZ__inst__ZZZ$r13[$i0] = 2
08-15 18:12:29.208 24910 24910 I System.out: SLICING: ZZZ-1ZZZandroid.arch.lifecycle.LifecycleRegistry$1ZZZ<clinit>ZZZ__inst__ZZZ$r13 = <android.arch.lifecycle.LifecycleRegistry$1: int[] $SwitchMap$android$arch$lifecycle$Lifecycle$State>
08-15 18:12:29.208 24910 24910 I System.out: SLICING: ZZZ-1ZZZandroid.arch.lifecycle.LifecycleRegistry$1ZZZ<clinit>ZZZ__inst__ZZZ$r14 = <android.arch.lifecycle.Lifecycle$State: android.arch.lifecycle.Lifecycle$State STARTED>
08-15 18:12:29.208 24910 24910 I System.out: SLICING: ZZZ-1ZZZandroid.arch.lifecycle.LifecycleRegistry$1ZZZ<clinit>ZZZ__inst__ZZZ$i0 = virtualinvoke $r14.<android.arch.lifecycle.Lifecycle$State: int ordinal()>()
08-15 18:12:29.208 24910 24910 I System.out: SLICING: ZZZ-1ZZZandroid.arch.lifecycle.LifecycleRegistry$1ZZZ<clinit>ZZZ__inst__ZZZ$r13[$i0] = 3
08-15 18:12:29.208 24910 24910 I System.out: SLICING: ZZZ-1ZZZandroid.arch.lifecycle.LifecycleRegistry$1ZZZ<clinit>ZZZ__inst__ZZZ$r13 = <android.arch.lifecycle.LifecycleRegistry$1: int[] $SwitchMap$android$arch$lifecycle$Lifecycle$State>
08-15 18:12:29.208 24910 24910 I System.out: SLICING: ZZZ-1ZZZandroid.arch.lifecycle.LifecycleRegistry$1ZZZ<clinit>ZZZ__inst__ZZZ$r14 = <android.arch.lifecycle.Lifecycle$State: android.arch.lifecycle.Lifecycle$State RESUMED>
08-15 18:12:29.208 24910 24910 I System.out: SLICING: ZZZ-1ZZZandroid.arch.lifecycle.LifecycleRegistry$1ZZZ<clinit>ZZZ__inst__ZZZ$i0 = virtualinvoke $r14.<android.arch.lifecycle.Lifecycle$State: int ordinal()>()
08-15 18:12:29.208 24910 24910 I System.out: SLICING: ZZZ-1ZZZandroid.arch.lifecycle.LifecycleRegistry$1ZZZ<clinit>ZZZ__inst__ZZZ$r13[$i0] = 4
08-15 18:12:29.208 24910 24910 I System.out: SLICING: ZZZ-1ZZZandroid.arch.lifecycle.LifecycleRegistry$1ZZZ<clinit>ZZZ__inst__ZZZ$r13 = <android.arch.lifecycle.LifecycleRegistry$1: int[] $SwitchMap$android$arch$lifecycle$Lifecycle$State>
08-15 18:12:29.208 24910 24910 I System.out: SLICING: ZZZ-1ZZZandroid.arch.lifecycle.LifecycleRegistry$1ZZZ<clinit>ZZZ__inst__ZZZ$r14 = <android.arch.lifecycle.Lifecycle$State: android.arch.lifecycle.Lifecycle$State DESTROYED>
08-15 18:12:29.208 24910 24910 I System.out: SLICING: ZZZ-1ZZZandroid.arch.lifecycle.LifecycleRegistry$1ZZZ<clinit>ZZZ__inst__ZZZ$i0 = virtualinvoke $r14.<android.arch.lifecycle.Lifecycle$State: int ordinal()>()
08-15 18:12:29.208 24910 24910 I System.out: SLICING: ZZZ-1ZZZandroid.arch.lifecycle.LifecycleRegistry$1ZZZ<clinit>ZZZ__inst__ZZZ$r13[$i0] = 5
08-15 18:12:29.208 24910 24910 I System.out: SLICING: ZZZ-1ZZZandroid.arch.lifecycle.LifecycleRegistry$1ZZZ<clinit>ZZZ__inst__ZZZ$r15 = staticinvoke <android.arch.lifecycle.Lifecycle$Event: android.arch.lifecycle.Lifecycle$Event[] values()>()
08-15 18:12:29.208 24910 24910 I System.out: SLICING: ZZZ-1ZZZandroid.arch.lifecycle.Lifecycle$EventZZZvaluesZZZ__inst__ZZZ$r1 = <android.arch.lifecycle.Lifecycle$Event: android.arch.lifecycle.Lifecycle$Event[] $VALUES>
08-15 18:12:29.208 24910 24910 I System.out: SLICING: ZZZ-1ZZZandroid.arch.lifecycle.Lifecycle$EventZZZvaluesZZZ__inst__ZZZ$r0 = virtualinvoke $r1.<java.lang.Object: java.lang.Object clone()>()
08-15 18:12:29.208 24910 24910 I System.out: SLICING: ZZZ-1ZZZandroid.arch.lifecycle.Lifecycle$EventZZZvaluesZZZ__inst__ZZZ$r1 = (android.arch.lifecycle.Lifecycle$Event[]) $r0
08-15 18:12:29.208 24910 24910 I System.out: SLICING: ZZZ-1ZZZandroid.arch.lifecycle.LifecycleRegistry$1ZZZ<clinit>ZZZ__inst__ZZZ$i0 = lengthof $r15
08-15 18:12:29.208 24910 24910 I System.out: SLICING: ZZZ-1ZZZandroid.arch.lifecycle.LifecycleRegistry$1ZZZ<clinit>ZZZ__inst__ZZZ$r13 = newarray (int)[$i0]
08-15 18:12:29.208 24910 24910 I System.out: SLICING: ZZZ-1ZZZandroid.arch.lifecycle.LifecycleRegistry$1ZZZ<clinit>ZZZ__inst__ZZZ<android.arch.lifecycle.LifecycleRegistry$1: int[] $SwitchMap$android$arch$lifecycle$Lifecycle$Event> = $r13
08-15 18:12:29.208 24910 24910 I System.out: SLICING: ZZZ-1ZZZandroid.arch.lifecycle.LifecycleRegistry$1ZZZ<clinit>ZZZ__inst__ZZZ$r13 = <android.arch.lifecycle.LifecycleRegistry$1: int[] $SwitchMap$android$arch$lifecycle$Lifecycle$Event>
08-15 18:12:29.208 24910 24910 I System.out: SLICING: ZZZ-1ZZZandroid.arch.lifecycle.LifecycleRegistry$1ZZZ<clinit>ZZZ__inst__ZZZ$r16 = <android.arch.lifecycle.Lifecycle$Event: android.arch.lifecycle.Lifecycle$Event ON_CREATE>
08-15 18:12:29.208 24910 24910 I System.out: SLICING: ZZZ-1ZZZandroid.arch.lifecycle.LifecycleRegistry$1ZZZ<clinit>ZZZ__inst__ZZZ$i0 = virtualinvoke $r16.<android.arch.lifecycle.Lifecycle$Event: int ordinal()>()
08-15 18:12:29.208 24910 24910 I System.out: SLICING: ZZZ-1ZZZandroid.arch.lifecycle.LifecycleRegistry$1ZZZ<clinit>ZZZ__inst__ZZZ$r13[$i0] = 1
08-15 18:12:29.208 24910 24910 I System.out: SLICING: ZZZ-1ZZZandroid.arch.lifecycle.LifecycleRegistry$1ZZZ<clinit>ZZZ__inst__ZZZ$r13 = <android.arch.lifecycle.LifecycleRegistry$1: int[] $SwitchMap$android$arch$lifecycle$Lifecycle$Event>
08-15 18:12:29.208 24910 24910 I System.out: SLICING: ZZZ-1ZZZandroid.arch.lifecycle.LifecycleRegistry$1ZZZ<clinit>ZZZ__inst__ZZZ$r16 = <android.arch.lifecycle.Lifecycle$Event: android.arch.lifecycle.Lifecycle$Event ON_STOP>
08-15 18:12:29.208 24910 24910 I System.out: SLICING: ZZZ-1ZZZandroid.arch.lifecycle.LifecycleRegistry$1ZZZ<clinit>ZZZ__inst__ZZZ$i0 = virtualinvoke $r16.<android.arch.lifecycle.Lifecycle$Event: int ordinal()>()
08-15 18:12:29.208 24910 24910 I System.out: SLICING: ZZZ-1ZZZandroid.arch.lifecycle.LifecycleRegistry$1ZZZ<clinit>ZZZ__inst__ZZZ$r13[$i0] = 2
08-15 18:12:29.209 24910 24910 I System.out: SLICING: ZZZ-1ZZZandroid.arch.lifecycle.LifecycleRegistry$1ZZZ<clinit>ZZZ__inst__ZZZ$r13 = <android.arch.lifecycle.LifecycleRegistry$1: int[] $SwitchMap$android$arch$lifecycle$Lifecycle$Event>
08-15 18:12:29.209 24910 24910 I System.out: SLICING: ZZZ-1ZZZandroid.arch.lifecycle.LifecycleRegistry$1ZZZ<clinit>ZZZ__inst__ZZZ$r16 = <android.arch.lifecycle.Lifecycle$Event: android.arch.lifecycle.Lifecycle$Event ON_START>
08-15 18:12:29.209 24910 24910 I System.out: SLICING: ZZZ-1ZZZandroid.arch.lifecycle.LifecycleRegistry$1ZZZ<clinit>ZZZ__inst__ZZZ$i0 = virtualinvoke $r16.<android.arch.lifecycle.Lifecycle$Event: int ordinal()>()
08-15 18:12:29.209 24910 24910 I System.out: SLICING: ZZZ-1ZZZandroid.arch.lifecycle.LifecycleRegistry$1ZZZ<clinit>ZZZ__inst__ZZZ$r13[$i0] = 3
08-15 18:12:29.209 24910 24910 I System.out: SLICING: ZZZ-1ZZZandroid.arch.lifecycle.LifecycleRegistry$1ZZZ<clinit>ZZZ__inst__ZZZ$r13 = <android.arch.lifecycle.LifecycleRegistry$1: int[] $SwitchMap$android$arch$lifecycle$Lifecycle$Event>
08-15 18:12:29.209 24910 24910 I System.out: SLICING: ZZZ-1ZZZandroid.arch.lifecycle.LifecycleRegistry$1ZZZ<clinit>ZZZ__inst__ZZZ$r16 = <android.arch.lifecycle.Lifecycle$Event: android.arch.lifecycle.Lifecycle$Event ON_PAUSE>
08-15 18:12:29.209 24910 24910 I System.out: SLICING: ZZZ-1ZZZandroid.arch.lifecycle.LifecycleRegistry$1ZZZ<clinit>ZZZ__inst__ZZZ$i0 = virtualinvoke $r16.<android.arch.lifecycle.Lifecycle$Event: int ordinal()>()
08-15 18:12:29.209 24910 24910 I System.out: SLICING: ZZZ-1ZZZandroid.arch.lifecycle.LifecycleRegistry$1ZZZ<clinit>ZZZ__inst__ZZZ$r13[$i0] = 4
08-15 18:12:29.209 24910 24910 I System.out: SLICING: ZZZ-1ZZZandroid.arch.lifecycle.LifecycleRegistry$1ZZZ<clinit>ZZZ__inst__ZZZ$r13 = <android.arch.lifecycle.LifecycleRegistry$1: int[] $SwitchMap$android$arch$lifecycle$Lifecycle$Event>
08-15 18:12:29.209 24910 24910 I System.out: SLICING: ZZZ-1ZZZandroid.arch.lifecycle.LifecycleRegistry$1ZZZ<clinit>ZZZ__inst__ZZZ$r16 = <android.arch.lifecycle.Lifecycle$Event: android.arch.lifecycle.Lifecycle$Event ON_RESUME>
08-15 18:12:29.209 24910 24910 I System.out: SLICING: ZZZ-1ZZZandroid.arch.lifecycle.LifecycleRegistry$1ZZZ<clinit>ZZZ__inst__ZZZ$i0 = virtualinvoke $r16.<android.arch.lifecycle.Lifecycle$Event: int ordinal()>()
08-15 18:12:29.209 24910 24910 I System.out: SLICING: ZZZ-1ZZZandroid.arch.lifecycle.LifecycleRegistry$1ZZZ<clinit>ZZZ__inst__ZZZ$r13[$i0] = 5
08-15 18:12:29.209 24910 24910 I System.out: SLICING: ZZZ-1ZZZandroid.arch.lifecycle.LifecycleRegistry$1ZZZ<clinit>ZZZ__inst__ZZZ$r13 = <android.arch.lifecycle.LifecycleRegistry$1: int[] $SwitchMap$android$arch$lifecycle$Lifecycle$Event>
08-15 18:12:29.209 24910 24910 I System.out: SLICING: ZZZ-1ZZZandroid.arch.lifecycle.LifecycleRegistry$1ZZZ<clinit>ZZZ__inst__ZZZ$r16 = <android.arch.lifecycle.Lifecycle$Event: android.arch.lifecycle.Lifecycle$Event ON_DESTROY>
08-15 18:12:29.209 24910 24910 I System.out: SLICING: ZZZ-1ZZZandroid.arch.lifecycle.LifecycleRegistry$1ZZZ<clinit>ZZZ__inst__ZZZ$i0 = virtualinvoke $r16.<android.arch.lifecycle.Lifecycle$Event: int ordinal()>()
08-15 18:12:29.209 24910 24910 I System.out: SLICING: ZZZ-1ZZZandroid.arch.lifecycle.LifecycleRegistry$1ZZZ<clinit>ZZZ__inst__ZZZ$r13[$i0] = 6
08-15 18:12:29.209 24910 24910 I System.out: SLICING: ZZZ-1ZZZandroid.arch.lifecycle.LifecycleRegistry$1ZZZ<clinit>ZZZ__inst__ZZZ$r13 = <android.arch.lifecycle.LifecycleRegistry$1: int[] $SwitchMap$android$arch$lifecycle$Lifecycle$Event>
08-15 18:12:29.209 24910 24910 I System.out: SLICING: ZZZ-1ZZZandroid.arch.lifecycle.LifecycleRegistry$1ZZZ<clinit>ZZZ__inst__ZZZ$r16 = <android.arch.lifecycle.Lifecycle$Event: android.arch.lifecycle.Lifecycle$Event ON_ANY>
08-15 18:12:29.209 24910 24910 I System.out: SLICING: ZZZ-1ZZZandroid.arch.lifecycle.LifecycleRegistry$1ZZZ<clinit>ZZZ__inst__ZZZ$i0 = virtualinvoke $r16.<android.arch.lifecycle.Lifecycle$Event: int ordinal()>()
08-15 18:12:29.209 24910 24910 I System.out: SLICING: ZZZ-1ZZZandroid.arch.lifecycle.LifecycleRegistry$1ZZZ<clinit>ZZZ__inst__ZZZ$r13[$i0] = 7
08-15 18:12:29.209 24910 24910 I System.out: SLICING: ZZZ-1ZZZandroid.arch.lifecycle.LifecycleRegistryZZZgetStateAfterZZZ__inst__ZZZ$i0 = virtualinvoke $r0.<android.arch.lifecycle.Lifecycle$Event: int ordinal()>()
08-15 18:12:29.209 24910 24910 I System.out: SLICING: ZZZ-1ZZZandroid.arch.lifecycle.LifecycleRegistryZZZgetStateAfterZZZ__inst__ZZZ$i0 = $r1[$i0]
08-15 18:12:29.209 24910 24910 I System.out: CAUGHTInstSLICING: ZZZ-1ZZZandroid.arch.lifecycle.LifecycleRegistryZZZgetStateAfterZZZ__inst__ZZZlookupswitch($i0) {     case 1: goto r5 = <android.arch.lifecycle.Lifecycle$State: android.arch.lifecycle.Lifecycle$State CREATED>;     case 2: goto r5 = <android.arch.lifecycle.Lifecycle$State: android.arch.lifecycle.Lifecycle$State CREATED>;     case 3: goto r5 = <android.arch.lifecycle.Lifecycle$State: android.arch.lifecycle.Lifecycle$State STARTED>;     case 4: goto r5 = <android.arch.lifecycle.Lifecycle$State: android.arch.lifecycle.Lifecycle$State STARTED>;     case 5: goto r5 = <android.arch.lifecycle.Lifecycle$State: android.arch.lifecycle.Lifecycle$State RESUMED>;     case 6: goto r5 = <android.arch.lifecycle.Lifecycle$State: android.arch.lifecycle.Lifecycle$State DESTROYED>;     default: goto $r2 = new java.lang.IllegalArgumentException; }
08-15 18:12:29.209 24910 24910 I System.out: SLICING: ZZZ-1ZZZandroid.arch.lifecycle.LifecycleRegistryZZZgetStateAfterZZZ__inst__ZZZr5 = <android.arch.lifecycle.Lifecycle$State: android.arch.lifecycle.Lifecycle$State CREATED>
08-15 18:12:29.209 24910 24910 I System.out: SLICING: ZZZ-1ZZZandroid.arch.lifecycle.LifecycleRegistryZZZhandleLifecycleEventZZZ__inst__ZZZspecialinvoke $r0.<android.arch.lifecycle.LifecycleRegistry: void moveToState(android.arch.lifecycle.Lifecycle$State)>($r1)
08-15 18:12:29.209 24910 24910 I System.out: SLICING: ZZZ-1ZZZandroid.arch.lifecycle.LifecycleRegistryZZZmoveToStateZZZ__inst__ZZZ$r2 = $r0.<android.arch.lifecycle.LifecycleRegistry: android.arch.lifecycle.Lifecycle$State mState>
08-15 18:12:29.209 24910 24910 I System.out: CAUGHTInstSLICING: ZZZ-1ZZZandroid.arch.lifecycle.LifecycleRegistryZZZmoveToStateZZZ__inst__ZZZif $r2 != $r1 goto $r0.<android.arch.lifecycle.LifecycleRegistry: android.arch.lifecycle.Lifecycle$State mState> = $r1
08-15 18:12:29.209 24910 24910 I System.out: SLICING: ZZZ-1ZZZandroid.arch.lifecycle.LifecycleRegistryZZZmoveToStateZZZ__inst__ZZZ$r0.<android.arch.lifecycle.LifecycleRegistry: android.arch.lifecycle.Lifecycle$State mState> = $r1
08-15 18:12:29.209 24910 24910 I System.out: SLICING: ZZZ-1ZZZandroid.arch.lifecycle.LifecycleRegistryZZZmoveToStateZZZ__inst__ZZZ$z0 = $r0.<android.arch.lifecycle.LifecycleRegistry: boolean mHandlingEvent>
08-15 18:12:29.209 24910 24910 I System.out: CAUGHTInstSLICING: ZZZ-1ZZZandroid.arch.lifecycle.LifecycleRegistryZZZmoveToStateZZZ__inst__ZZZif $z0 != 0 goto $r0.<android.arch.lifecycle.LifecycleRegistry: boolean mNewEventOccurred> = 1
08-15 18:12:29.209 24910 24910 I System.out: SLICING: ZZZ-1ZZZandroid.arch.lifecycle.LifecycleRegistryZZZmoveToStateZZZ__inst__ZZZ$i0 = $r0.<android.arch.lifecycle.LifecycleRegistry: int mAddingObserverCounter>
08-15 18:12:29.209 24910 24910 I System.out: CAUGHTInstSLICING: ZZZ-1ZZZandroid.arch.lifecycle.LifecycleRegistryZZZmoveToStateZZZ__inst__ZZZif $i0 == 0 goto $r0.<android.arch.lifecycle.LifecycleRegistry: boolean mHandlingEvent> = 1
08-15 18:12:29.209 24910 24910 I System.out: SLICING: ZZZ-1ZZZandroid.arch.lifecycle.LifecycleRegistryZZZmoveToStateZZZ__inst__ZZZ$r0.<android.arch.lifecycle.LifecycleRegistry: boolean mHandlingEvent> = 1
08-15 18:12:29.209 24910 24910 I System.out: SLICING: ZZZ-1ZZZandroid.arch.lifecycle.LifecycleRegistryZZZmoveToStateZZZ__inst__ZZZspecialinvoke $r0.<android.arch.lifecycle.LifecycleRegistry: void sync()>()
08-15 18:12:29.209 24910 24910 I System.out: SLICING: ZZZ-1ZZZandroid.arch.lifecycle.LifecycleRegistryZZZsyncZZZ__inst__ZZZ$r1 = $r0.<android.arch.lifecycle.LifecycleRegistry: java.lang.ref.WeakReference mLifecycleOwner>
08-15 18:12:29.209 24910 24910 I System.out: SLICING: ZZZ-1ZZZandroid.arch.lifecycle.LifecycleRegistryZZZsyncZZZ__inst__ZZZ$r2 = virtualinvoke $r1.<java.lang.ref.WeakReference: java.lang.Object get()>()
08-15 18:12:29.209 24910 24910 I System.out: SLICING: ZZZ-1ZZZandroid.arch.lifecycle.LifecycleRegistryZZZsyncZZZ__inst__ZZZ$r3 = (android.arch.lifecycle.LifecycleOwner) $r2
08-15 18:12:29.209 24910 24910 I System.out: CAUGHTInstSLICING: ZZZ-1ZZZandroid.arch.lifecycle.LifecycleRegistryZZZsyncZZZ__inst__ZZZif $r3 != null goto $z0 = specialinvoke $r0.<android.arch.lifecycle.LifecycleRegistry: boolean isSynced()>()
08-15 18:12:29.209 24910 24910 I System.out: SLICING: ZZZ-1ZZZandroid.arch.lifecycle.LifecycleRegistryZZZsyncZZZ__inst__ZZZ$z0 = specialinvoke $r0.<android.arch.lifecycle.LifecycleRegistry: boolean isSynced()>()
08-15 18:12:29.209 24910 24910 I System.out: SLICING: ZZZ-1ZZZandroid.arch.lifecycle.LifecycleRegistryZZZisSyncedZZZ__inst__ZZZ$r1 = $r0.<android.arch.lifecycle.LifecycleRegistry: android.arch.core.internal.FastSafeIterableMap mObserverMap>
08-15 18:12:29.209 24910 24910 I System.out: SLICING: ZZZ-1ZZZandroid.arch.lifecycle.LifecycleRegistryZZZisSyncedZZZ__inst__ZZZ$i0 = virtualinvoke $r1.<android.arch.core.internal.FastSafeIterableMap: int size()>()
08-15 18:12:29.209 24910 24910 I System.out: SLICING: ZZZ-1ZZZandroid.arch.core.internal.SafeIterableMapZZZsizeZZZ__inst__ZZZi0 = $r0.<android.arch.core.internal.SafeIterableMap: int mSize>
08-15 18:12:29.209 24910 24910 I System.out: CAUGHTInstSLICING: ZZZ-1ZZZandroid.arch.lifecycle.LifecycleRegistryZZZisSyncedZZZ__inst__ZZZif $i0 != 0 goto $r1 = $r0.<android.arch.lifecycle.LifecycleRegistry: android.arch.core.internal.FastSafeIterableMap mObserverMap>
08-15 18:12:29.209 24910 24910 I System.out: CAUGHTInstSLICING: ZZZ-1ZZZandroid.arch.lifecycle.LifecycleRegistryZZZsyncZZZ__inst__ZZZif $z0 != 0 goto $r0.<android.arch.lifecycle.LifecycleRegistry: boolean mNewEventOccurred> = 0
08-15 18:12:29.209 24910 24910 I System.out: SLICING: ZZZ-1ZZZandroid.arch.lifecycle.LifecycleRegistryZZZsyncZZZ__inst__ZZZ$r0.<android.arch.lifecycle.LifecycleRegistry: boolean mNewEventOccurred> = 0
08-15 18:12:29.209 24910 24910 I System.out: SLICING: ZZZ-1ZZZandroid.arch.lifecycle.LifecycleRegistryZZZmoveToStateZZZ__inst__ZZZ$r0.<android.arch.lifecycle.LifecycleRegistry: boolean mHandlingEvent> = 0
08-15 18:12:29.212 24910 24910 D FacebookSDK.com.facebook.appevents.internal.ActivityLifecycleTracker: onActivityStarted
08-15 18:12:29.213 24910 24910 I TwilightManager: Could not get last known location. This is probably because the app does not have any location permissions. Falling back to hardcoded sunrise/sunset values.
08-15 18:12:29.217  1732  1732 D EGL_emulation: eglMakeCurrent: 0xe85a0a80: ver 2 0 (tinfo 0xe859c310)
08-15 18:12:29.217 24910 24910 I System.out: CALLBACK_SLC: SLICING: ZZZ-1ZZZandroid.arch.lifecycle.ReportFragmentZZZonStartZZZ__inst__ZZZspecialinvoke $r0.<android.app.Fragment: void onStart()>()
08-15 18:12:29.217 24910 24910 I System.out: CALLBACK_SLC: SLICING: ZZZ-1ZZZandroid.arch.lifecycle.ReportFragmentZZZonStartZZZ__inst__ZZZ$r1 = $r0.<android.arch.lifecycle.ReportFragment: android.arch.lifecycle.ReportFragment$ActivityInitializationListener mProcessListener>
08-15 18:12:29.217 24910 24910 I System.out: CALLBACK_SLC: SLICING: ZZZ-1ZZZandroid.arch.lifecycle.ReportFragmentZZZonStartZZZ__inst__ZZZspecialinvoke $r0.<android.arch.lifecycle.ReportFragment: void dispatchStart(android.arch.lifecycle.ReportFragment$ActivityInitializationListener)>($r1)
08-15 18:12:29.217 24910 24910 I System.out: CAUGHTInstSLICING: ZZZ-1ZZZandroid.arch.lifecycle.ReportFragmentZZZdispatchStartZZZ__inst__ZZZif $r1 == null goto return
08-15 18:12:29.217 24910 24910 I System.out: CALLBACK_SLC: SLICING: ZZZ-1ZZZandroid.arch.lifecycle.ReportFragmentZZZonStartZZZ__inst__ZZZ$r2 = <android.arch.lifecycle.Lifecycle$Event: android.arch.lifecycle.Lifecycle$Event ON_START>
08-15 18:12:29.217 24910 24910 I System.out: CALLBACK_SLC: SLICING: ZZZ-1ZZZandroid.arch.lifecycle.ReportFragmentZZZonStartZZZ__inst__ZZZspecialinvoke $r0.<android.arch.lifecycle.ReportFragment: void dispatch(android.arch.lifecycle.Lifecycle$Event)>($r2)
08-15 18:12:29.217 24910 24910 I System.out: SLICING: ZZZ-1ZZZandroid.arch.lifecycle.ReportFragmentZZZdispatchZZZ__inst__ZZZ$r2 = virtualinvoke $r0.<android.arch.lifecycle.ReportFragment: android.app.Activity getActivity()>()
08-15 18:12:29.217 24910 24910 I System.out: SLICING: ZZZ-1ZZZandroid.arch.lifecycle.ReportFragmentZZZdispatchZZZ__inst__ZZZ$z0 = $r2 instanceof android.arch.lifecycle.LifecycleRegistryOwner
08-15 18:12:29.217 24910 24910 I System.out: CAUGHTInstSLICING: ZZZ-1ZZZandroid.arch.lifecycle.ReportFragmentZZZdispatchZZZ__inst__ZZZif $z0 == 0 goto $z0 = $r2 instanceof android.arch.lifecycle.LifecycleOwner
08-15 18:12:29.217 24910 24910 I System.out: SLICING: ZZZ-1ZZZandroid.arch.lifecycle.ReportFragmentZZZdispatchZZZ__inst__ZZZ$z0 = $r2 instanceof android.arch.lifecycle.LifecycleOwner
08-15 18:12:29.217 24910 24910 I System.out: CAUGHTInstSLICING: ZZZ-1ZZZandroid.arch.lifecycle.ReportFragmentZZZdispatchZZZ__inst__ZZZif $z0 == 0 goto return
08-15 18:12:29.217 24910 24910 I System.out: SLICING: ZZZ-1ZZZandroid.arch.lifecycle.ReportFragmentZZZdispatchZZZ__inst__ZZZ$r5 = (android.arch.lifecycle.LifecycleOwner) $r2
08-15 18:12:29.217 24910 24910 I System.out: SLICING: ZZZ-1ZZZandroid.arch.lifecycle.ReportFragmentZZZdispatchZZZ__inst__ZZZ$r6 = interfaceinvoke $r5.<android.arch.lifecycle.LifecycleOwner: android.arch.lifecycle.Lifecycle getLifecycle()>()
08-15 18:12:29.217 24910 24910 I System.out: SLICING: ZZZ-1ZZZandroid.arch.lifecycle.ReportFragmentZZZdispatchZZZ__inst__ZZZ$z0 = $r6 instanceof android.arch.lifecycle.LifecycleRegistry
08-15 18:12:29.218 24910 24910 I System.out: CAUGHTInstSLICING: ZZZ-1ZZZandroid.arch.lifecycle.ReportFragmentZZZdispatchZZZ__inst__ZZZif $z0 == 0 goto return
08-15 18:12:29.218 24910 24910 I System.out: SLICING: ZZZ-1ZZZandroid.arch.lifecycle.ReportFragmentZZZdispatchZZZ__inst__ZZZ$r4 = (android.arch.lifecycle.LifecycleRegistry) $r6
08-15 18:12:29.218 24910 24910 I System.out: SLICING: ZZZ-1ZZZandroid.arch.lifecycle.ReportFragmentZZZdispatchZZZ__inst__ZZZvirtualinvoke $r4.<android.arch.lifecycle.LifecycleRegistry: void handleLifecycleEvent(android.arch.lifecycle.Lifecycle$Event)>($r1)
08-15 18:12:29.218 24910 24910 I System.out: SLICING: ZZZ-1ZZZandroid.arch.lifecycle.LifecycleRegistryZZZhandleLifecycleEventZZZ__inst__ZZZ$r1 = staticinvoke <android.arch.lifecycle.LifecycleRegistry: android.arch.lifecycle.Lifecycle$State getStateAfter(android.arch.lifecycle.Lifecycle$Event)>($r2)
08-15 18:12:29.218 24910 24910 I System.out: SLICING: ZZZ-1ZZZandroid.arch.lifecycle.LifecycleRegistryZZZgetStateAfterZZZ__inst__ZZZ$r1 = <android.arch.lifecycle.LifecycleRegistry$1: int[] $SwitchMap$android$arch$lifecycle$Lifecycle$Event>
08-15 18:12:29.218 24910 24910 I System.out: SLICING: ZZZ-1ZZZandroid.arch.lifecycle.LifecycleRegistryZZZgetStateAfterZZZ__inst__ZZZ$i0 = virtualinvoke $r0.<android.arch.lifecycle.Lifecycle$Event: int ordinal()>()
